[2.049s] Invoking command in '/home/jazzy/Desktop/dynominion_rmf/teleop_robot': DEBUGINFOD_URLS=https://debuginfod.ubuntu.com PYTHONPATH=/home/jazzy/Desktop/dynominion_rmf/build/teleop_robot/prefix_override:/usr/lib/python3/dist-packages/colcon_core/task/python/colcon_distutils_commands:/home/jazzy/Desktop/dynominion_rmf/install/teleop_robot/lib/python3.12/site-packages:${PYTHONPATH} /usr/bin/python3 -W ignore:setup.py install is deprecated -W ignore:easy_install command is deprecated setup.py egg_info --egg-base ../build/teleop_robot build --build-base /home/jazzy/Desktop/dynominion_rmf/build/teleop_robot/build install --record /home/jazzy/Desktop/dynominion_rmf/build/teleop_robot/install.log --single-version-externally-managed install_data
[2.584s] running egg_info
[2.585s] creating ../build/teleop_robot/teleop_robot.egg-info
[2.630s] writing ../build/teleop_robot/teleop_robot.egg-info/PKG-INFO
[2.630s] writing dependency_links to ../build/teleop_robot/teleop_robot.egg-info/dependency_links.txt
[2.631s] writing entry points to ../build/teleop_robot/teleop_robot.egg-info/entry_points.txt
[2.631s] writing requirements to ../build/teleop_robot/teleop_robot.egg-info/requires.txt
[2.631s] writing top-level names to ../build/teleop_robot/teleop_robot.egg-info/top_level.txt
[2.631s] writing manifest file '../build/teleop_robot/teleop_robot.egg-info/SOURCES.txt'
[2.723s] reading manifest file '../build/teleop_robot/teleop_robot.egg-info/SOURCES.txt'
[2.725s] writing manifest file '../build/teleop_robot/teleop_robot.egg-info/SOURCES.txt'
[2.725s] running build
[2.725s] running build_py
[2.725s] creating /home/jazzy/Desktop/dynominion_rmf/build/teleop_robot/build
[2.725s] creating /home/jazzy/Desktop/dynominion_rmf/build/teleop_robot/build/lib
[2.725s] creating /home/jazzy/Desktop/dynominion_rmf/build/teleop_robot/build/lib/teleop_robot
[2.726s] copying teleop_robot/teleop_key.py -> /home/jazzy/Desktop/dynominion_rmf/build/teleop_robot/build/lib/teleop_robot
[2.726s] copying teleop_robot/__init__.py -> /home/jazzy/Desktop/dynominion_rmf/build/teleop_robot/build/lib/teleop_robot
[2.726s] running install
[2.736s] running install_lib
[2.783s] creating /home/jazzy/Desktop/dynominion_rmf/install/teleop_robot/lib/python3.12/site-packages/teleop_robot
[2.783s] copying /home/jazzy/Desktop/dynominion_rmf/build/teleop_robot/build/lib/teleop_robot/teleop_key.py -> /home/jazzy/Desktop/dynominion_rmf/install/teleop_robot/lib/python3.12/site-packages/teleop_robot
[2.783s] copying /home/jazzy/Desktop/dynominion_rmf/build/teleop_robot/build/lib/teleop_robot/__init__.py -> /home/jazzy/Desktop/dynominion_rmf/install/teleop_robot/lib/python3.12/site-packages/teleop_robot
[2.784s] byte-compiling /home/jazzy/Desktop/dynominion_rmf/install/teleop_robot/lib/python3.12/site-packages/teleop_robot/teleop_key.py to teleop_key.cpython-312.pyc
[2.787s] byte-compiling /home/jazzy/Desktop/dynominion_rmf/install/teleop_robot/lib/python3.12/site-packages/teleop_robot/__init__.py to __init__.cpython-312.pyc
[2.787s] running install_data
[2.788s] creating /home/jazzy/Desktop/dynominion_rmf/install/teleop_robot/share/ament_index
[2.788s] creating /home/jazzy/Desktop/dynominion_rmf/install/teleop_robot/share/ament_index/resource_index
[2.788s] creating /home/jazzy/Desktop/dynominion_rmf/install/teleop_robot/share/ament_index/resource_index/packages
[2.788s] copying resource/teleop_robot -> /home/jazzy/Desktop/dynominion_rmf/install/teleop_robot/share/ament_index/resource_index/packages
[2.788s] copying package.xml -> /home/jazzy/Desktop/dynominion_rmf/install/teleop_robot/share/teleop_robot
[2.788s] running install_egg_info
[2.836s] Copying ../build/teleop_robot/teleop_robot.egg-info to /home/jazzy/Desktop/dynominion_rmf/install/teleop_robot/lib/python3.12/site-packages/teleop_robot-0.0.0-py3.12.egg-info
[2.838s] running install_scripts
[3.127s] Installing teleop_key script to /home/jazzy/Desktop/dynominion_rmf/install/teleop_robot/lib/teleop_robot
[3.128s] writing list of installed files to '/home/jazzy/Desktop/dynominion_rmf/build/teleop_robot/install.log'
[3.165s] Invoked command in '/home/jazzy/Desktop/dynominion_rmf/teleop_robot' returned '0': DEBUGINFOD_URLS=https://debuginfod.ubuntu.com PYTHONPATH=/home/jazzy/Desktop/dynominion_rmf/build/teleop_robot/prefix_override:/usr/lib/python3/dist-packages/colcon_core/task/python/colcon_distutils_commands:/home/jazzy/Desktop/dynominion_rmf/install/teleop_robot/lib/python3.12/site-packages:${PYTHONPATH} /usr/bin/python3 -W ignore:setup.py install is deprecated -W ignore:easy_install command is deprecated setup.py egg_info --egg-base ../build/teleop_robot build --build-base /home/jazzy/Desktop/dynominion_rmf/build/teleop_robot/build install --record /home/jazzy/Desktop/dynominion_rmf/build/teleop_robot/install.log --single-version-externally-managed install_data
