[0.180s] DEBUG:colcon:Command line arguments: ['/usr/bin/colcon', 'build']
[0.180s] DEBUG:colcon:Parsed command line arguments: Namespace(log_base=None, log_level=None, verb_name='build', build_base='build', install_base='install', merge_install=False, symlink_install=False, test_result_base=None, continue_on_error=False, executor='parallel', parallel_workers=16, event_handlers=None, ignore_user_meta=False, metas=['./colcon.meta'], base_paths=['.'], packages_ignore=None, packages_ignore_regex=None, paths=None, packages_up_to=None, packages_up_to_regex=None, packages_above=None, packages_above_and_dependencies=None, packages_above_depth=None, packages_select_by_dep=None, packages_skip_by_dep=None, packages_skip_up_to=None, packages_select_build_failed=False, packages_skip_build_finished=False, packages_select_test_failures=False, packages_skip_test_passed=False, packages_select=None, packages_skip=None, packages_select_regex=None, packages_skip_regex=None, packages_start=None, packages_end=None, allow_overriding=[], cmake_args=None, cmake_target=None, cmake_target_skip_unavailable=False, cmake_clean_cache=False, cmake_clean_first=False, cmake_force_configure=False, ament_cmake_args=None, catkin_cmake_args=None, catkin_skip_building_tests=False, mixin_files=None, mixin=None, verb_parser=<colcon_mixin.mixin.mixin_argument.MixinArgumentDecorator object at 0x7cae68aa3e00>, verb_extension=<colcon_core.verb.build.BuildVerb object at 0x7cae68aa3b00>, main=<bound method BuildVerb.main of <colcon_core.verb.build.BuildVerb object at 0x7cae68aa3b00>>, mixin_verb=('build',))
[0.242s] Level 1:colcon.colcon_core.package_discovery:discover_packages(colcon_meta) check parameters
[0.242s] Level 1:colcon.colcon_core.package_discovery:discover_packages(recursive) check parameters
[0.243s] Level 1:colcon.colcon_core.package_discovery:discover_packages(ignore) check parameters
[0.243s] Level 1:colcon.colcon_core.package_discovery:discover_packages(path) check parameters
[0.243s] Level 1:colcon.colcon_core.package_discovery:discover_packages(colcon_meta) discover
[0.244s] Level 1:colcon.colcon_core.package_discovery:discover_packages(recursive) discover
[0.244s] INFO:colcon.colcon_core.package_discovery:Crawling recursively for packages in '/home/jazzy/Desktop/dynominion_rmf'
[0.244s] Level 1:colcon.colcon_core.package_identification:_identify(.) by extensions ['ignore', 'ignore_ament_install']
[0.244s] Level 1:colcon.colcon_core.package_identification:_identify(.) by extension 'ignore'
[0.244s] Level 1:colcon.colcon_core.package_identification:_identify(.) by extension 'ignore_ament_install'
[0.244s] Level 1:colcon.colcon_core.package_identification:_identify(.) by extensions ['colcon_pkg']
[0.244s] Level 1:colcon.colcon_core.package_identification:_identify(.) by extension 'colcon_pkg'
[0.244s] Level 1:colcon.colcon_core.package_identification:_identify(.) by extensions ['colcon_meta']
[0.244s] Level 1:colcon.colcon_core.package_identification:_identify(.) by extension 'colcon_meta'
[0.244s] Level 1:colcon.colcon_core.package_identification:_identify(.) by extensions ['ros']
[0.244s] Level 1:colcon.colcon_core.package_identification:_identify(.) by extension 'ros'
[0.282s] Level 1:colcon.colcon_core.package_identification:_identify(.) by extensions ['cmake', 'python']
[0.282s] Level 1:colcon.colcon_core.package_identification:_identify(.) by extension 'cmake'
[0.282s] Level 1:colcon.colcon_core.package_identification:_identify(.) by extension 'python'
[0.282s] Level 1:colcon.colcon_core.package_identification:_identify(.) by extensions ['python_setup_py']
[0.282s] Level 1:colcon.colcon_core.package_identification:_identify(.) by extension 'python_setup_py'
[0.283s] Level 1:colcon.colcon_core.package_identification:_identify(build) by extensions ['ignore', 'ignore_ament_install']
[0.283s] Level 1:colcon.colcon_core.package_identification:_identify(build) by extension 'ignore'
[0.283s] Level 1:colcon.colcon_core.package_identification:_identify(build) ignored
[0.283s] Level 1:colcon.colcon_core.package_identification:_identify(dynominion_rmf_description) by extensions ['ignore', 'ignore_ament_install']
[0.283s] Level 1:colcon.colcon_core.package_identification:_identify(dynominion_rmf_description) by extension 'ignore'
[0.283s] Level 1:colcon.colcon_core.package_identification:_identify(dynominion_rmf_description) by extension 'ignore_ament_install'
[0.283s] Level 1:colcon.colcon_core.package_identification:_identify(dynominion_rmf_description) by extensions ['colcon_pkg']
[0.283s] Level 1:colcon.colcon_core.package_identification:_identify(dynominion_rmf_description) by extension 'colcon_pkg'
[0.283s] Level 1:colcon.colcon_core.package_identification:_identify(dynominion_rmf_description) by extensions ['colcon_meta']
[0.283s] Level 1:colcon.colcon_core.package_identification:_identify(dynominion_rmf_description) by extension 'colcon_meta'
[0.284s] Level 1:colcon.colcon_core.package_identification:_identify(dynominion_rmf_description) by extensions ['ros']
[0.284s] Level 1:colcon.colcon_core.package_identification:_identify(dynominion_rmf_description) by extension 'ros'
[0.287s] DEBUG:colcon.colcon_core.package_identification:Package 'dynominion_rmf_description' with type 'ros.ament_cmake' and name 'dynominion_rmf_description'
[0.287s] Level 1:colcon.colcon_core.package_identification:_identify(dynominion_rmf_gazebo) by extensions ['ignore', 'ignore_ament_install']
[0.287s] Level 1:colcon.colcon_core.package_identification:_identify(dynominion_rmf_gazebo) by extension 'ignore'
[0.287s] Level 1:colcon.colcon_core.package_identification:_identify(dynominion_rmf_gazebo) by extension 'ignore_ament_install'
[0.287s] Level 1:colcon.colcon_core.package_identification:_identify(dynominion_rmf_gazebo) by extensions ['colcon_pkg']
[0.287s] Level 1:colcon.colcon_core.package_identification:_identify(dynominion_rmf_gazebo) by extension 'colcon_pkg'
[0.288s] Level 1:colcon.colcon_core.package_identification:_identify(dynominion_rmf_gazebo) by extensions ['colcon_meta']
[0.288s] Level 1:colcon.colcon_core.package_identification:_identify(dynominion_rmf_gazebo) by extension 'colcon_meta'
[0.288s] Level 1:colcon.colcon_core.package_identification:_identify(dynominion_rmf_gazebo) by extensions ['ros']
[0.288s] Level 1:colcon.colcon_core.package_identification:_identify(dynominion_rmf_gazebo) by extension 'ros'
[0.289s] DEBUG:colcon.colcon_core.package_identification:Package 'dynominion_rmf_gazebo' with type 'ros.ament_cmake' and name 'dynominion_rmf_gazebo'
[0.289s] Level 1:colcon.colcon_core.package_identification:_identify(dynominion_rmf_navigation) by extensions ['ignore', 'ignore_ament_install']
[0.289s] Level 1:colcon.colcon_core.package_identification:_identify(dynominion_rmf_navigation) by extension 'ignore'
[0.289s] Level 1:colcon.colcon_core.package_identification:_identify(dynominion_rmf_navigation) by extension 'ignore_ament_install'
[0.289s] Level 1:colcon.colcon_core.package_identification:_identify(dynominion_rmf_navigation) by extensions ['colcon_pkg']
[0.289s] Level 1:colcon.colcon_core.package_identification:_identify(dynominion_rmf_navigation) by extension 'colcon_pkg'
[0.289s] Level 1:colcon.colcon_core.package_identification:_identify(dynominion_rmf_navigation) by extensions ['colcon_meta']
[0.289s] Level 1:colcon.colcon_core.package_identification:_identify(dynominion_rmf_navigation) by extension 'colcon_meta'
[0.289s] Level 1:colcon.colcon_core.package_identification:_identify(dynominion_rmf_navigation) by extensions ['ros']
[0.289s] Level 1:colcon.colcon_core.package_identification:_identify(dynominion_rmf_navigation) by extension 'ros'
[0.290s] DEBUG:colcon.colcon_core.package_identification:Package 'dynominion_rmf_navigation' with type 'ros.ament_cmake' and name 'dynominion_rmf_navigation'
[0.290s] Level 1:colcon.colcon_core.package_identification:_identify(dynominion_rmf_slam) by extensions ['ignore', 'ignore_ament_install']
[0.290s] Level 1:colcon.colcon_core.package_identification:_identify(dynominion_rmf_slam) by extension 'ignore'
[0.290s] Level 1:colcon.colcon_core.package_identification:_identify(dynominion_rmf_slam) by extension 'ignore_ament_install'
[0.291s] Level 1:colcon.colcon_core.package_identification:_identify(dynominion_rmf_slam) by extensions ['colcon_pkg']
[0.291s] Level 1:colcon.colcon_core.package_identification:_identify(dynominion_rmf_slam) by extension 'colcon_pkg'
[0.291s] Level 1:colcon.colcon_core.package_identification:_identify(dynominion_rmf_slam) by extensions ['colcon_meta']
[0.291s] Level 1:colcon.colcon_core.package_identification:_identify(dynominion_rmf_slam) by extension 'colcon_meta'
[0.291s] Level 1:colcon.colcon_core.package_identification:_identify(dynominion_rmf_slam) by extensions ['ros']
[0.291s] Level 1:colcon.colcon_core.package_identification:_identify(dynominion_rmf_slam) by extension 'ros'
[0.292s] DEBUG:colcon.colcon_core.package_identification:Package 'dynominion_rmf_slam' with type 'ros.ament_cmake' and name 'dynominion_rmf_slam'
[0.292s] Level 1:colcon.colcon_core.package_identification:_identify(dynominion_rmf_x) by extensions ['ignore', 'ignore_ament_install']
[0.292s] Level 1:colcon.colcon_core.package_identification:_identify(dynominion_rmf_x) by extension 'ignore'
[0.292s] Level 1:colcon.colcon_core.package_identification:_identify(dynominion_rmf_x) by extension 'ignore_ament_install'
[0.292s] Level 1:colcon.colcon_core.package_identification:_identify(dynominion_rmf_x) by extensions ['colcon_pkg']
[0.292s] Level 1:colcon.colcon_core.package_identification:_identify(dynominion_rmf_x) by extension 'colcon_pkg'
[0.292s] Level 1:colcon.colcon_core.package_identification:_identify(dynominion_rmf_x) by extensions ['colcon_meta']
[0.292s] Level 1:colcon.colcon_core.package_identification:_identify(dynominion_rmf_x) by extension 'colcon_meta'
[0.292s] Level 1:colcon.colcon_core.package_identification:_identify(dynominion_rmf_x) by extensions ['ros']
[0.292s] Level 1:colcon.colcon_core.package_identification:_identify(dynominion_rmf_x) by extension 'ros'
[0.293s] Level 1:colcon.colcon_core.package_identification:_identify(dynominion_rmf_x) by extensions ['cmake', 'python']
[0.293s] Level 1:colcon.colcon_core.package_identification:_identify(dynominion_rmf_x) by extension 'cmake'
[0.293s] Level 1:colcon.colcon_core.package_identification:_identify(dynominion_rmf_x) by extension 'python'
[0.293s] Level 1:colcon.colcon_core.package_identification:_identify(dynominion_rmf_x) by extensions ['python_setup_py']
[0.293s] Level 1:colcon.colcon_core.package_identification:_identify(dynominion_rmf_x) by extension 'python_setup_py'
[0.293s] Level 1:colcon.colcon_core.package_identification:_identify(install) by extensions ['ignore', 'ignore_ament_install']
[0.293s] Level 1:colcon.colcon_core.package_identification:_identify(install) by extension 'ignore'
[0.293s] Level 1:colcon.colcon_core.package_identification:_identify(install) ignored
[0.293s] Level 1:colcon.colcon_core.package_identification:_identify(log) by extensions ['ignore', 'ignore_ament_install']
[0.293s] Level 1:colcon.colcon_core.package_identification:_identify(log) by extension 'ignore'
[0.293s] Level 1:colcon.colcon_core.package_identification:_identify(log) ignored
[0.294s] Level 1:colcon.colcon_core.package_identification:_identify(teleop_robot) by extensions ['ignore', 'ignore_ament_install']
[0.294s] Level 1:colcon.colcon_core.package_identification:_identify(teleop_robot) by extension 'ignore'
[0.294s] Level 1:colcon.colcon_core.package_identification:_identify(teleop_robot) by extension 'ignore_ament_install'
[0.294s] Level 1:colcon.colcon_core.package_identification:_identify(teleop_robot) by extensions ['colcon_pkg']
[0.294s] Level 1:colcon.colcon_core.package_identification:_identify(teleop_robot) by extension 'colcon_pkg'
[0.294s] Level 1:colcon.colcon_core.package_identification:_identify(teleop_robot) by extensions ['colcon_meta']
[0.294s] Level 1:colcon.colcon_core.package_identification:_identify(teleop_robot) by extension 'colcon_meta'
[0.294s] Level 1:colcon.colcon_core.package_identification:_identify(teleop_robot) by extensions ['ros']
[0.294s] Level 1:colcon.colcon_core.package_identification:_identify(teleop_robot) by extension 'ros'
[0.295s] DEBUG:colcon.colcon_core.package_identification:Package 'teleop_robot' with type 'ros.ament_python' and name 'teleop_robot'
[0.295s] Level 1:colcon.colcon_core.package_discovery:discover_packages(recursive) using defaults
[0.295s] Level 1:colcon.colcon_core.package_discovery:discover_packages(ignore) discover
[0.295s] Level 1:colcon.colcon_core.package_discovery:discover_packages(ignore) using defaults
[0.295s] Level 1:colcon.colcon_core.package_discovery:discover_packages(path) discover
[0.295s] Level 1:colcon.colcon_core.package_discovery:discover_packages(path) using defaults
[0.322s] Level 1:colcon.colcon_core.package_discovery:discover_packages(prefix_path) check parameters
[0.322s] Level 1:colcon.colcon_core.package_discovery:discover_packages(prefix_path) discover
[0.328s] DEBUG:colcon.colcon_installed_package_information.package_discovery:Found 468 installed packages in /opt/ros/jazzy
[0.330s] Level 1:colcon.colcon_core.package_discovery:discover_packages(prefix_path) using defaults
[0.426s] Level 5:colcon.colcon_core.verb:set package 'dynominion_rmf_description' build argument 'cmake_args' from command line to 'None'
[0.426s] Level 5:colcon.colcon_core.verb:set package 'dynominion_rmf_description' build argument 'cmake_target' from command line to 'None'
[0.426s] Level 5:colcon.colcon_core.verb:set package 'dynominion_rmf_description' build argument 'cmake_target_skip_unavailable' from command line to 'False'
[0.426s] Level 5:colcon.colcon_core.verb:set package 'dynominion_rmf_description' build argument 'cmake_clean_cache' from command line to 'False'
[0.426s] Level 5:colcon.colcon_core.verb:set package 'dynominion_rmf_description' build argument 'cmake_clean_first' from command line to 'False'
[0.426s] Level 5:colcon.colcon_core.verb:set package 'dynominion_rmf_description' build argument 'cmake_force_configure' from command line to 'False'
[0.426s] Level 5:colcon.colcon_core.verb:set package 'dynominion_rmf_description' build argument 'ament_cmake_args' from command line to 'None'
[0.426s] Level 5:colcon.colcon_core.verb:set package 'dynominion_rmf_description' build argument 'catkin_cmake_args' from command line to 'None'
[0.426s] Level 5:colcon.colcon_core.verb:set package 'dynominion_rmf_description' build argument 'catkin_skip_building_tests' from command line to 'False'
[0.426s] DEBUG:colcon.colcon_core.verb:Building package 'dynominion_rmf_description' with the following arguments: {'ament_cmake_args': None, 'build_base': '/home/jazzy/Desktop/dynominion_rmf/build/dynominion_rmf_description', 'catkin_cmake_args': None, 'catkin_skip_building_tests': False, 'cmake_args': None, 'cmake_clean_cache': False, 'cmake_clean_first': False, 'cmake_force_configure': False, 'cmake_target': None, 'cmake_target_skip_unavailable': False, 'install_base': '/home/jazzy/Desktop/dynominion_rmf/install/dynominion_rmf_description', 'merge_install': False, 'path': '/home/jazzy/Desktop/dynominion_rmf/dynominion_rmf_description', 'symlink_install': False, 'test_result_base': None}
[0.427s] Level 5:colcon.colcon_core.verb:set package 'dynominion_rmf_gazebo' build argument 'cmake_args' from command line to 'None'
[0.427s] Level 5:colcon.colcon_core.verb:set package 'dynominion_rmf_gazebo' build argument 'cmake_target' from command line to 'None'
[0.427s] Level 5:colcon.colcon_core.verb:set package 'dynominion_rmf_gazebo' build argument 'cmake_target_skip_unavailable' from command line to 'False'
[0.427s] Level 5:colcon.colcon_core.verb:set package 'dynominion_rmf_gazebo' build argument 'cmake_clean_cache' from command line to 'False'
[0.427s] Level 5:colcon.colcon_core.verb:set package 'dynominion_rmf_gazebo' build argument 'cmake_clean_first' from command line to 'False'
[0.427s] Level 5:colcon.colcon_core.verb:set package 'dynominion_rmf_gazebo' build argument 'cmake_force_configure' from command line to 'False'
[0.427s] Level 5:colcon.colcon_core.verb:set package 'dynominion_rmf_gazebo' build argument 'ament_cmake_args' from command line to 'None'
[0.427s] Level 5:colcon.colcon_core.verb:set package 'dynominion_rmf_gazebo' build argument 'catkin_cmake_args' from command line to 'None'
[0.427s] Level 5:colcon.colcon_core.verb:set package 'dynominion_rmf_gazebo' build argument 'catkin_skip_building_tests' from command line to 'False'
[0.427s] DEBUG:colcon.colcon_core.verb:Building package 'dynominion_rmf_gazebo' with the following arguments: {'ament_cmake_args': None, 'build_base': '/home/jazzy/Desktop/dynominion_rmf/build/dynominion_rmf_gazebo', 'catkin_cmake_args': None, 'catkin_skip_building_tests': False, 'cmake_args': None, 'cmake_clean_cache': False, 'cmake_clean_first': False, 'cmake_force_configure': False, 'cmake_target': None, 'cmake_target_skip_unavailable': False, 'install_base': '/home/jazzy/Desktop/dynominion_rmf/install/dynominion_rmf_gazebo', 'merge_install': False, 'path': '/home/jazzy/Desktop/dynominion_rmf/dynominion_rmf_gazebo', 'symlink_install': False, 'test_result_base': None}
[0.428s] Level 5:colcon.colcon_core.verb:set package 'dynominion_rmf_navigation' build argument 'cmake_args' from command line to 'None'
[0.428s] Level 5:colcon.colcon_core.verb:set package 'dynominion_rmf_navigation' build argument 'cmake_target' from command line to 'None'
[0.428s] Level 5:colcon.colcon_core.verb:set package 'dynominion_rmf_navigation' build argument 'cmake_target_skip_unavailable' from command line to 'False'
[0.428s] Level 5:colcon.colcon_core.verb:set package 'dynominion_rmf_navigation' build argument 'cmake_clean_cache' from command line to 'False'
[0.428s] Level 5:colcon.colcon_core.verb:set package 'dynominion_rmf_navigation' build argument 'cmake_clean_first' from command line to 'False'
[0.428s] Level 5:colcon.colcon_core.verb:set package 'dynominion_rmf_navigation' build argument 'cmake_force_configure' from command line to 'False'
[0.428s] Level 5:colcon.colcon_core.verb:set package 'dynominion_rmf_navigation' build argument 'ament_cmake_args' from command line to 'None'
[0.428s] Level 5:colcon.colcon_core.verb:set package 'dynominion_rmf_navigation' build argument 'catkin_cmake_args' from command line to 'None'
[0.428s] Level 5:colcon.colcon_core.verb:set package 'dynominion_rmf_navigation' build argument 'catkin_skip_building_tests' from command line to 'False'
[0.428s] DEBUG:colcon.colcon_core.verb:Building package 'dynominion_rmf_navigation' with the following arguments: {'ament_cmake_args': None, 'build_base': '/home/jazzy/Desktop/dynominion_rmf/build/dynominion_rmf_navigation', 'catkin_cmake_args': None, 'catkin_skip_building_tests': False, 'cmake_args': None, 'cmake_clean_cache': False, 'cmake_clean_first': False, 'cmake_force_configure': False, 'cmake_target': None, 'cmake_target_skip_unavailable': False, 'install_base': '/home/jazzy/Desktop/dynominion_rmf/install/dynominion_rmf_navigation', 'merge_install': False, 'path': '/home/jazzy/Desktop/dynominion_rmf/dynominion_rmf_navigation', 'symlink_install': False, 'test_result_base': None}
[0.428s] Level 5:colcon.colcon_core.verb:set package 'dynominion_rmf_slam' build argument 'cmake_args' from command line to 'None'
[0.428s] Level 5:colcon.colcon_core.verb:set package 'dynominion_rmf_slam' build argument 'cmake_target' from command line to 'None'
[0.428s] Level 5:colcon.colcon_core.verb:set package 'dynominion_rmf_slam' build argument 'cmake_target_skip_unavailable' from command line to 'False'
[0.428s] Level 5:colcon.colcon_core.verb:set package 'dynominion_rmf_slam' build argument 'cmake_clean_cache' from command line to 'False'
[0.428s] Level 5:colcon.colcon_core.verb:set package 'dynominion_rmf_slam' build argument 'cmake_clean_first' from command line to 'False'
[0.428s] Level 5:colcon.colcon_core.verb:set package 'dynominion_rmf_slam' build argument 'cmake_force_configure' from command line to 'False'
[0.428s] Level 5:colcon.colcon_core.verb:set package 'dynominion_rmf_slam' build argument 'ament_cmake_args' from command line to 'None'
[0.428s] Level 5:colcon.colcon_core.verb:set package 'dynominion_rmf_slam' build argument 'catkin_cmake_args' from command line to 'None'
[0.428s] Level 5:colcon.colcon_core.verb:set package 'dynominion_rmf_slam' build argument 'catkin_skip_building_tests' from command line to 'False'
[0.428s] DEBUG:colcon.colcon_core.verb:Building package 'dynominion_rmf_slam' with the following arguments: {'ament_cmake_args': None, 'build_base': '/home/jazzy/Desktop/dynominion_rmf/build/dynominion_rmf_slam', 'catkin_cmake_args': None, 'catkin_skip_building_tests': False, 'cmake_args': None, 'cmake_clean_cache': False, 'cmake_clean_first': False, 'cmake_force_configure': False, 'cmake_target': None, 'cmake_target_skip_unavailable': False, 'install_base': '/home/jazzy/Desktop/dynominion_rmf/install/dynominion_rmf_slam', 'merge_install': False, 'path': '/home/jazzy/Desktop/dynominion_rmf/dynominion_rmf_slam', 'symlink_install': False, 'test_result_base': None}
[0.429s] Level 5:colcon.colcon_core.verb:set package 'teleop_robot' build argument 'cmake_args' from command line to 'None'
[0.429s] Level 5:colcon.colcon_core.verb:set package 'teleop_robot' build argument 'cmake_target' from command line to 'None'
[0.429s] Level 5:colcon.colcon_core.verb:set package 'teleop_robot' build argument 'cmake_target_skip_unavailable' from command line to 'False'
[0.429s] Level 5:colcon.colcon_core.verb:set package 'teleop_robot' build argument 'cmake_clean_cache' from command line to 'False'
[0.429s] Level 5:colcon.colcon_core.verb:set package 'teleop_robot' build argument 'cmake_clean_first' from command line to 'False'
[0.429s] Level 5:colcon.colcon_core.verb:set package 'teleop_robot' build argument 'cmake_force_configure' from command line to 'False'
[0.429s] Level 5:colcon.colcon_core.verb:set package 'teleop_robot' build argument 'ament_cmake_args' from command line to 'None'
[0.429s] Level 5:colcon.colcon_core.verb:set package 'teleop_robot' build argument 'catkin_cmake_args' from command line to 'None'
[0.429s] Level 5:colcon.colcon_core.verb:set package 'teleop_robot' build argument 'catkin_skip_building_tests' from command line to 'False'
[0.429s] DEBUG:colcon.colcon_core.verb:Building package 'teleop_robot' with the following arguments: {'ament_cmake_args': None, 'build_base': '/home/jazzy/Desktop/dynominion_rmf/build/teleop_robot', 'catkin_cmake_args': None, 'catkin_skip_building_tests': False, 'cmake_args': None, 'cmake_clean_cache': False, 'cmake_clean_first': False, 'cmake_force_configure': False, 'cmake_target': None, 'cmake_target_skip_unavailable': False, 'install_base': '/home/jazzy/Desktop/dynominion_rmf/install/teleop_robot', 'merge_install': False, 'path': '/home/jazzy/Desktop/dynominion_rmf/teleop_robot', 'symlink_install': False, 'test_result_base': None}
[0.429s] INFO:colcon.colcon_core.executor:Executing jobs using 'parallel' executor
[0.431s] DEBUG:colcon.colcon_parallel_executor.executor.parallel:run_until_complete
[0.432s] INFO:colcon.colcon_ros.task.ament_cmake.build:Building ROS package in '/home/jazzy/Desktop/dynominion_rmf/dynominion_rmf_description' with build type 'ament_cmake'
[0.432s] INFO:colcon.colcon_cmake.task.cmake.build:Building CMake package in '/home/jazzy/Desktop/dynominion_rmf/dynominion_rmf_description'
[0.435s] INFO:colcon.colcon_core.plugin_system:Skipping extension 'colcon_core.shell.bat': Not used on non-Windows systems
[0.435s] INFO:colcon.colcon_core.shell:Skip shell extension 'powershell' for command environment: Not usable outside of PowerShell
[0.435s] DEBUG:colcon.colcon_core.shell:Skip shell extension 'dsv' for command environment
[0.442s] INFO:colcon.colcon_ros.task.ament_cmake.build:Building ROS package in '/home/jazzy/Desktop/dynominion_rmf/dynominion_rmf_gazebo' with build type 'ament_cmake'
[0.442s] INFO:colcon.colcon_cmake.task.cmake.build:Building CMake package in '/home/jazzy/Desktop/dynominion_rmf/dynominion_rmf_gazebo'
[0.442s] INFO:colcon.colcon_core.shell:Skip shell extension 'powershell' for command environment: Not usable outside of PowerShell
[0.442s] DEBUG:colcon.colcon_core.shell:Skip shell extension 'dsv' for command environment
[0.448s] INFO:colcon.colcon_ros.task.ament_cmake.build:Building ROS package in '/home/jazzy/Desktop/dynominion_rmf/dynominion_rmf_navigation' with build type 'ament_cmake'
[0.448s] INFO:colcon.colcon_cmake.task.cmake.build:Building CMake package in '/home/jazzy/Desktop/dynominion_rmf/dynominion_rmf_navigation'
[0.448s] INFO:colcon.colcon_core.shell:Skip shell extension 'powershell' for command environment: Not usable outside of PowerShell
[0.448s] DEBUG:colcon.colcon_core.shell:Skip shell extension 'dsv' for command environment
[0.454s] INFO:colcon.colcon_ros.task.ament_cmake.build:Building ROS package in '/home/jazzy/Desktop/dynominion_rmf/dynominion_rmf_slam' with build type 'ament_cmake'
[0.454s] INFO:colcon.colcon_cmake.task.cmake.build:Building CMake package in '/home/jazzy/Desktop/dynominion_rmf/dynominion_rmf_slam'
[0.454s] INFO:colcon.colcon_core.shell:Skip shell extension 'powershell' for command environment: Not usable outside of PowerShell
[0.454s] DEBUG:colcon.colcon_core.shell:Skip shell extension 'dsv' for command environment
[0.460s] INFO:colcon.colcon_ros.task.ament_python.build:Building ROS package in '/home/jazzy/Desktop/dynominion_rmf/teleop_robot' with build type 'ament_python'
[0.460s] Level 1:colcon.colcon_core.shell:create_environment_hook('teleop_robot', 'ament_prefix_path')
[0.461s] INFO:colcon.colcon_core.shell:Creating environment hook '/home/jazzy/Desktop/dynominion_rmf/install/teleop_robot/share/teleop_robot/hook/ament_prefix_path.ps1'
[0.462s] INFO:colcon.colcon_core.shell:Creating environment descriptor '/home/jazzy/Desktop/dynominion_rmf/install/teleop_robot/share/teleop_robot/hook/ament_prefix_path.dsv'
[0.462s] INFO:colcon.colcon_core.shell:Creating environment hook '/home/jazzy/Desktop/dynominion_rmf/install/teleop_robot/share/teleop_robot/hook/ament_prefix_path.sh'
[0.463s] INFO:colcon.colcon_core.shell:Skip shell extension 'powershell' for command environment: Not usable outside of PowerShell
[0.463s] DEBUG:colcon.colcon_core.shell:Skip shell extension 'dsv' for command environment
[0.475s] DEBUG:colcon.colcon_core.event_handler.log_command:Invoking command in '/home/jazzy/Desktop/dynominion_rmf/build/dynominion_rmf_description': CMAKE_PREFIX_PATH=${CMAKE_PREFIX_PATH}:/opt/ros/jazzy DEBUGINFOD_URLS=https://debuginfod.ubuntu.com /usr/bin/cmake /home/jazzy/Desktop/dynominion_rmf/dynominion_rmf_description -DCMAKE_INSTALL_PREFIX=/home/jazzy/Desktop/dynominion_rmf/install/dynominion_rmf_description
[0.478s] DEBUG:colcon.colcon_core.event_handler.log_command:Invoking command in '/home/jazzy/Desktop/dynominion_rmf/build/dynominion_rmf_gazebo': CMAKE_PREFIX_PATH=${CMAKE_PREFIX_PATH}:/opt/ros/jazzy DEBUGINFOD_URLS=https://debuginfod.ubuntu.com /usr/bin/cmake /home/jazzy/Desktop/dynominion_rmf/dynominion_rmf_gazebo -DCMAKE_INSTALL_PREFIX=/home/jazzy/Desktop/dynominion_rmf/install/dynominion_rmf_gazebo
[0.481s] DEBUG:colcon.colcon_core.event_handler.log_command:Invoking command in '/home/jazzy/Desktop/dynominion_rmf/build/dynominion_rmf_navigation': CMAKE_PREFIX_PATH=${CMAKE_PREFIX_PATH}:/opt/ros/jazzy DEBUGINFOD_URLS=https://debuginfod.ubuntu.com /usr/bin/cmake /home/jazzy/Desktop/dynominion_rmf/dynominion_rmf_navigation -DCMAKE_INSTALL_PREFIX=/home/jazzy/Desktop/dynominion_rmf/install/dynominion_rmf_navigation
[0.485s] DEBUG:colcon.colcon_core.event_handler.log_command:Invoking command in '/home/jazzy/Desktop/dynominion_rmf/build/dynominion_rmf_slam': CMAKE_PREFIX_PATH=${CMAKE_PREFIX_PATH}:/opt/ros/jazzy DEBUGINFOD_URLS=https://debuginfod.ubuntu.com /usr/bin/cmake /home/jazzy/Desktop/dynominion_rmf/dynominion_rmf_slam -DCMAKE_INSTALL_PREFIX=/home/jazzy/Desktop/dynominion_rmf/install/dynominion_rmf_slam
[0.917s] INFO:colcon.colcon_core.task.python.build:Building Python package in '/home/jazzy/Desktop/dynominion_rmf/teleop_robot'
[0.917s] INFO:colcon.colcon_core.shell:Skip shell extension 'powershell' for command environment: Not usable outside of PowerShell
[0.917s] DEBUG:colcon.colcon_core.shell:Skip shell extension 'dsv' for command environment
[1.862s] DEBUG:colcon.colcon_core.event_handler.log_command:Invoked command in '/home/jazzy/Desktop/dynominion_rmf/build/dynominion_rmf_description' returned '0': CMAKE_PREFIX_PATH=${CMAKE_PREFIX_PATH}:/opt/ros/jazzy DEBUGINFOD_URLS=https://debuginfod.ubuntu.com /usr/bin/cmake /home/jazzy/Desktop/dynominion_rmf/dynominion_rmf_description -DCMAKE_INSTALL_PREFIX=/home/jazzy/Desktop/dynominion_rmf/install/dynominion_rmf_description
[1.865s] DEBUG:colcon.colcon_core.event_handler.log_command:Invoking command in '/home/jazzy/Desktop/dynominion_rmf/build/dynominion_rmf_description': CMAKE_PREFIX_PATH=${CMAKE_PREFIX_PATH}:/opt/ros/jazzy DEBUGINFOD_URLS=https://debuginfod.ubuntu.com /usr/bin/cmake --build /home/jazzy/Desktop/dynominion_rmf/build/dynominion_rmf_description -- -j16 -l16
[1.877s] DEBUG:colcon.colcon_core.event_handler.log_command:Invoked command in '/home/jazzy/Desktop/dynominion_rmf/build/dynominion_rmf_navigation' returned '0': CMAKE_PREFIX_PATH=${CMAKE_PREFIX_PATH}:/opt/ros/jazzy DEBUGINFOD_URLS=https://debuginfod.ubuntu.com /usr/bin/cmake /home/jazzy/Desktop/dynominion_rmf/dynominion_rmf_navigation -DCMAKE_INSTALL_PREFIX=/home/jazzy/Desktop/dynominion_rmf/install/dynominion_rmf_navigation
[1.878s] DEBUG:colcon.colcon_core.event_handler.log_command:Invoking command in '/home/jazzy/Desktop/dynominion_rmf/build/dynominion_rmf_navigation': CMAKE_PREFIX_PATH=${CMAKE_PREFIX_PATH}:/opt/ros/jazzy DEBUGINFOD_URLS=https://debuginfod.ubuntu.com /usr/bin/cmake --build /home/jazzy/Desktop/dynominion_rmf/build/dynominion_rmf_navigation -- -j16 -l16
[1.937s] DEBUG:colcon.colcon_core.event_handler.log_command:Invoked command in '/home/jazzy/Desktop/dynominion_rmf/build/dynominion_rmf_description' returned '0': CMAKE_PREFIX_PATH=${CMAKE_PREFIX_PATH}:/opt/ros/jazzy DEBUGINFOD_URLS=https://debuginfod.ubuntu.com /usr/bin/cmake --build /home/jazzy/Desktop/dynominion_rmf/build/dynominion_rmf_description -- -j16 -l16
[1.955s] DEBUG:colcon.colcon_core.event_handler.log_command:Invoking command in '/home/jazzy/Desktop/dynominion_rmf/build/dynominion_rmf_description': CMAKE_PREFIX_PATH=${CMAKE_PREFIX_PATH}:/opt/ros/jazzy DEBUGINFOD_URLS=https://debuginfod.ubuntu.com /usr/bin/cmake --install /home/jazzy/Desktop/dynominion_rmf/build/dynominion_rmf_description
[1.958s] DEBUG:colcon.colcon_core.event_handler.log_command:Invoked command in '/home/jazzy/Desktop/dynominion_rmf/build/dynominion_rmf_navigation' returned '0': CMAKE_PREFIX_PATH=${CMAKE_PREFIX_PATH}:/opt/ros/jazzy DEBUGINFOD_URLS=https://debuginfod.ubuntu.com /usr/bin/cmake --build /home/jazzy/Desktop/dynominion_rmf/build/dynominion_rmf_navigation -- -j16 -l16
[1.959s] DEBUG:colcon.colcon_core.event_handler.log_command:Invoking command in '/home/jazzy/Desktop/dynominion_rmf/build/dynominion_rmf_navigation': CMAKE_PREFIX_PATH=${CMAKE_PREFIX_PATH}:/opt/ros/jazzy DEBUGINFOD_URLS=https://debuginfod.ubuntu.com /usr/bin/cmake --install /home/jazzy/Desktop/dynominion_rmf/build/dynominion_rmf_navigation
[1.986s] Level 1:colcon.colcon_core.environment:create_environment_scripts_only(dynominion_rmf_navigation)
[1.987s] DEBUG:colcon.colcon_core.event_handler.log_command:Invoked command in '/home/jazzy/Desktop/dynominion_rmf/build/dynominion_rmf_navigation' returned '0': CMAKE_PREFIX_PATH=${CMAKE_PREFIX_PATH}:/opt/ros/jazzy DEBUGINFOD_URLS=https://debuginfod.ubuntu.com /usr/bin/cmake --install /home/jazzy/Desktop/dynominion_rmf/build/dynominion_rmf_navigation
[1.992s] Level 1:colcon.colcon_core.environment:checking '/home/jazzy/Desktop/dynominion_rmf/install/dynominion_rmf_navigation' for CMake module files
[1.993s] Level 1:colcon.colcon_core.environment:checking '/home/jazzy/Desktop/dynominion_rmf/install/dynominion_rmf_navigation' for CMake config files
[1.994s] Level 1:colcon.colcon_core.shell:create_environment_hook('dynominion_rmf_navigation', 'cmake_prefix_path')
[1.994s] INFO:colcon.colcon_core.shell:Creating environment hook '/home/jazzy/Desktop/dynominion_rmf/install/dynominion_rmf_navigation/share/dynominion_rmf_navigation/hook/cmake_prefix_path.ps1'
[1.994s] INFO:colcon.colcon_core.shell:Creating environment descriptor '/home/jazzy/Desktop/dynominion_rmf/install/dynominion_rmf_navigation/share/dynominion_rmf_navigation/hook/cmake_prefix_path.dsv'
[1.995s] INFO:colcon.colcon_core.shell:Creating environment hook '/home/jazzy/Desktop/dynominion_rmf/install/dynominion_rmf_navigation/share/dynominion_rmf_navigation/hook/cmake_prefix_path.sh'
[2.010s] Level 1:colcon.colcon_core.environment:checking '/home/jazzy/Desktop/dynominion_rmf/install/dynominion_rmf_navigation/bin'
[2.010s] Level 1:colcon.colcon_core.environment:checking '/home/jazzy/Desktop/dynominion_rmf/install/dynominion_rmf_navigation/lib/pkgconfig/dynominion_rmf_navigation.pc'
[2.010s] Level 1:colcon.colcon_core.environment:checking '/home/jazzy/Desktop/dynominion_rmf/install/dynominion_rmf_navigation/lib/python3.12/site-packages'
[2.011s] Level 1:colcon.colcon_core.environment:checking '/home/jazzy/Desktop/dynominion_rmf/install/dynominion_rmf_navigation/bin'
[2.011s] INFO:colcon.colcon_core.shell:Creating package script '/home/jazzy/Desktop/dynominion_rmf/install/dynominion_rmf_navigation/share/dynominion_rmf_navigation/package.ps1'
[2.012s] INFO:colcon.colcon_core.shell:Creating package descriptor '/home/jazzy/Desktop/dynominion_rmf/install/dynominion_rmf_navigation/share/dynominion_rmf_navigation/package.dsv'
[2.013s] INFO:colcon.colcon_core.shell:Creating package script '/home/jazzy/Desktop/dynominion_rmf/install/dynominion_rmf_navigation/share/dynominion_rmf_navigation/package.sh'
[2.013s] INFO:colcon.colcon_core.shell:Creating package script '/home/jazzy/Desktop/dynominion_rmf/install/dynominion_rmf_navigation/share/dynominion_rmf_navigation/package.bash'
[2.014s] INFO:colcon.colcon_core.shell:Creating package script '/home/jazzy/Desktop/dynominion_rmf/install/dynominion_rmf_navigation/share/dynominion_rmf_navigation/package.zsh'
[2.015s] Level 1:colcon.colcon_core.environment:create_file_with_runtime_dependencies(/home/jazzy/Desktop/dynominion_rmf/install/dynominion_rmf_navigation/share/colcon-core/packages/dynominion_rmf_navigation)
[2.016s] Level 1:colcon.colcon_core.environment:create_environment_scripts_only(dynominion_rmf_navigation)
[2.016s] Level 1:colcon.colcon_core.environment:checking '/home/jazzy/Desktop/dynominion_rmf/install/dynominion_rmf_navigation' for CMake module files
[2.017s] Level 1:colcon.colcon_core.environment:checking '/home/jazzy/Desktop/dynominion_rmf/install/dynominion_rmf_navigation' for CMake config files
[2.017s] Level 1:colcon.colcon_core.shell:create_environment_hook('dynominion_rmf_navigation', 'cmake_prefix_path')
[2.017s] INFO:colcon.colcon_core.shell:Creating environment hook '/home/jazzy/Desktop/dynominion_rmf/install/dynominion_rmf_navigation/share/dynominion_rmf_navigation/hook/cmake_prefix_path.ps1'
[2.018s] INFO:colcon.colcon_core.shell:Creating environment descriptor '/home/jazzy/Desktop/dynominion_rmf/install/dynominion_rmf_navigation/share/dynominion_rmf_navigation/hook/cmake_prefix_path.dsv'
[2.018s] INFO:colcon.colcon_core.shell:Creating environment hook '/home/jazzy/Desktop/dynominion_rmf/install/dynominion_rmf_navigation/share/dynominion_rmf_navigation/hook/cmake_prefix_path.sh'
[2.019s] Level 1:colcon.colcon_core.environment:checking '/home/jazzy/Desktop/dynominion_rmf/install/dynominion_rmf_navigation/bin'
[2.019s] Level 1:colcon.colcon_core.environment:checking '/home/jazzy/Desktop/dynominion_rmf/install/dynominion_rmf_navigation/lib/pkgconfig/dynominion_rmf_navigation.pc'
[2.020s] Level 1:colcon.colcon_core.environment:checking '/home/jazzy/Desktop/dynominion_rmf/install/dynominion_rmf_navigation/lib/python3.12/site-packages'
[2.020s] Level 1:colcon.colcon_core.environment:checking '/home/jazzy/Desktop/dynominion_rmf/install/dynominion_rmf_navigation/bin'
[2.020s] INFO:colcon.colcon_core.shell:Creating package script '/home/jazzy/Desktop/dynominion_rmf/install/dynominion_rmf_navigation/share/dynominion_rmf_navigation/package.ps1'
[2.021s] INFO:colcon.colcon_core.shell:Creating package descriptor '/home/jazzy/Desktop/dynominion_rmf/install/dynominion_rmf_navigation/share/dynominion_rmf_navigation/package.dsv'
[2.022s] INFO:colcon.colcon_core.shell:Creating package script '/home/jazzy/Desktop/dynominion_rmf/install/dynominion_rmf_navigation/share/dynominion_rmf_navigation/package.sh'
[2.022s] INFO:colcon.colcon_core.shell:Creating package script '/home/jazzy/Desktop/dynominion_rmf/install/dynominion_rmf_navigation/share/dynominion_rmf_navigation/package.bash'
[2.023s] INFO:colcon.colcon_core.shell:Creating package script '/home/jazzy/Desktop/dynominion_rmf/install/dynominion_rmf_navigation/share/dynominion_rmf_navigation/package.zsh'
[2.024s] Level 1:colcon.colcon_core.environment:create_file_with_runtime_dependencies(/home/jazzy/Desktop/dynominion_rmf/install/dynominion_rmf_navigation/share/colcon-core/packages/dynominion_rmf_navigation)
[2.025s] Level 1:colcon.colcon_core.environment:create_environment_scripts_only(dynominion_rmf_description)
[2.026s] DEBUG:colcon.colcon_core.event_handler.log_command:Invoked command in '/home/jazzy/Desktop/dynominion_rmf/build/dynominion_rmf_description' returned '0': CMAKE_PREFIX_PATH=${CMAKE_PREFIX_PATH}:/opt/ros/jazzy DEBUGINFOD_URLS=https://debuginfod.ubuntu.com /usr/bin/cmake --install /home/jazzy/Desktop/dynominion_rmf/build/dynominion_rmf_description
[2.026s] Level 1:colcon.colcon_core.environment:checking '/home/jazzy/Desktop/dynominion_rmf/install/dynominion_rmf_description' for CMake module files
[2.027s] Level 1:colcon.colcon_core.environment:checking '/home/jazzy/Desktop/dynominion_rmf/install/dynominion_rmf_description' for CMake config files
[2.027s] Level 1:colcon.colcon_core.shell:create_environment_hook('dynominion_rmf_description', 'cmake_prefix_path')
[2.028s] INFO:colcon.colcon_core.shell:Creating environment hook '/home/jazzy/Desktop/dynominion_rmf/install/dynominion_rmf_description/share/dynominion_rmf_description/hook/cmake_prefix_path.ps1'
[2.028s] INFO:colcon.colcon_core.shell:Creating environment descriptor '/home/jazzy/Desktop/dynominion_rmf/install/dynominion_rmf_description/share/dynominion_rmf_description/hook/cmake_prefix_path.dsv'
[2.029s] INFO:colcon.colcon_core.shell:Creating environment hook '/home/jazzy/Desktop/dynominion_rmf/install/dynominion_rmf_description/share/dynominion_rmf_description/hook/cmake_prefix_path.sh'
[2.029s] Level 1:colcon.colcon_core.environment:checking '/home/jazzy/Desktop/dynominion_rmf/install/dynominion_rmf_description/bin'
[2.030s] Level 1:colcon.colcon_core.environment:checking '/home/jazzy/Desktop/dynominion_rmf/install/dynominion_rmf_description/lib/pkgconfig/dynominion_rmf_description.pc'
[2.030s] Level 1:colcon.colcon_core.environment:checking '/home/jazzy/Desktop/dynominion_rmf/install/dynominion_rmf_description/lib/python3.12/site-packages'
[2.030s] Level 1:colcon.colcon_core.environment:checking '/home/jazzy/Desktop/dynominion_rmf/install/dynominion_rmf_description/bin'
[2.031s] INFO:colcon.colcon_core.shell:Creating package script '/home/jazzy/Desktop/dynominion_rmf/install/dynominion_rmf_description/share/dynominion_rmf_description/package.ps1'
[2.031s] INFO:colcon.colcon_core.shell:Creating package descriptor '/home/jazzy/Desktop/dynominion_rmf/install/dynominion_rmf_description/share/dynominion_rmf_description/package.dsv'
[2.032s] INFO:colcon.colcon_core.shell:Creating package script '/home/jazzy/Desktop/dynominion_rmf/install/dynominion_rmf_description/share/dynominion_rmf_description/package.sh'
[2.032s] INFO:colcon.colcon_core.shell:Creating package script '/home/jazzy/Desktop/dynominion_rmf/install/dynominion_rmf_description/share/dynominion_rmf_description/package.bash'
[2.033s] INFO:colcon.colcon_core.shell:Creating package script '/home/jazzy/Desktop/dynominion_rmf/install/dynominion_rmf_description/share/dynominion_rmf_description/package.zsh'
[2.033s] Level 1:colcon.colcon_core.environment:create_file_with_runtime_dependencies(/home/jazzy/Desktop/dynominion_rmf/install/dynominion_rmf_description/share/colcon-core/packages/dynominion_rmf_description)
[2.034s] Level 1:colcon.colcon_core.environment:create_environment_scripts_only(dynominion_rmf_description)
[2.034s] Level 1:colcon.colcon_core.environment:checking '/home/jazzy/Desktop/dynominion_rmf/install/dynominion_rmf_description' for CMake module files
[2.035s] Level 1:colcon.colcon_core.environment:checking '/home/jazzy/Desktop/dynominion_rmf/install/dynominion_rmf_description' for CMake config files
[2.036s] Level 1:colcon.colcon_core.shell:create_environment_hook('dynominion_rmf_description', 'cmake_prefix_path')
[2.036s] INFO:colcon.colcon_core.shell:Creating environment hook '/home/jazzy/Desktop/dynominion_rmf/install/dynominion_rmf_description/share/dynominion_rmf_description/hook/cmake_prefix_path.ps1'
[2.036s] INFO:colcon.colcon_core.shell:Creating environment descriptor '/home/jazzy/Desktop/dynominion_rmf/install/dynominion_rmf_description/share/dynominion_rmf_description/hook/cmake_prefix_path.dsv'
[2.037s] INFO:colcon.colcon_core.shell:Creating environment hook '/home/jazzy/Desktop/dynominion_rmf/install/dynominion_rmf_description/share/dynominion_rmf_description/hook/cmake_prefix_path.sh'
[2.038s] Level 1:colcon.colcon_core.environment:checking '/home/jazzy/Desktop/dynominion_rmf/install/dynominion_rmf_description/bin'
[2.038s] Level 1:colcon.colcon_core.environment:checking '/home/jazzy/Desktop/dynominion_rmf/install/dynominion_rmf_description/lib/pkgconfig/dynominion_rmf_description.pc'
[2.038s] Level 1:colcon.colcon_core.environment:checking '/home/jazzy/Desktop/dynominion_rmf/install/dynominion_rmf_description/lib/python3.12/site-packages'
[2.038s] Level 1:colcon.colcon_core.environment:checking '/home/jazzy/Desktop/dynominion_rmf/install/dynominion_rmf_description/bin'
[2.039s] INFO:colcon.colcon_core.shell:Creating package script '/home/jazzy/Desktop/dynominion_rmf/install/dynominion_rmf_description/share/dynominion_rmf_description/package.ps1'
[2.040s] INFO:colcon.colcon_core.shell:Creating package descriptor '/home/jazzy/Desktop/dynominion_rmf/install/dynominion_rmf_description/share/dynominion_rmf_description/package.dsv'
[2.041s] INFO:colcon.colcon_core.shell:Creating package script '/home/jazzy/Desktop/dynominion_rmf/install/dynominion_rmf_description/share/dynominion_rmf_description/package.sh'
[2.042s] INFO:colcon.colcon_core.shell:Creating package script '/home/jazzy/Desktop/dynominion_rmf/install/dynominion_rmf_description/share/dynominion_rmf_description/package.bash'
[2.042s] INFO:colcon.colcon_core.shell:Creating package script '/home/jazzy/Desktop/dynominion_rmf/install/dynominion_rmf_description/share/dynominion_rmf_description/package.zsh'
[2.043s] Level 1:colcon.colcon_core.environment:create_file_with_runtime_dependencies(/home/jazzy/Desktop/dynominion_rmf/install/dynominion_rmf_description/share/colcon-core/packages/dynominion_rmf_description)
[2.509s] DEBUG:colcon.colcon_core.event_handler.log_command:Invoking command in '/home/jazzy/Desktop/dynominion_rmf/teleop_robot': DEBUGINFOD_URLS=https://debuginfod.ubuntu.com PYTHONPATH=/home/jazzy/Desktop/dynominion_rmf/build/teleop_robot/prefix_override:/usr/lib/python3/dist-packages/colcon_core/task/python/colcon_distutils_commands:/home/jazzy/Desktop/dynominion_rmf/install/teleop_robot/lib/python3.12/site-packages:${PYTHONPATH} /usr/bin/python3 -W ignore:setup.py install is deprecated -W ignore:easy_install command is deprecated setup.py egg_info --egg-base ../build/teleop_robot build --build-base /home/jazzy/Desktop/dynominion_rmf/build/teleop_robot/build install --record /home/jazzy/Desktop/dynominion_rmf/build/teleop_robot/install.log --single-version-externally-managed install_data
[3.625s] Level 1:colcon.colcon_core.environment:checking '/home/jazzy/Desktop/dynominion_rmf/install/teleop_robot' for CMake module files
[3.625s] DEBUG:colcon.colcon_core.event_handler.log_command:Invoked command in '/home/jazzy/Desktop/dynominion_rmf/teleop_robot' returned '0': DEBUGINFOD_URLS=https://debuginfod.ubuntu.com PYTHONPATH=/home/jazzy/Desktop/dynominion_rmf/build/teleop_robot/prefix_override:/usr/lib/python3/dist-packages/colcon_core/task/python/colcon_distutils_commands:/home/jazzy/Desktop/dynominion_rmf/install/teleop_robot/lib/python3.12/site-packages:${PYTHONPATH} /usr/bin/python3 -W ignore:setup.py install is deprecated -W ignore:easy_install command is deprecated setup.py egg_info --egg-base ../build/teleop_robot build --build-base /home/jazzy/Desktop/dynominion_rmf/build/teleop_robot/build install --record /home/jazzy/Desktop/dynominion_rmf/build/teleop_robot/install.log --single-version-externally-managed install_data
[3.626s] Level 1:colcon.colcon_core.environment:checking '/home/jazzy/Desktop/dynominion_rmf/install/teleop_robot' for CMake config files
[3.627s] Level 1:colcon.colcon_core.environment:checking '/home/jazzy/Desktop/dynominion_rmf/install/teleop_robot/lib'
[3.627s] Level 1:colcon.colcon_core.environment:checking '/home/jazzy/Desktop/dynominion_rmf/install/teleop_robot/bin'
[3.627s] Level 1:colcon.colcon_core.environment:checking '/home/jazzy/Desktop/dynominion_rmf/install/teleop_robot/lib/pkgconfig/teleop_robot.pc'
[3.627s] Level 1:colcon.colcon_core.environment:checking '/home/jazzy/Desktop/dynominion_rmf/install/teleop_robot/lib/python3.12/site-packages'
[3.628s] Level 1:colcon.colcon_core.shell:create_environment_hook('teleop_robot', 'pythonpath')
[3.628s] INFO:colcon.colcon_core.shell:Creating environment hook '/home/jazzy/Desktop/dynominion_rmf/install/teleop_robot/share/teleop_robot/hook/pythonpath.ps1'
[3.629s] INFO:colcon.colcon_core.shell:Creating environment descriptor '/home/jazzy/Desktop/dynominion_rmf/install/teleop_robot/share/teleop_robot/hook/pythonpath.dsv'
[3.629s] INFO:colcon.colcon_core.shell:Creating environment hook '/home/jazzy/Desktop/dynominion_rmf/install/teleop_robot/share/teleop_robot/hook/pythonpath.sh'
[3.630s] Level 1:colcon.colcon_core.environment:checking '/home/jazzy/Desktop/dynominion_rmf/install/teleop_robot/bin'
[3.630s] Level 1:colcon.colcon_core.environment:create_environment_scripts_only(teleop_robot)
[3.630s] INFO:colcon.colcon_core.shell:Creating package script '/home/jazzy/Desktop/dynominion_rmf/install/teleop_robot/share/teleop_robot/package.ps1'
[3.631s] INFO:colcon.colcon_core.shell:Creating package descriptor '/home/jazzy/Desktop/dynominion_rmf/install/teleop_robot/share/teleop_robot/package.dsv'
[3.632s] INFO:colcon.colcon_core.shell:Creating package script '/home/jazzy/Desktop/dynominion_rmf/install/teleop_robot/share/teleop_robot/package.sh'
[3.632s] INFO:colcon.colcon_core.shell:Creating package script '/home/jazzy/Desktop/dynominion_rmf/install/teleop_robot/share/teleop_robot/package.bash'
[3.633s] INFO:colcon.colcon_core.shell:Creating package script '/home/jazzy/Desktop/dynominion_rmf/install/teleop_robot/share/teleop_robot/package.zsh'
[3.633s] Level 1:colcon.colcon_core.environment:create_file_with_runtime_dependencies(/home/jazzy/Desktop/dynominion_rmf/install/teleop_robot/share/colcon-core/packages/teleop_robot)
[4.257s] DEBUG:colcon.colcon_core.event_handler.log_command:Invoked command in '/home/jazzy/Desktop/dynominion_rmf/build/dynominion_rmf_gazebo' returned '0': CMAKE_PREFIX_PATH=${CMAKE_PREFIX_PATH}:/opt/ros/jazzy DEBUGINFOD_URLS=https://debuginfod.ubuntu.com /usr/bin/cmake /home/jazzy/Desktop/dynominion_rmf/dynominion_rmf_gazebo -DCMAKE_INSTALL_PREFIX=/home/jazzy/Desktop/dynominion_rmf/install/dynominion_rmf_gazebo
[4.259s] DEBUG:colcon.colcon_core.event_handler.log_command:Invoking command in '/home/jazzy/Desktop/dynominion_rmf/build/dynominion_rmf_gazebo': CMAKE_PREFIX_PATH=${CMAKE_PREFIX_PATH}:/opt/ros/jazzy DEBUGINFOD_URLS=https://debuginfod.ubuntu.com /usr/bin/cmake --build /home/jazzy/Desktop/dynominion_rmf/build/dynominion_rmf_gazebo -- -j16 -l16
[4.339s] DEBUG:colcon.colcon_core.event_handler.log_command:Invoked command in '/home/jazzy/Desktop/dynominion_rmf/build/dynominion_rmf_gazebo' returned '0': CMAKE_PREFIX_PATH=${CMAKE_PREFIX_PATH}:/opt/ros/jazzy DEBUGINFOD_URLS=https://debuginfod.ubuntu.com /usr/bin/cmake --build /home/jazzy/Desktop/dynominion_rmf/build/dynominion_rmf_gazebo -- -j16 -l16
[4.342s] DEBUG:colcon.colcon_core.event_handler.log_command:Invoking command in '/home/jazzy/Desktop/dynominion_rmf/build/dynominion_rmf_gazebo': CMAKE_PREFIX_PATH=${CMAKE_PREFIX_PATH}:/opt/ros/jazzy DEBUGINFOD_URLS=https://debuginfod.ubuntu.com /usr/bin/cmake --install /home/jazzy/Desktop/dynominion_rmf/build/dynominion_rmf_gazebo
[4.455s] Level 1:colcon.colcon_core.environment:create_environment_scripts_only(dynominion_rmf_gazebo)
[4.456s] Level 1:colcon.colcon_core.environment:checking '/home/jazzy/Desktop/dynominion_rmf/install/dynominion_rmf_gazebo' for CMake module files
[4.456s] DEBUG:colcon.colcon_core.event_handler.log_command:Invoked command in '/home/jazzy/Desktop/dynominion_rmf/build/dynominion_rmf_gazebo' returned '0': CMAKE_PREFIX_PATH=${CMAKE_PREFIX_PATH}:/opt/ros/jazzy DEBUGINFOD_URLS=https://debuginfod.ubuntu.com /usr/bin/cmake --install /home/jazzy/Desktop/dynominion_rmf/build/dynominion_rmf_gazebo
[4.457s] Level 1:colcon.colcon_core.environment:checking '/home/jazzy/Desktop/dynominion_rmf/install/dynominion_rmf_gazebo' for CMake config files
[4.458s] Level 1:colcon.colcon_core.shell:create_environment_hook('dynominion_rmf_gazebo', 'cmake_prefix_path')
[4.458s] INFO:colcon.colcon_core.shell:Creating environment hook '/home/jazzy/Desktop/dynominion_rmf/install/dynominion_rmf_gazebo/share/dynominion_rmf_gazebo/hook/cmake_prefix_path.ps1'
[4.459s] INFO:colcon.colcon_core.shell:Creating environment descriptor '/home/jazzy/Desktop/dynominion_rmf/install/dynominion_rmf_gazebo/share/dynominion_rmf_gazebo/hook/cmake_prefix_path.dsv'
[4.460s] INFO:colcon.colcon_core.shell:Creating environment hook '/home/jazzy/Desktop/dynominion_rmf/install/dynominion_rmf_gazebo/share/dynominion_rmf_gazebo/hook/cmake_prefix_path.sh'
[4.460s] Level 1:colcon.colcon_core.environment:checking '/home/jazzy/Desktop/dynominion_rmf/install/dynominion_rmf_gazebo/lib'
[4.461s] Level 1:colcon.colcon_core.environment:checking '/home/jazzy/Desktop/dynominion_rmf/install/dynominion_rmf_gazebo/bin'
[4.461s] Level 1:colcon.colcon_core.environment:checking '/home/jazzy/Desktop/dynominion_rmf/install/dynominion_rmf_gazebo/lib/pkgconfig/dynominion_rmf_gazebo.pc'
[4.461s] Level 1:colcon.colcon_core.environment:checking '/home/jazzy/Desktop/dynominion_rmf/install/dynominion_rmf_gazebo/lib/python3.12/site-packages'
[4.461s] Level 1:colcon.colcon_core.environment:checking '/home/jazzy/Desktop/dynominion_rmf/install/dynominion_rmf_gazebo/bin'
[4.462s] INFO:colcon.colcon_core.shell:Creating package script '/home/jazzy/Desktop/dynominion_rmf/install/dynominion_rmf_gazebo/share/dynominion_rmf_gazebo/package.ps1'
[4.462s] INFO:colcon.colcon_core.shell:Creating package descriptor '/home/jazzy/Desktop/dynominion_rmf/install/dynominion_rmf_gazebo/share/dynominion_rmf_gazebo/package.dsv'
[4.463s] INFO:colcon.colcon_core.shell:Creating package script '/home/jazzy/Desktop/dynominion_rmf/install/dynominion_rmf_gazebo/share/dynominion_rmf_gazebo/package.sh'
[4.463s] INFO:colcon.colcon_core.shell:Creating package script '/home/jazzy/Desktop/dynominion_rmf/install/dynominion_rmf_gazebo/share/dynominion_rmf_gazebo/package.bash'
[4.464s] INFO:colcon.colcon_core.shell:Creating package script '/home/jazzy/Desktop/dynominion_rmf/install/dynominion_rmf_gazebo/share/dynominion_rmf_gazebo/package.zsh'
[4.464s] Level 1:colcon.colcon_core.environment:create_file_with_runtime_dependencies(/home/jazzy/Desktop/dynominion_rmf/install/dynominion_rmf_gazebo/share/colcon-core/packages/dynominion_rmf_gazebo)
[4.465s] Level 1:colcon.colcon_core.environment:create_environment_scripts_only(dynominion_rmf_gazebo)
[4.465s] Level 1:colcon.colcon_core.environment:checking '/home/jazzy/Desktop/dynominion_rmf/install/dynominion_rmf_gazebo' for CMake module files
[4.466s] Level 1:colcon.colcon_core.environment:checking '/home/jazzy/Desktop/dynominion_rmf/install/dynominion_rmf_gazebo' for CMake config files
[4.467s] Level 1:colcon.colcon_core.shell:create_environment_hook('dynominion_rmf_gazebo', 'cmake_prefix_path')
[4.467s] INFO:colcon.colcon_core.shell:Creating environment hook '/home/jazzy/Desktop/dynominion_rmf/install/dynominion_rmf_gazebo/share/dynominion_rmf_gazebo/hook/cmake_prefix_path.ps1'
[4.468s] INFO:colcon.colcon_core.shell:Creating environment descriptor '/home/jazzy/Desktop/dynominion_rmf/install/dynominion_rmf_gazebo/share/dynominion_rmf_gazebo/hook/cmake_prefix_path.dsv'
[4.468s] INFO:colcon.colcon_core.shell:Creating environment hook '/home/jazzy/Desktop/dynominion_rmf/install/dynominion_rmf_gazebo/share/dynominion_rmf_gazebo/hook/cmake_prefix_path.sh'
[4.469s] Level 1:colcon.colcon_core.environment:checking '/home/jazzy/Desktop/dynominion_rmf/install/dynominion_rmf_gazebo/lib'
[4.469s] Level 1:colcon.colcon_core.environment:checking '/home/jazzy/Desktop/dynominion_rmf/install/dynominion_rmf_gazebo/bin'
[4.469s] Level 1:colcon.colcon_core.environment:checking '/home/jazzy/Desktop/dynominion_rmf/install/dynominion_rmf_gazebo/lib/pkgconfig/dynominion_rmf_gazebo.pc'
[4.470s] Level 1:colcon.colcon_core.environment:checking '/home/jazzy/Desktop/dynominion_rmf/install/dynominion_rmf_gazebo/lib/python3.12/site-packages'
[4.470s] Level 1:colcon.colcon_core.environment:checking '/home/jazzy/Desktop/dynominion_rmf/install/dynominion_rmf_gazebo/bin'
[4.471s] INFO:colcon.colcon_core.shell:Creating package script '/home/jazzy/Desktop/dynominion_rmf/install/dynominion_rmf_gazebo/share/dynominion_rmf_gazebo/package.ps1'
[4.471s] INFO:colcon.colcon_core.shell:Creating package descriptor '/home/jazzy/Desktop/dynominion_rmf/install/dynominion_rmf_gazebo/share/dynominion_rmf_gazebo/package.dsv'
[4.472s] INFO:colcon.colcon_core.shell:Creating package script '/home/jazzy/Desktop/dynominion_rmf/install/dynominion_rmf_gazebo/share/dynominion_rmf_gazebo/package.sh'
[4.473s] INFO:colcon.colcon_core.shell:Creating package script '/home/jazzy/Desktop/dynominion_rmf/install/dynominion_rmf_gazebo/share/dynominion_rmf_gazebo/package.bash'
[4.473s] INFO:colcon.colcon_core.shell:Creating package script '/home/jazzy/Desktop/dynominion_rmf/install/dynominion_rmf_gazebo/share/dynominion_rmf_gazebo/package.zsh'
[4.474s] Level 1:colcon.colcon_core.environment:create_file_with_runtime_dependencies(/home/jazzy/Desktop/dynominion_rmf/install/dynominion_rmf_gazebo/share/colcon-core/packages/dynominion_rmf_gazebo)
[5.270s] DEBUG:colcon.colcon_core.event_handler.log_command:Invoked command in '/home/jazzy/Desktop/dynominion_rmf/build/dynominion_rmf_slam' returned '0': CMAKE_PREFIX_PATH=${CMAKE_PREFIX_PATH}:/opt/ros/jazzy DEBUGINFOD_URLS=https://debuginfod.ubuntu.com /usr/bin/cmake /home/jazzy/Desktop/dynominion_rmf/dynominion_rmf_slam -DCMAKE_INSTALL_PREFIX=/home/jazzy/Desktop/dynominion_rmf/install/dynominion_rmf_slam
[5.272s] DEBUG:colcon.colcon_core.event_handler.log_command:Invoking command in '/home/jazzy/Desktop/dynominion_rmf/build/dynominion_rmf_slam': CMAKE_PREFIX_PATH=${CMAKE_PREFIX_PATH}:/opt/ros/jazzy DEBUGINFOD_URLS=https://debuginfod.ubuntu.com /usr/bin/cmake --build /home/jazzy/Desktop/dynominion_rmf/build/dynominion_rmf_slam -- -j16 -l16
[5.355s] DEBUG:colcon.colcon_core.event_handler.log_command:Invoked command in '/home/jazzy/Desktop/dynominion_rmf/build/dynominion_rmf_slam' returned '0': CMAKE_PREFIX_PATH=${CMAKE_PREFIX_PATH}:/opt/ros/jazzy DEBUGINFOD_URLS=https://debuginfod.ubuntu.com /usr/bin/cmake --build /home/jazzy/Desktop/dynominion_rmf/build/dynominion_rmf_slam -- -j16 -l16
[5.357s] DEBUG:colcon.colcon_core.event_handler.log_command:Invoking command in '/home/jazzy/Desktop/dynominion_rmf/build/dynominion_rmf_slam': CMAKE_PREFIX_PATH=${CMAKE_PREFIX_PATH}:/opt/ros/jazzy DEBUGINFOD_URLS=https://debuginfod.ubuntu.com /usr/bin/cmake --install /home/jazzy/Desktop/dynominion_rmf/build/dynominion_rmf_slam
[5.380s] Level 1:colcon.colcon_core.environment:create_environment_scripts_only(dynominion_rmf_slam)
[5.380s] Level 1:colcon.colcon_core.environment:checking '/home/jazzy/Desktop/dynominion_rmf/install/dynominion_rmf_slam' for CMake module files
[5.381s] DEBUG:colcon.colcon_core.event_handler.log_command:Invoked command in '/home/jazzy/Desktop/dynominion_rmf/build/dynominion_rmf_slam' returned '0': CMAKE_PREFIX_PATH=${CMAKE_PREFIX_PATH}:/opt/ros/jazzy DEBUGINFOD_URLS=https://debuginfod.ubuntu.com /usr/bin/cmake --install /home/jazzy/Desktop/dynominion_rmf/build/dynominion_rmf_slam
[5.382s] Level 1:colcon.colcon_core.environment:checking '/home/jazzy/Desktop/dynominion_rmf/install/dynominion_rmf_slam' for CMake config files
[5.382s] Level 1:colcon.colcon_core.shell:create_environment_hook('dynominion_rmf_slam', 'cmake_prefix_path')
[5.383s] INFO:colcon.colcon_core.shell:Creating environment hook '/home/jazzy/Desktop/dynominion_rmf/install/dynominion_rmf_slam/share/dynominion_rmf_slam/hook/cmake_prefix_path.ps1'
[5.383s] INFO:colcon.colcon_core.shell:Creating environment descriptor '/home/jazzy/Desktop/dynominion_rmf/install/dynominion_rmf_slam/share/dynominion_rmf_slam/hook/cmake_prefix_path.dsv'
[5.384s] INFO:colcon.colcon_core.shell:Creating environment hook '/home/jazzy/Desktop/dynominion_rmf/install/dynominion_rmf_slam/share/dynominion_rmf_slam/hook/cmake_prefix_path.sh'
[5.385s] Level 1:colcon.colcon_core.environment:checking '/home/jazzy/Desktop/dynominion_rmf/install/dynominion_rmf_slam/bin'
[5.385s] Level 1:colcon.colcon_core.environment:checking '/home/jazzy/Desktop/dynominion_rmf/install/dynominion_rmf_slam/lib/pkgconfig/dynominion_rmf_slam.pc'
[5.385s] Level 1:colcon.colcon_core.environment:checking '/home/jazzy/Desktop/dynominion_rmf/install/dynominion_rmf_slam/lib/python3.12/site-packages'
[5.386s] Level 1:colcon.colcon_core.environment:checking '/home/jazzy/Desktop/dynominion_rmf/install/dynominion_rmf_slam/bin'
[5.386s] INFO:colcon.colcon_core.shell:Creating package script '/home/jazzy/Desktop/dynominion_rmf/install/dynominion_rmf_slam/share/dynominion_rmf_slam/package.ps1'
[5.386s] INFO:colcon.colcon_core.shell:Creating package descriptor '/home/jazzy/Desktop/dynominion_rmf/install/dynominion_rmf_slam/share/dynominion_rmf_slam/package.dsv'
[5.387s] INFO:colcon.colcon_core.shell:Creating package script '/home/jazzy/Desktop/dynominion_rmf/install/dynominion_rmf_slam/share/dynominion_rmf_slam/package.sh'
[5.388s] INFO:colcon.colcon_core.shell:Creating package script '/home/jazzy/Desktop/dynominion_rmf/install/dynominion_rmf_slam/share/dynominion_rmf_slam/package.bash'
[5.388s] INFO:colcon.colcon_core.shell:Creating package script '/home/jazzy/Desktop/dynominion_rmf/install/dynominion_rmf_slam/share/dynominion_rmf_slam/package.zsh'
[5.388s] Level 1:colcon.colcon_core.environment:create_file_with_runtime_dependencies(/home/jazzy/Desktop/dynominion_rmf/install/dynominion_rmf_slam/share/colcon-core/packages/dynominion_rmf_slam)
[5.389s] Level 1:colcon.colcon_core.environment:create_environment_scripts_only(dynominion_rmf_slam)
[5.389s] Level 1:colcon.colcon_core.environment:checking '/home/jazzy/Desktop/dynominion_rmf/install/dynominion_rmf_slam' for CMake module files
[5.390s] Level 1:colcon.colcon_core.environment:checking '/home/jazzy/Desktop/dynominion_rmf/install/dynominion_rmf_slam' for CMake config files
[5.390s] Level 1:colcon.colcon_core.shell:create_environment_hook('dynominion_rmf_slam', 'cmake_prefix_path')
[5.391s] INFO:colcon.colcon_core.shell:Creating environment hook '/home/jazzy/Desktop/dynominion_rmf/install/dynominion_rmf_slam/share/dynominion_rmf_slam/hook/cmake_prefix_path.ps1'
[5.391s] INFO:colcon.colcon_core.shell:Creating environment descriptor '/home/jazzy/Desktop/dynominion_rmf/install/dynominion_rmf_slam/share/dynominion_rmf_slam/hook/cmake_prefix_path.dsv'
[5.392s] INFO:colcon.colcon_core.shell:Creating environment hook '/home/jazzy/Desktop/dynominion_rmf/install/dynominion_rmf_slam/share/dynominion_rmf_slam/hook/cmake_prefix_path.sh'
[5.393s] Level 1:colcon.colcon_core.environment:checking '/home/jazzy/Desktop/dynominion_rmf/install/dynominion_rmf_slam/bin'
[5.393s] Level 1:colcon.colcon_core.environment:checking '/home/jazzy/Desktop/dynominion_rmf/install/dynominion_rmf_slam/lib/pkgconfig/dynominion_rmf_slam.pc'
[5.393s] Level 1:colcon.colcon_core.environment:checking '/home/jazzy/Desktop/dynominion_rmf/install/dynominion_rmf_slam/lib/python3.12/site-packages'
[5.393s] Level 1:colcon.colcon_core.environment:checking '/home/jazzy/Desktop/dynominion_rmf/install/dynominion_rmf_slam/bin'
[5.394s] INFO:colcon.colcon_core.shell:Creating package script '/home/jazzy/Desktop/dynominion_rmf/install/dynominion_rmf_slam/share/dynominion_rmf_slam/package.ps1'
[5.394s] INFO:colcon.colcon_core.shell:Creating package descriptor '/home/jazzy/Desktop/dynominion_rmf/install/dynominion_rmf_slam/share/dynominion_rmf_slam/package.dsv'
[5.395s] INFO:colcon.colcon_core.shell:Creating package script '/home/jazzy/Desktop/dynominion_rmf/install/dynominion_rmf_slam/share/dynominion_rmf_slam/package.sh'
[5.396s] INFO:colcon.colcon_core.shell:Creating package script '/home/jazzy/Desktop/dynominion_rmf/install/dynominion_rmf_slam/share/dynominion_rmf_slam/package.bash'
[5.396s] INFO:colcon.colcon_core.shell:Creating package script '/home/jazzy/Desktop/dynominion_rmf/install/dynominion_rmf_slam/share/dynominion_rmf_slam/package.zsh'
[5.397s] Level 1:colcon.colcon_core.environment:create_file_with_runtime_dependencies(/home/jazzy/Desktop/dynominion_rmf/install/dynominion_rmf_slam/share/colcon-core/packages/dynominion_rmf_slam)
[5.397s] DEBUG:colcon.colcon_parallel_executor.executor.parallel:closing loop
[5.398s] DEBUG:colcon.colcon_parallel_executor.executor.parallel:loop closed
[5.398s] DEBUG:colcon.colcon_parallel_executor.executor.parallel:run_until_complete finished with '0'
[5.398s] DEBUG:colcon.colcon_core.event_reactor:joining thread
[5.408s] INFO:colcon.colcon_core.plugin_system:Skipping extension 'colcon_notification.desktop_notification.terminal_notifier': Not used on non-Darwin systems
[5.408s] INFO:colcon.colcon_core.plugin_system:Skipping extension 'colcon_notification.desktop_notification.win32': Not used on non-Windows systems
[5.408s] INFO:colcon.colcon_notification.desktop_notification:Sending desktop notification using 'notify2'
[5.428s] DEBUG:colcon.colcon_core.event_reactor:joined thread
[5.428s] INFO:colcon.colcon_core.shell:Creating prefix script '/home/jazzy/Desktop/dynominion_rmf/install/local_setup.ps1'
[5.430s] INFO:colcon.colcon_core.shell:Creating prefix util module '/home/jazzy/Desktop/dynominion_rmf/install/_local_setup_util_ps1.py'
[5.431s] INFO:colcon.colcon_core.shell:Creating prefix chain script '/home/jazzy/Desktop/dynominion_rmf/install/setup.ps1'
[5.432s] INFO:colcon.colcon_core.shell:Creating prefix script '/home/jazzy/Desktop/dynominion_rmf/install/local_setup.sh'
[5.433s] INFO:colcon.colcon_core.shell:Creating prefix util module '/home/jazzy/Desktop/dynominion_rmf/install/_local_setup_util_sh.py'
[5.434s] INFO:colcon.colcon_core.shell:Creating prefix chain script '/home/jazzy/Desktop/dynominion_rmf/install/setup.sh'
[5.435s] INFO:colcon.colcon_core.shell:Creating prefix script '/home/jazzy/Desktop/dynominion_rmf/install/local_setup.bash'
[5.435s] INFO:colcon.colcon_core.shell:Creating prefix chain script '/home/jazzy/Desktop/dynominion_rmf/install/setup.bash'
[5.437s] INFO:colcon.colcon_core.shell:Creating prefix script '/home/jazzy/Desktop/dynominion_rmf/install/local_setup.zsh'
[5.437s] INFO:colcon.colcon_core.shell:Creating prefix chain script '/home/jazzy/Desktop/dynominion_rmf/install/setup.zsh'
