-- The C compiler identification is GNU 13.3.0
-- The CXX compiler identification is GNU 13.3.0
-- Detecting C compiler ABI info
-- Detecting C compiler ABI info - done
-- Check for working C compiler: /usr/bin/cc - skipped
-- Detecting C compile features
-- Detecting C compile features - done
-- Detecting CXX compiler ABI info
-- Detecting CXX compiler ABI info - done
-- Check for working CXX compiler: /usr/bin/c++ - skipped
-- Detecting CXX compile features
-- Detecting CXX compile features - done
-- Found ament_cmake: 2.5.5 (/opt/ros/jazzy/share/ament_cmake/cmake)
-- Found Python3: /usr/bin/python3 (found version "3.12.3") found components: Interpreter 
-- Found geometry_msgs: 5.3.6 (/opt/ros/jazzy/share/geometry_msgs/cmake)
-- Found rosidl_generator_c: 4.6.7 (/opt/ros/jazzy/share/rosidl_generator_c/cmake)
-- Found rosidl_generator_cpp: 4.6.7 (/opt/ros/jazzy/share/rosidl_generator_cpp/cmake)
-- Using all available rosidl_typesupport_c: rosidl_typesupport_fastrtps_c;rosidl_typesupport_introspection_c
-- Using all available rosidl_typesupport_cpp: rosidl_typesupport_fastrtps_cpp;rosidl_typesupport_introspection_cpp
-- Found action_msgs: 2.0.3 (/opt/ros/jazzy/share/action_msgs/cmake)
-- Found rosidl_default_generators: 1.6.0 (/opt/ros/jazzy/share/rosidl_default_generators/cmake)
-- Found rosidl_adapter: 4.6.7 (/opt/ros/jazzy/share/rosidl_adapter/cmake)
-- Found ament_cmake_ros: 0.12.0 (/opt/ros/jazzy/share/ament_cmake_ros/cmake)
-- Using all available rosidl_typesupport_c: rosidl_typesupport_fastrtps_c;rosidl_typesupport_introspection_c
-- Using all available rosidl_typesupport_cpp: rosidl_typesupport_fastrtps_cpp;rosidl_typesupport_introspection_cpp
-- Found python_cmake_module: 0.11.1 (/opt/ros/jazzy/share/python_cmake_module/cmake)
-- Found PythonExtra: /usr/bin/python3  
-- Found Python3: /usr/bin/python3 (found version "3.12.3") found components: Interpreter Development NumPy Development.Module Development.Embed 
-- Found ament_lint_auto: 0.17.4 (/opt/ros/jazzy/share/ament_lint_auto/cmake)
-- Added test 'flake8' to check Python code syntax and style conventions
-- Configured 'flake8' exclude dirs and/or files: 
-- Added test 'lint_cmake' to check CMake code style
-- Added test 'pep257' to check Python code against some of the docstring style conventions in PEP 257
-- Added test 'xmllint' to check XML markup files
-- Configuring done (6.1s)
-- Generating done (0.1s)
-- Build files have been written to: /home/jazzy/ros2_ws/src/dynominion/build/nav2_taskmanager
[  2%] [34m[1mGenerating type hashes for ROS interfaces[0m
[  2%] Built target ament_cmake_python_copy_nav2_taskmanager
[  2%] Built target nav2_taskmanager__rosidl_generator_type_description
[  5%] [34m[1mGenerating C code for ROS interfaces[0m
[  8%] [34m[1mGenerating C++ code for ROS interfaces[0m
running egg_info
creating nav2_taskmanager.egg-info
writing nav2_taskmanager.egg-info/PKG-INFO
writing dependency_links to nav2_taskmanager.egg-info/dependency_links.txt
writing top-level names to nav2_taskmanager.egg-info/top_level.txt
writing manifest file 'nav2_taskmanager.egg-info/SOURCES.txt'
reading manifest file 'nav2_taskmanager.egg-info/SOURCES.txt'
writing manifest file 'nav2_taskmanager.egg-info/SOURCES.txt'
[  8%] Built target ament_cmake_python_build_nav2_taskmanager_egg
[  8%] Built target nav2_taskmanager__cpp
[ 17%] [32mBuilding C object CMakeFiles/nav2_taskmanager__rosidl_generator_c.dir/rosidl_generator_c/nav2_taskmanager/action/detail/mission_task__description.c.o[0m
[ 17%] [32mBuilding C object CMakeFiles/nav2_taskmanager__rosidl_generator_c.dir/rosidl_generator_c/nav2_taskmanager/action/detail/mission_task__functions.c.o[0m
[ 17%] [32mBuilding C object CMakeFiles/nav2_taskmanager__rosidl_generator_c.dir/rosidl_generator_c/nav2_taskmanager/action/detail/mission_task__type_support.c.o[0m
[ 20%] [32m[1mLinking C shared library libnav2_taskmanager__rosidl_generator_c.so[0m
[ 20%] Built target nav2_taskmanager__rosidl_generator_c
[ 29%] [34m[1mGenerating C++ type support dispatch for ROS interfaces[0m
[ 26%] [34m[1mGenerating C type support for eProsima Fast-RTPS[0m
[ 29%] [34m[1mGenerating C introspection for ROS interfaces[0m
[ 32%] [34m[1mGenerating C++ type support for eProsima Fast-RTPS[0m
[ 35%] [34m[1mGenerating C++ introspection for ROS interfaces[0m
[ 38%] [34m[1mGenerating C type support dispatch for ROS interfaces[0m
[ 44%] [32mBuilding CXX object CMakeFiles/nav2_taskmanager__rosidl_typesupport_cpp.dir/rosidl_typesupport_cpp/nav2_taskmanager/action/mission_task__type_support.cpp.o[0m
[ 44%] [32mBuilding CXX object CMakeFiles/nav2_taskmanager__rosidl_typesupport_c.dir/rosidl_typesupport_c/nav2_taskmanager/action/mission_task__type_support.cpp.o[0m
[ 47%] [32mBuilding CXX object CMakeFiles/nav2_taskmanager__rosidl_typesupport_introspection_cpp.dir/rosidl_typesupport_introspection_cpp/nav2_taskmanager/action/detail/mission_task__type_support.cpp.o[0m
[ 50%] [32m[1mLinking CXX shared library libnav2_taskmanager__rosidl_typesupport_c.so[0m
[ 52%] [32mBuilding C object CMakeFiles/nav2_taskmanager__rosidl_typesupport_introspection_c.dir/rosidl_typesupport_introspection_c/nav2_taskmanager/action/detail/mission_task__type_support.c.o[0m
[ 52%] Built target nav2_taskmanager__rosidl_typesupport_c
[ 55%] [32m[1mLinking C shared library libnav2_taskmanager__rosidl_typesupport_introspection_c.so[0m
[ 55%] Built target nav2_taskmanager__rosidl_typesupport_introspection_c
[ 58%] [32mBuilding CXX object CMakeFiles/nav2_taskmanager__rosidl_typesupport_fastrtps_cpp.dir/rosidl_typesupport_fastrtps_cpp/nav2_taskmanager/action/detail/dds_fastrtps/mission_task__type_support.cpp.o[0m
[ 61%] [32mBuilding CXX object CMakeFiles/nav2_taskmanager__rosidl_typesupport_fastrtps_c.dir/rosidl_typesupport_fastrtps_c/nav2_taskmanager/action/detail/mission_task__type_support_c.cpp.o[0m
[ 64%] [32m[1mLinking CXX shared library libnav2_taskmanager__rosidl_typesupport_cpp.so[0m
[ 64%] Built target nav2_taskmanager__rosidl_typesupport_cpp
[ 67%] [32m[1mLinking CXX shared library libnav2_taskmanager__rosidl_typesupport_fastrtps_c.so[0m
[ 70%] [32m[1mLinking CXX shared library libnav2_taskmanager__rosidl_typesupport_introspection_cpp.so[0m
[ 70%] Built target nav2_taskmanager__rosidl_typesupport_fastrtps_c
[ 70%] Built target nav2_taskmanager__rosidl_typesupport_introspection_cpp
[ 73%] [32m[1mLinking CXX shared library libnav2_taskmanager__rosidl_typesupport_fastrtps_cpp.so[0m
[ 73%] Built target nav2_taskmanager__rosidl_typesupport_fastrtps_cpp
[ 73%] Built target nav2_taskmanager
[ 76%] [34m[1mGenerating Python code for ROS interfaces[0m
[ 76%] Built target nav2_taskmanager__py
[ 79%] [32mBuilding C object CMakeFiles/nav2_taskmanager__rosidl_generator_py.dir/rosidl_generator_py/nav2_taskmanager/action/_mission_task_s.c.o[0m
[ 82%] [32m[1mLinking C shared library libnav2_taskmanager__rosidl_generator_py.so[0m
[ 82%] Built target nav2_taskmanager__rosidl_generator_py
[ 91%] [32mBuilding C object CMakeFiles/nav2_taskmanager_s__rosidl_typesupport_introspection_c.dir/rosidl_generator_py/nav2_taskmanager/_nav2_taskmanager_s.ep.rosidl_typesupport_introspection_c.c.o[0m
[ 91%] [32mBuilding C object CMakeFiles/nav2_taskmanager_s__rosidl_typesupport_fastrtps_c.dir/rosidl_generator_py/nav2_taskmanager/_nav2_taskmanager_s.ep.rosidl_typesupport_fastrtps_c.c.o[0m
[ 91%] [32mBuilding C object CMakeFiles/nav2_taskmanager_s__rosidl_typesupport_c.dir/rosidl_generator_py/nav2_taskmanager/_nav2_taskmanager_s.ep.rosidl_typesupport_c.c.o[0m
[ 97%] [32m[1mLinking C shared module rosidl_generator_py/nav2_taskmanager/nav2_taskmanager_s__rosidl_typesupport_introspection_c.so[0m
[ 97%] [32m[1mLinking C shared module rosidl_generator_py/nav2_taskmanager/nav2_taskmanager_s__rosidl_typesupport_c.so[0m
[100%] [32m[1mLinking C shared module rosidl_generator_py/nav2_taskmanager/nav2_taskmanager_s__rosidl_typesupport_fastrtps_c.so[0m
[100%] Built target nav2_taskmanager_s__rosidl_typesupport_introspection_c
[100%] Built target nav2_taskmanager_s__rosidl_typesupport_c
[100%] Built target nav2_taskmanager_s__rosidl_typesupport_fastrtps_c
-- Install configuration: ""
-- Installing: /home/jazzy/ros2_ws/src/dynominion/install/nav2_taskmanager/share/ament_index/resource_index/rosidl_interfaces/nav2_taskmanager
-- Installing: /home/jazzy/ros2_ws/src/dynominion/install/nav2_taskmanager/share/nav2_taskmanager/action/MissionTask.json
-- Installing: /home/jazzy/ros2_ws/src/dynominion/install/nav2_taskmanager/include/nav2_taskmanager/nav2_taskmanager
-- Installing: /home/jazzy/ros2_ws/src/dynominion/install/nav2_taskmanager/include/nav2_taskmanager/nav2_taskmanager/action
-- Installing: /home/jazzy/ros2_ws/src/dynominion/install/nav2_taskmanager/include/nav2_taskmanager/nav2_taskmanager/action/detail
-- Installing: /home/jazzy/ros2_ws/src/dynominion/install/nav2_taskmanager/include/nav2_taskmanager/nav2_taskmanager/action/detail/mission_task__struct.h
-- Installing: /home/jazzy/ros2_ws/src/dynominion/install/nav2_taskmanager/include/nav2_taskmanager/nav2_taskmanager/action/detail/mission_task__type_support.c
-- Installing: /home/jazzy/ros2_ws/src/dynominion/install/nav2_taskmanager/include/nav2_taskmanager/nav2_taskmanager/action/detail/mission_task__functions.c
-- Installing: /home/jazzy/ros2_ws/src/dynominion/install/nav2_taskmanager/include/nav2_taskmanager/nav2_taskmanager/action/detail/mission_task__description.c
-- Installing: /home/jazzy/ros2_ws/src/dynominion/install/nav2_taskmanager/include/nav2_taskmanager/nav2_taskmanager/action/detail/mission_task__functions.h
-- Installing: /home/jazzy/ros2_ws/src/dynominion/install/nav2_taskmanager/include/nav2_taskmanager/nav2_taskmanager/action/detail/mission_task__type_support.h
-- Installing: /home/jazzy/ros2_ws/src/dynominion/install/nav2_taskmanager/include/nav2_taskmanager/nav2_taskmanager/action/mission_task.h
-- Installing: /home/jazzy/ros2_ws/src/dynominion/install/nav2_taskmanager/include/nav2_taskmanager/nav2_taskmanager/msg
-- Installing: /home/jazzy/ros2_ws/src/dynominion/install/nav2_taskmanager/include/nav2_taskmanager/nav2_taskmanager/msg/rosidl_generator_c__visibility_control.h
-- Installing: /home/jazzy/ros2_ws/src/dynominion/install/nav2_taskmanager/share/nav2_taskmanager/environment/library_path.sh
-- Installing: /home/jazzy/ros2_ws/src/dynominion/install/nav2_taskmanager/share/nav2_taskmanager/environment/library_path.dsv
-- Installing: /home/jazzy/ros2_ws/src/dynominion/install/nav2_taskmanager/lib/libnav2_taskmanager__rosidl_generator_c.so
-- Set non-toolchain portion of runtime path of "/home/jazzy/ros2_ws/src/dynominion/install/nav2_taskmanager/lib/libnav2_taskmanager__rosidl_generator_c.so" to ""
-- Up-to-date: /home/jazzy/ros2_ws/src/dynominion/install/nav2_taskmanager/include/nav2_taskmanager/nav2_taskmanager
-- Up-to-date: /home/jazzy/ros2_ws/src/dynominion/install/nav2_taskmanager/include/nav2_taskmanager/nav2_taskmanager/action
-- Up-to-date: /home/jazzy/ros2_ws/src/dynominion/install/nav2_taskmanager/include/nav2_taskmanager/nav2_taskmanager/action/detail
-- Installing: /home/jazzy/ros2_ws/src/dynominion/install/nav2_taskmanager/include/nav2_taskmanager/nav2_taskmanager/action/detail/mission_task__rosidl_typesupport_fastrtps_c.h
-- Up-to-date: /home/jazzy/ros2_ws/src/dynominion/install/nav2_taskmanager/include/nav2_taskmanager/nav2_taskmanager/msg
-- Installing: /home/jazzy/ros2_ws/src/dynominion/install/nav2_taskmanager/include/nav2_taskmanager/nav2_taskmanager/msg/rosidl_typesupport_fastrtps_c__visibility_control.h
-- Installing: /home/jazzy/ros2_ws/src/dynominion/install/nav2_taskmanager/lib/libnav2_taskmanager__rosidl_typesupport_fastrtps_c.so
-- Set non-toolchain portion of runtime path of "/home/jazzy/ros2_ws/src/dynominion/install/nav2_taskmanager/lib/libnav2_taskmanager__rosidl_typesupport_fastrtps_c.so" to ""
-- Up-to-date: /home/jazzy/ros2_ws/src/dynominion/install/nav2_taskmanager/include/nav2_taskmanager/nav2_taskmanager
-- Up-to-date: /home/jazzy/ros2_ws/src/dynominion/install/nav2_taskmanager/include/nav2_taskmanager/nav2_taskmanager/action
-- Installing: /home/jazzy/ros2_ws/src/dynominion/install/nav2_taskmanager/include/nav2_taskmanager/nav2_taskmanager/action/mission_task.hpp
-- Up-to-date: /home/jazzy/ros2_ws/src/dynominion/install/nav2_taskmanager/include/nav2_taskmanager/nav2_taskmanager/action/detail
-- Installing: /home/jazzy/ros2_ws/src/dynominion/install/nav2_taskmanager/include/nav2_taskmanager/nav2_taskmanager/action/detail/mission_task__type_support.hpp
-- Installing: /home/jazzy/ros2_ws/src/dynominion/install/nav2_taskmanager/include/nav2_taskmanager/nav2_taskmanager/action/detail/mission_task__struct.hpp
-- Installing: /home/jazzy/ros2_ws/src/dynominion/install/nav2_taskmanager/include/nav2_taskmanager/nav2_taskmanager/action/detail/mission_task__traits.hpp
-- Installing: /home/jazzy/ros2_ws/src/dynominion/install/nav2_taskmanager/include/nav2_taskmanager/nav2_taskmanager/action/detail/mission_task__builder.hpp
-- Up-to-date: /home/jazzy/ros2_ws/src/dynominion/install/nav2_taskmanager/include/nav2_taskmanager/nav2_taskmanager/msg
-- Installing: /home/jazzy/ros2_ws/src/dynominion/install/nav2_taskmanager/include/nav2_taskmanager/nav2_taskmanager/msg/rosidl_generator_cpp__visibility_control.hpp
-- Up-to-date: /home/jazzy/ros2_ws/src/dynominion/install/nav2_taskmanager/include/nav2_taskmanager/nav2_taskmanager
-- Up-to-date: /home/jazzy/ros2_ws/src/dynominion/install/nav2_taskmanager/include/nav2_taskmanager/nav2_taskmanager/action
-- Up-to-date: /home/jazzy/ros2_ws/src/dynominion/install/nav2_taskmanager/include/nav2_taskmanager/nav2_taskmanager/action/detail
-- Installing: /home/jazzy/ros2_ws/src/dynominion/install/nav2_taskmanager/include/nav2_taskmanager/nav2_taskmanager/action/detail/mission_task__rosidl_typesupport_fastrtps_cpp.hpp
-- Installing: /home/jazzy/ros2_ws/src/dynominion/install/nav2_taskmanager/include/nav2_taskmanager/nav2_taskmanager/action/detail/dds_fastrtps
-- Up-to-date: /home/jazzy/ros2_ws/src/dynominion/install/nav2_taskmanager/include/nav2_taskmanager/nav2_taskmanager/msg
-- Installing: /home/jazzy/ros2_ws/src/dynominion/install/nav2_taskmanager/include/nav2_taskmanager/nav2_taskmanager/msg/rosidl_typesupport_fastrtps_cpp__visibility_control.h
-- Installing: /home/jazzy/ros2_ws/src/dynominion/install/nav2_taskmanager/lib/libnav2_taskmanager__rosidl_typesupport_fastrtps_cpp.so
-- Set non-toolchain portion of runtime path of "/home/jazzy/ros2_ws/src/dynominion/install/nav2_taskmanager/lib/libnav2_taskmanager__rosidl_typesupport_fastrtps_cpp.so" to ""
-- Up-to-date: /home/jazzy/ros2_ws/src/dynominion/install/nav2_taskmanager/include/nav2_taskmanager/nav2_taskmanager
-- Up-to-date: /home/jazzy/ros2_ws/src/dynominion/install/nav2_taskmanager/include/nav2_taskmanager/nav2_taskmanager/action
-- Up-to-date: /home/jazzy/ros2_ws/src/dynominion/install/nav2_taskmanager/include/nav2_taskmanager/nav2_taskmanager/action/detail
-- Installing: /home/jazzy/ros2_ws/src/dynominion/install/nav2_taskmanager/include/nav2_taskmanager/nav2_taskmanager/action/detail/mission_task__type_support.c
-- Installing: /home/jazzy/ros2_ws/src/dynominion/install/nav2_taskmanager/include/nav2_taskmanager/nav2_taskmanager/action/detail/mission_task__rosidl_typesupport_introspection_c.h
-- Up-to-date: /home/jazzy/ros2_ws/src/dynominion/install/nav2_taskmanager/include/nav2_taskmanager/nav2_taskmanager/msg
-- Installing: /home/jazzy/ros2_ws/src/dynominion/install/nav2_taskmanager/include/nav2_taskmanager/nav2_taskmanager/msg/rosidl_typesupport_introspection_c__visibility_control.h
-- Installing: /home/jazzy/ros2_ws/src/dynominion/install/nav2_taskmanager/lib/libnav2_taskmanager__rosidl_typesupport_introspection_c.so
-- Set non-toolchain portion of runtime path of "/home/jazzy/ros2_ws/src/dynominion/install/nav2_taskmanager/lib/libnav2_taskmanager__rosidl_typesupport_introspection_c.so" to ""
-- Installing: /home/jazzy/ros2_ws/src/dynominion/install/nav2_taskmanager/lib/libnav2_taskmanager__rosidl_typesupport_c.so
-- Set non-toolchain portion of runtime path of "/home/jazzy/ros2_ws/src/dynominion/install/nav2_taskmanager/lib/libnav2_taskmanager__rosidl_typesupport_c.so" to ""
-- Up-to-date: /home/jazzy/ros2_ws/src/dynominion/install/nav2_taskmanager/include/nav2_taskmanager/nav2_taskmanager
-- Up-to-date: /home/jazzy/ros2_ws/src/dynominion/install/nav2_taskmanager/include/nav2_taskmanager/nav2_taskmanager/action
-- Up-to-date: /home/jazzy/ros2_ws/src/dynominion/install/nav2_taskmanager/include/nav2_taskmanager/nav2_taskmanager/action/detail
-- Installing: /home/jazzy/ros2_ws/src/dynominion/install/nav2_taskmanager/include/nav2_taskmanager/nav2_taskmanager/action/detail/mission_task__type_support.cpp
-- Installing: /home/jazzy/ros2_ws/src/dynominion/install/nav2_taskmanager/include/nav2_taskmanager/nav2_taskmanager/action/detail/mission_task__rosidl_typesupport_introspection_cpp.hpp
-- Installing: /home/jazzy/ros2_ws/src/dynominion/install/nav2_taskmanager/lib/libnav2_taskmanager__rosidl_typesupport_introspection_cpp.so
-- Set non-toolchain portion of runtime path of "/home/jazzy/ros2_ws/src/dynominion/install/nav2_taskmanager/lib/libnav2_taskmanager__rosidl_typesupport_introspection_cpp.so" to ""
-- Installing: /home/jazzy/ros2_ws/src/dynominion/install/nav2_taskmanager/lib/libnav2_taskmanager__rosidl_typesupport_cpp.so
-- Set non-toolchain portion of runtime path of "/home/jazzy/ros2_ws/src/dynominion/install/nav2_taskmanager/lib/libnav2_taskmanager__rosidl_typesupport_cpp.so" to ""
-- Installing: /home/jazzy/ros2_ws/src/dynominion/install/nav2_taskmanager/share/nav2_taskmanager/environment/pythonpath.sh
-- Installing: /home/jazzy/ros2_ws/src/dynominion/install/nav2_taskmanager/share/nav2_taskmanager/environment/pythonpath.dsv
-- Installing: /home/jazzy/ros2_ws/src/dynominion/install/nav2_taskmanager/lib/python3.12/site-packages/nav2_taskmanager-0.0.0-py3.12.egg-info
-- Installing: /home/jazzy/ros2_ws/src/dynominion/install/nav2_taskmanager/lib/python3.12/site-packages/nav2_taskmanager-0.0.0-py3.12.egg-info/SOURCES.txt
-- Installing: /home/jazzy/ros2_ws/src/dynominion/install/nav2_taskmanager/lib/python3.12/site-packages/nav2_taskmanager-0.0.0-py3.12.egg-info/dependency_links.txt
-- Installing: /home/jazzy/ros2_ws/src/dynominion/install/nav2_taskmanager/lib/python3.12/site-packages/nav2_taskmanager-0.0.0-py3.12.egg-info/top_level.txt
-- Installing: /home/jazzy/ros2_ws/src/dynominion/install/nav2_taskmanager/lib/python3.12/site-packages/nav2_taskmanager-0.0.0-py3.12.egg-info/PKG-INFO
-- Installing: /home/jazzy/ros2_ws/src/dynominion/install/nav2_taskmanager/lib/python3.12/site-packages/nav2_taskmanager
-- Installing: /home/jazzy/ros2_ws/src/dynominion/install/nav2_taskmanager/lib/python3.12/site-packages/nav2_taskmanager/_nav2_taskmanager_s.ep.rosidl_typesupport_fastrtps_c.c
-- Installing: /home/jazzy/ros2_ws/src/dynominion/install/nav2_taskmanager/lib/python3.12/site-packages/nav2_taskmanager/_nav2_taskmanager_s.ep.rosidl_typesupport_c.c
-- Installing: /home/jazzy/ros2_ws/src/dynominion/install/nav2_taskmanager/lib/python3.12/site-packages/nav2_taskmanager/action
-- Installing: /home/jazzy/ros2_ws/src/dynominion/install/nav2_taskmanager/lib/python3.12/site-packages/nav2_taskmanager/action/_mission_task.py
-- Installing: /home/jazzy/ros2_ws/src/dynominion/install/nav2_taskmanager/lib/python3.12/site-packages/nav2_taskmanager/action/_mission_task_s.c
-- Installing: /home/jazzy/ros2_ws/src/dynominion/install/nav2_taskmanager/lib/python3.12/site-packages/nav2_taskmanager/action/__init__.py
-- Installing: /home/jazzy/ros2_ws/src/dynominion/install/nav2_taskmanager/lib/python3.12/site-packages/nav2_taskmanager/nav2_taskmanager_s__rosidl_typesupport_c.so
-- Installing: /home/jazzy/ros2_ws/src/dynominion/install/nav2_taskmanager/lib/python3.12/site-packages/nav2_taskmanager/nav2_taskmanager_s__rosidl_typesupport_introspection_c.so
-- Installing: /home/jazzy/ros2_ws/src/dynominion/install/nav2_taskmanager/lib/python3.12/site-packages/nav2_taskmanager/__init__.py
-- Installing: /home/jazzy/ros2_ws/src/dynominion/install/nav2_taskmanager/lib/python3.12/site-packages/nav2_taskmanager/_nav2_taskmanager_s.ep.rosidl_typesupport_introspection_c.c
-- Installing: /home/jazzy/ros2_ws/src/dynominion/install/nav2_taskmanager/lib/python3.12/site-packages/nav2_taskmanager/nav2_taskmanager_s__rosidl_typesupport_fastrtps_c.so
Listing '/home/jazzy/ros2_ws/src/dynominion/install/nav2_taskmanager/lib/python3.12/site-packages/nav2_taskmanager'...
Compiling '/home/jazzy/ros2_ws/src/dynominion/install/nav2_taskmanager/lib/python3.12/site-packages/nav2_taskmanager/__init__.py'...
Listing '/home/jazzy/ros2_ws/src/dynominion/install/nav2_taskmanager/lib/python3.12/site-packages/nav2_taskmanager/action'...
Compiling '/home/jazzy/ros2_ws/src/dynominion/install/nav2_taskmanager/lib/python3.12/site-packages/nav2_taskmanager/action/__init__.py'...
Compiling '/home/jazzy/ros2_ws/src/dynominion/install/nav2_taskmanager/lib/python3.12/site-packages/nav2_taskmanager/action/_mission_task.py'...
-- Installing: /home/jazzy/ros2_ws/src/dynominion/install/nav2_taskmanager/lib/python3.12/site-packages/nav2_taskmanager/nav2_taskmanager_s__rosidl_typesupport_fastrtps_c.so
-- Set non-toolchain portion of runtime path of "/home/jazzy/ros2_ws/src/dynominion/install/nav2_taskmanager/lib/python3.12/site-packages/nav2_taskmanager/nav2_taskmanager_s__rosidl_typesupport_fastrtps_c.so" to ""
-- Installing: /home/jazzy/ros2_ws/src/dynominion/install/nav2_taskmanager/lib/python3.12/site-packages/nav2_taskmanager/nav2_taskmanager_s__rosidl_typesupport_introspection_c.so
-- Set non-toolchain portion of runtime path of "/home/jazzy/ros2_ws/src/dynominion/install/nav2_taskmanager/lib/python3.12/site-packages/nav2_taskmanager/nav2_taskmanager_s__rosidl_typesupport_introspection_c.so" to ""
-- Installing: /home/jazzy/ros2_ws/src/dynominion/install/nav2_taskmanager/lib/python3.12/site-packages/nav2_taskmanager/nav2_taskmanager_s__rosidl_typesupport_c.so
-- Set non-toolchain portion of runtime path of "/home/jazzy/ros2_ws/src/dynominion/install/nav2_taskmanager/lib/python3.12/site-packages/nav2_taskmanager/nav2_taskmanager_s__rosidl_typesupport_c.so" to ""
-- Installing: /home/jazzy/ros2_ws/src/dynominion/install/nav2_taskmanager/lib/libnav2_taskmanager__rosidl_generator_py.so
-- Set non-toolchain portion of runtime path of "/home/jazzy/ros2_ws/src/dynominion/install/nav2_taskmanager/lib/libnav2_taskmanager__rosidl_generator_py.so" to ""
-- Installing: /home/jazzy/ros2_ws/src/dynominion/install/nav2_taskmanager/share/nav2_taskmanager/action/MissionTask.idl
-- Installing: /home/jazzy/ros2_ws/src/dynominion/install/nav2_taskmanager/share/nav2_taskmanager/action/MissionTask.action
-- Installing: /home/jazzy/ros2_ws/src/dynominion/install/nav2_taskmanager/lib/nav2_taskmanager/execution_node
-- Installing: /home/jazzy/ros2_ws/src/dynominion/install/nav2_taskmanager/lib/nav2_taskmanager/control_node
-- Up-to-date: /home/jazzy/ros2_ws/src/dynominion/install/nav2_taskmanager/lib/nav2_taskmanager
-- Installing: /home/jazzy/ros2_ws/src/dynominion/install/nav2_taskmanager/lib/nav2_taskmanager/execution_node.py
-- Installing: /home/jazzy/ros2_ws/src/dynominion/install/nav2_taskmanager/lib/nav2_taskmanager/control_node.py
-- Installing: /home/jazzy/ros2_ws/src/dynominion/install/nav2_taskmanager/share/ament_index/resource_index/package_run_dependencies/nav2_taskmanager
-- Installing: /home/jazzy/ros2_ws/src/dynominion/install/nav2_taskmanager/share/ament_index/resource_index/parent_prefix_path/nav2_taskmanager
-- Installing: /home/jazzy/ros2_ws/src/dynominion/install/nav2_taskmanager/share/nav2_taskmanager/environment/ament_prefix_path.sh
-- Installing: /home/jazzy/ros2_ws/src/dynominion/install/nav2_taskmanager/share/nav2_taskmanager/environment/ament_prefix_path.dsv
-- Installing: /home/jazzy/ros2_ws/src/dynominion/install/nav2_taskmanager/share/nav2_taskmanager/environment/path.sh
-- Installing: /home/jazzy/ros2_ws/src/dynominion/install/nav2_taskmanager/share/nav2_taskmanager/environment/path.dsv
-- Installing: /home/jazzy/ros2_ws/src/dynominion/install/nav2_taskmanager/share/nav2_taskmanager/local_setup.bash
-- Installing: /home/jazzy/ros2_ws/src/dynominion/install/nav2_taskmanager/share/nav2_taskmanager/local_setup.sh
-- Installing: /home/jazzy/ros2_ws/src/dynominion/install/nav2_taskmanager/share/nav2_taskmanager/local_setup.zsh
-- Installing: /home/jazzy/ros2_ws/src/dynominion/install/nav2_taskmanager/share/nav2_taskmanager/local_setup.dsv
-- Installing: /home/jazzy/ros2_ws/src/dynominion/install/nav2_taskmanager/share/nav2_taskmanager/package.dsv
-- Installing: /home/jazzy/ros2_ws/src/dynominion/install/nav2_taskmanager/share/ament_index/resource_index/packages/nav2_taskmanager
-- Installing: /home/jazzy/ros2_ws/src/dynominion/install/nav2_taskmanager/share/nav2_taskmanager/cmake/export_nav2_taskmanager__rosidl_generator_cExport.cmake
-- Installing: /home/jazzy/ros2_ws/src/dynominion/install/nav2_taskmanager/share/nav2_taskmanager/cmake/export_nav2_taskmanager__rosidl_generator_cExport-noconfig.cmake
-- Installing: /home/jazzy/ros2_ws/src/dynominion/install/nav2_taskmanager/share/nav2_taskmanager/cmake/export_nav2_taskmanager__rosidl_typesupport_fastrtps_cExport.cmake
-- Installing: /home/jazzy/ros2_ws/src/dynominion/install/nav2_taskmanager/share/nav2_taskmanager/cmake/export_nav2_taskmanager__rosidl_typesupport_fastrtps_cExport-noconfig.cmake
-- Installing: /home/jazzy/ros2_ws/src/dynominion/install/nav2_taskmanager/share/nav2_taskmanager/cmake/export_nav2_taskmanager__rosidl_generator_cppExport.cmake
-- Installing: /home/jazzy/ros2_ws/src/dynominion/install/nav2_taskmanager/share/nav2_taskmanager/cmake/export_nav2_taskmanager__rosidl_typesupport_fastrtps_cppExport.cmake
-- Installing: /home/jazzy/ros2_ws/src/dynominion/install/nav2_taskmanager/share/nav2_taskmanager/cmake/export_nav2_taskmanager__rosidl_typesupport_fastrtps_cppExport-noconfig.cmake
-- Installing: /home/jazzy/ros2_ws/src/dynominion/install/nav2_taskmanager/share/nav2_taskmanager/cmake/nav2_taskmanager__rosidl_typesupport_introspection_cExport.cmake
-- Installing: /home/jazzy/ros2_ws/src/dynominion/install/nav2_taskmanager/share/nav2_taskmanager/cmake/nav2_taskmanager__rosidl_typesupport_introspection_cExport-noconfig.cmake
-- Installing: /home/jazzy/ros2_ws/src/dynominion/install/nav2_taskmanager/share/nav2_taskmanager/cmake/nav2_taskmanager__rosidl_typesupport_cExport.cmake
-- Installing: /home/jazzy/ros2_ws/src/dynominion/install/nav2_taskmanager/share/nav2_taskmanager/cmake/nav2_taskmanager__rosidl_typesupport_cExport-noconfig.cmake
-- Installing: /home/jazzy/ros2_ws/src/dynominion/install/nav2_taskmanager/share/nav2_taskmanager/cmake/nav2_taskmanager__rosidl_typesupport_introspection_cppExport.cmake
-- Installing: /home/jazzy/ros2_ws/src/dynominion/install/nav2_taskmanager/share/nav2_taskmanager/cmake/nav2_taskmanager__rosidl_typesupport_introspection_cppExport-noconfig.cmake
-- Installing: /home/jazzy/ros2_ws/src/dynominion/install/nav2_taskmanager/share/nav2_taskmanager/cmake/nav2_taskmanager__rosidl_typesupport_cppExport.cmake
-- Installing: /home/jazzy/ros2_ws/src/dynominion/install/nav2_taskmanager/share/nav2_taskmanager/cmake/nav2_taskmanager__rosidl_typesupport_cppExport-noconfig.cmake
-- Installing: /home/jazzy/ros2_ws/src/dynominion/install/nav2_taskmanager/share/nav2_taskmanager/cmake/export_nav2_taskmanager__rosidl_generator_pyExport.cmake
-- Installing: /home/jazzy/ros2_ws/src/dynominion/install/nav2_taskmanager/share/nav2_taskmanager/cmake/export_nav2_taskmanager__rosidl_generator_pyExport-noconfig.cmake
-- Installing: /home/jazzy/ros2_ws/src/dynominion/install/nav2_taskmanager/share/nav2_taskmanager/cmake/rosidl_cmake-extras.cmake
-- Installing: /home/jazzy/ros2_ws/src/dynominion/install/nav2_taskmanager/share/nav2_taskmanager/cmake/ament_cmake_export_dependencies-extras.cmake
-- Installing: /home/jazzy/ros2_ws/src/dynominion/install/nav2_taskmanager/share/nav2_taskmanager/cmake/ament_cmake_export_include_directories-extras.cmake
-- Installing: /home/jazzy/ros2_ws/src/dynominion/install/nav2_taskmanager/share/nav2_taskmanager/cmake/ament_cmake_export_libraries-extras.cmake
-- Installing: /home/jazzy/ros2_ws/src/dynominion/install/nav2_taskmanager/share/nav2_taskmanager/cmake/ament_cmake_export_targets-extras.cmake
-- Installing: /home/jazzy/ros2_ws/src/dynominion/install/nav2_taskmanager/share/nav2_taskmanager/cmake/rosidl_cmake_export_typesupport_targets-extras.cmake
-- Installing: /home/jazzy/ros2_ws/src/dynominion/install/nav2_taskmanager/share/nav2_taskmanager/cmake/rosidl_cmake_export_typesupport_libraries-extras.cmake
-- Installing: /home/jazzy/ros2_ws/src/dynominion/install/nav2_taskmanager/share/nav2_taskmanager/cmake/nav2_taskmanagerConfig.cmake
-- Installing: /home/jazzy/ros2_ws/src/dynominion/install/nav2_taskmanager/share/nav2_taskmanager/cmake/nav2_taskmanagerConfig-version.cmake
-- Installing: /home/jazzy/ros2_ws/src/dynominion/install/nav2_taskmanager/share/nav2_taskmanager/package.xml
