[0.043s] Invoking command in '/home/jazzy/Desktop/dynominion_rmf/build/dynominion_rmf_description': CMAKE_PREFIX_PATH=${CMAKE_PREFIX_PATH}:/opt/ros/jazzy DEBUGINFOD_URLS=https://debuginfod.ubuntu.com /usr/bin/cmake /home/jazzy/Desktop/dynominion_rmf/dynominion_rmf_description -DCMAKE_INSTALL_PREFIX=/home/jazzy/Desktop/dynominion_rmf/install/dynominion_rmf_description
[0.144s] -- The C compiler identification is GNU 13.3.0
[0.242s] -- The CXX compiler identification is GNU 13.3.0
[0.271s] -- Detecting C compiler ABI info
[0.437s] -- Detecting C compiler ABI info - done
[0.452s] -- Check for working C compiler: /usr/bin/cc - skipped
[0.453s] -- Detecting C compile features
[0.454s] -- Detecting C compile features - done
[0.470s] -- Detecting CXX compiler ABI info
[0.655s] -- Detecting CXX compiler ABI info - done
[0.674s] -- Check for working CXX compiler: /usr/bin/c++ - skipped
[0.674s] -- Detecting CXX compile features
[0.675s] -- Detecting CXX compile features - done
[0.683s] -- Found ament_cmake: 2.5.5 (/opt/ros/jazzy/share/ament_cmake/cmake)
[0.954s] -- Found Python3: /usr/bin/python3 (found version "3.12.3") found components: Interpreter 
[1.189s] -- Found xacro: 2.1.1 (/opt/ros/jazzy/share/xacro/cmake)
[1.196s] -- Found ament_lint_auto: 0.17.4 (/opt/ros/jazzy/share/ament_lint_auto/cmake)
[1.406s] -- Added test 'lint_cmake' to check CMake code style
[1.409s] -- Added test 'xmllint' to check XML markup files
[1.412s] -- Configuring done (1.4s)
[1.418s] -- Generating done (0.0s)
[1.421s] -- Build files have been written to: /home/jazzy/Desktop/dynominion_rmf/build/dynominion_rmf_description
[1.430s] Invoked command in '/home/jazzy/Desktop/dynominion_rmf/build/dynominion_rmf_description' returned '0': CMAKE_PREFIX_PATH=${CMAKE_PREFIX_PATH}:/opt/ros/jazzy DEBUGINFOD_URLS=https://debuginfod.ubuntu.com /usr/bin/cmake /home/jazzy/Desktop/dynominion_rmf/dynominion_rmf_description -DCMAKE_INSTALL_PREFIX=/home/jazzy/Desktop/dynominion_rmf/install/dynominion_rmf_description
[1.432s] Invoking command in '/home/jazzy/Desktop/dynominion_rmf/build/dynominion_rmf_description': CMAKE_PREFIX_PATH=${CMAKE_PREFIX_PATH}:/opt/ros/jazzy DEBUGINFOD_URLS=https://debuginfod.ubuntu.com /usr/bin/cmake --build /home/jazzy/Desktop/dynominion_rmf/build/dynominion_rmf_description -- -j16 -l16
[1.505s] Invoked command in '/home/jazzy/Desktop/dynominion_rmf/build/dynominion_rmf_description' returned '0': CMAKE_PREFIX_PATH=${CMAKE_PREFIX_PATH}:/opt/ros/jazzy DEBUGINFOD_URLS=https://debuginfod.ubuntu.com /usr/bin/cmake --build /home/jazzy/Desktop/dynominion_rmf/build/dynominion_rmf_description -- -j16 -l16
[1.523s] Invoking command in '/home/jazzy/Desktop/dynominion_rmf/build/dynominion_rmf_description': CMAKE_PREFIX_PATH=${CMAKE_PREFIX_PATH}:/opt/ros/jazzy DEBUGINFOD_URLS=https://debuginfod.ubuntu.com /usr/bin/cmake --install /home/jazzy/Desktop/dynominion_rmf/build/dynominion_rmf_description
[1.537s] -- Install configuration: ""
[1.538s] -- Installing: /home/jazzy/Desktop/dynominion_rmf/install/dynominion_rmf_description/share/dynominion_rmf_description/meshes
[1.538s] -- Installing: /home/jazzy/Desktop/dynominion_rmf/install/dynominion_rmf_description/share/dynominion_rmf_description/meshes/castor_3.STL
[1.538s] -- Installing: /home/jazzy/Desktop/dynominion_rmf/install/dynominion_rmf_description/share/dynominion_rmf_description/meshes/imu_l4.STL
[1.539s] -- Installing: /home/jazzy/Desktop/dynominion_rmf/install/dynominion_rmf_description/share/dynominion_rmf_description/meshes/castor_2.STL
[1.540s] -- Installing: /home/jazzy/Desktop/dynominion_rmf/install/dynominion_rmf_description/share/dynominion_rmf_description/meshes/lidar_l3.STL
[1.546s] -- Installing: /home/jazzy/Desktop/dynominion_rmf/install/dynominion_rmf_description/share/dynominion_rmf_description/meshes/castor_1.STL
[1.547s] -- Installing: /home/jazzy/Desktop/dynominion_rmf/install/dynominion_rmf_description/share/dynominion_rmf_description/meshes/left_wheel_l2.STL
[1.547s] -- Installing: /home/jazzy/Desktop/dynominion_rmf/install/dynominion_rmf_description/share/dynominion_rmf_description/meshes/castor_4.STL
[1.548s] -- Installing: /home/jazzy/Desktop/dynominion_rmf/install/dynominion_rmf_description/share/dynominion_rmf_description/meshes/base_link.STL
[1.551s] -- Installing: /home/jazzy/Desktop/dynominion_rmf/install/dynominion_rmf_description/share/dynominion_rmf_description/meshes/right_wheel_l1.STL
[1.552s] -- Installing: /home/jazzy/Desktop/dynominion_rmf/install/dynominion_rmf_description/share/dynominion_rmf_description/urdf
[1.552s] -- Installing: /home/jazzy/Desktop/dynominion_rmf/install/dynominion_rmf_description/share/dynominion_rmf_description/urdf/dynominion_rmf_description.urdf.xacro
[1.552s] -- Installing: /home/jazzy/Desktop/dynominion_rmf/install/dynominion_rmf_description/share/dynominion_rmf_description/urdf/dynominion_rmf.materials.xacro
[1.553s] -- Installing: /home/jazzy/Desktop/dynominion_rmf/install/dynominion_rmf_description/share/ament_index/resource_index/package_run_dependencies/dynominion_rmf_description
[1.553s] -- Installing: /home/jazzy/Desktop/dynominion_rmf/install/dynominion_rmf_description/share/ament_index/resource_index/parent_prefix_path/dynominion_rmf_description
[1.554s] -- Installing: /home/jazzy/Desktop/dynominion_rmf/install/dynominion_rmf_description/share/dynominion_rmf_description/environment/ament_prefix_path.sh
[1.556s] -- Installing: /home/jazzy/Desktop/dynominion_rmf/install/dynominion_rmf_description/share/dynominion_rmf_description/environment/ament_prefix_path.dsv
[1.556s] -- Installing: /home/jazzy/Desktop/dynominion_rmf/install/dynominion_rmf_description/share/dynominion_rmf_description/environment/path.sh
[1.556s] -- Installing: /home/jazzy/Desktop/dynominion_rmf/install/dynominion_rmf_description/share/dynominion_rmf_description/environment/path.dsv
[1.557s] -- Installing: /home/jazzy/Desktop/dynominion_rmf/install/dynominion_rmf_description/share/dynominion_rmf_description/local_setup.bash
[1.557s] -- Installing: /home/jazzy/Desktop/dynominion_rmf/install/dynominion_rmf_description/share/dynominion_rmf_description/local_setup.sh
[1.557s] -- Installing: /home/jazzy/Desktop/dynominion_rmf/install/dynominion_rmf_description/share/dynominion_rmf_description/local_setup.zsh
[1.557s] -- Installing: /home/jazzy/Desktop/dynominion_rmf/install/dynominion_rmf_description/share/dynominion_rmf_description/local_setup.dsv
[1.557s] -- Installing: /home/jazzy/Desktop/dynominion_rmf/install/dynominion_rmf_description/share/dynominion_rmf_description/package.dsv
[1.557s] -- Installing: /home/jazzy/Desktop/dynominion_rmf/install/dynominion_rmf_description/share/ament_index/resource_index/packages/dynominion_rmf_description
[1.558s] -- Installing: /home/jazzy/Desktop/dynominion_rmf/install/dynominion_rmf_description/share/dynominion_rmf_description/cmake/dynominion_rmf_descriptionConfig.cmake
[1.558s] -- Installing: /home/jazzy/Desktop/dynominion_rmf/install/dynominion_rmf_description/share/dynominion_rmf_description/cmake/dynominion_rmf_descriptionConfig-version.cmake
[1.558s] -- Installing: /home/jazzy/Desktop/dynominion_rmf/install/dynominion_rmf_description/share/dynominion_rmf_description/package.xml
[1.594s] Invoked command in '/home/jazzy/Desktop/dynominion_rmf/build/dynominion_rmf_description' returned '0': CMAKE_PREFIX_PATH=${CMAKE_PREFIX_PATH}:/opt/ros/jazzy DEBUGINFOD_URLS=https://debuginfod.ubuntu.com /usr/bin/cmake --install /home/jazzy/Desktop/dynominion_rmf/build/dynominion_rmf_description
