-- Found ament_cmake: 2.5.5 (/opt/ros/jazzy/share/ament_cmake/cmake)
-- Found Python3: /usr/bin/python3 (found version "3.12.3") found components: Interpreter 
-- Found geometry_msgs: 5.3.6 (/opt/ros/jazzy/share/geometry_msgs/cmake)
-- Found rosidl_generator_c: 4.6.7 (/opt/ros/jazzy/share/rosidl_generator_c/cmake)
-- Found rosidl_generator_cpp: 4.6.7 (/opt/ros/jazzy/share/rosidl_generator_cpp/cmake)
-- Using all available rosidl_typesupport_c: rosidl_typesupport_fastrtps_c;rosidl_typesupport_introspection_c
-- Using all available rosidl_typesupport_cpp: rosidl_typesupport_fastrtps_cpp;rosidl_typesupport_introspection_cpp
-- Found action_msgs: 2.0.3 (/opt/ros/jazzy/share/action_msgs/cmake)
-- Found rosidl_default_generators: 1.6.0 (/opt/ros/jazzy/share/rosidl_default_generators/cmake)
-- Found rosidl_adapter: 4.6.7 (/opt/ros/jazzy/share/rosidl_adapter/cmake)
-- Found ament_cmake_ros: 0.12.0 (/opt/ros/jazzy/share/ament_cmake_ros/cmake)
-- Using all available rosidl_typesupport_c: rosidl_typesupport_fastrtps_c;rosidl_typesupport_introspection_c
-- Using all available rosidl_typesupport_cpp: rosidl_typesupport_fastrtps_cpp;rosidl_typesupport_introspection_cpp
-- Found python_cmake_module: 0.11.1 (/opt/ros/jazzy/share/python_cmake_module/cmake)
-- Found Python3: /usr/bin/python3 (found version "3.12.3") found components: Interpreter Development NumPy Development.Module Development.Embed 
-- Found ament_lint_auto: 0.17.4 (/opt/ros/jazzy/share/ament_lint_auto/cmake)
-- Added test 'flake8' to check Python code syntax and style conventions
-- Configured 'flake8' exclude dirs and/or files: 
-- Added test 'lint_cmake' to check CMake code style
-- Added test 'pep257' to check Python code against some of the docstring style conventions in PEP 257
-- Added test 'xmllint' to check XML markup files
-- Configuring done (2.3s)
-- Generating done (0.1s)
-- Build files have been written to: /home/jazzy/ros2_ws/src/dynominion/build/nav2_taskmanager
[  2%] Built target nav2_taskmanager__rosidl_generator_type_description
[  2%] Built target ament_cmake_python_copy_nav2_taskmanager
[  5%] Built target nav2_taskmanager__cpp
[ 20%] Built target nav2_taskmanager__rosidl_generator_c
[ 29%] Built target nav2_taskmanager__rosidl_typesupport_introspection_c
[ 38%] Built target nav2_taskmanager__rosidl_typesupport_c
[ 47%] Built target nav2_taskmanager__rosidl_typesupport_cpp
[ 64%] Built target nav2_taskmanager__rosidl_typesupport_introspection_cpp
[ 64%] Built target nav2_taskmanager__rosidl_typesupport_fastrtps_c
[ 73%] Built target nav2_taskmanager__rosidl_typesupport_fastrtps_cpp
[ 73%] Built target nav2_taskmanager
[ 76%] Built target nav2_taskmanager__py
[ 82%] Built target nav2_taskmanager__rosidl_generator_py
[ 97%] Built target nav2_taskmanager_s__rosidl_typesupport_introspection_c
[100%] Built target nav2_taskmanager_s__rosidl_typesupport_fastrtps_c
[100%] Built target nav2_taskmanager_s__rosidl_typesupport_c
running egg_info
writing nav2_taskmanager.egg-info/PKG-INFO
writing dependency_links to nav2_taskmanager.egg-info/dependency_links.txt
writing top-level names to nav2_taskmanager.egg-info/top_level.txt
reading manifest file 'nav2_taskmanager.egg-info/SOURCES.txt'
writing manifest file 'nav2_taskmanager.egg-info/SOURCES.txt'
[100%] Built target ament_cmake_python_build_nav2_taskmanager_egg
-- Install configuration: ""
-- Up-to-date: /home/jazzy/ros2_ws/src/dynominion/install/nav2_taskmanager/share/ament_index/resource_index/rosidl_interfaces/nav2_taskmanager
-- Up-to-date: /home/jazzy/ros2_ws/src/dynominion/install/nav2_taskmanager/share/nav2_taskmanager/action/MissionTask.json
-- Up-to-date: /home/jazzy/ros2_ws/src/dynominion/install/nav2_taskmanager/include/nav2_taskmanager/nav2_taskmanager
-- Up-to-date: /home/jazzy/ros2_ws/src/dynominion/install/nav2_taskmanager/include/nav2_taskmanager/nav2_taskmanager/action
-- Up-to-date: /home/jazzy/ros2_ws/src/dynominion/install/nav2_taskmanager/include/nav2_taskmanager/nav2_taskmanager/action/detail
-- Up-to-date: /home/jazzy/ros2_ws/src/dynominion/install/nav2_taskmanager/include/nav2_taskmanager/nav2_taskmanager/action/detail/mission_task__struct.h
-- Up-to-date: /home/jazzy/ros2_ws/src/dynominion/install/nav2_taskmanager/include/nav2_taskmanager/nav2_taskmanager/action/detail/mission_task__type_support.c
-- Up-to-date: /home/jazzy/ros2_ws/src/dynominion/install/nav2_taskmanager/include/nav2_taskmanager/nav2_taskmanager/action/detail/mission_task__functions.c
-- Up-to-date: /home/jazzy/ros2_ws/src/dynominion/install/nav2_taskmanager/include/nav2_taskmanager/nav2_taskmanager/action/detail/mission_task__description.c
-- Up-to-date: /home/jazzy/ros2_ws/src/dynominion/install/nav2_taskmanager/include/nav2_taskmanager/nav2_taskmanager/action/detail/mission_task__functions.h
-- Up-to-date: /home/jazzy/ros2_ws/src/dynominion/install/nav2_taskmanager/include/nav2_taskmanager/nav2_taskmanager/action/detail/mission_task__type_support.h
-- Up-to-date: /home/jazzy/ros2_ws/src/dynominion/install/nav2_taskmanager/include/nav2_taskmanager/nav2_taskmanager/action/mission_task.h
-- Up-to-date: /home/jazzy/ros2_ws/src/dynominion/install/nav2_taskmanager/include/nav2_taskmanager/nav2_taskmanager/msg
-- Up-to-date: /home/jazzy/ros2_ws/src/dynominion/install/nav2_taskmanager/include/nav2_taskmanager/nav2_taskmanager/msg/rosidl_generator_c__visibility_control.h
-- Up-to-date: /home/jazzy/ros2_ws/src/dynominion/install/nav2_taskmanager/share/nav2_taskmanager/environment/library_path.sh
-- Up-to-date: /home/jazzy/ros2_ws/src/dynominion/install/nav2_taskmanager/share/nav2_taskmanager/environment/library_path.dsv
-- Up-to-date: /home/jazzy/ros2_ws/src/dynominion/install/nav2_taskmanager/lib/libnav2_taskmanager__rosidl_generator_c.so
-- Up-to-date: /home/jazzy/ros2_ws/src/dynominion/install/nav2_taskmanager/include/nav2_taskmanager/nav2_taskmanager
-- Up-to-date: /home/jazzy/ros2_ws/src/dynominion/install/nav2_taskmanager/include/nav2_taskmanager/nav2_taskmanager/action
-- Up-to-date: /home/jazzy/ros2_ws/src/dynominion/install/nav2_taskmanager/include/nav2_taskmanager/nav2_taskmanager/action/detail
-- Up-to-date: /home/jazzy/ros2_ws/src/dynominion/install/nav2_taskmanager/include/nav2_taskmanager/nav2_taskmanager/action/detail/mission_task__rosidl_typesupport_fastrtps_c.h
-- Up-to-date: /home/jazzy/ros2_ws/src/dynominion/install/nav2_taskmanager/include/nav2_taskmanager/nav2_taskmanager/msg
-- Up-to-date: /home/jazzy/ros2_ws/src/dynominion/install/nav2_taskmanager/include/nav2_taskmanager/nav2_taskmanager/msg/rosidl_typesupport_fastrtps_c__visibility_control.h
-- Up-to-date: /home/jazzy/ros2_ws/src/dynominion/install/nav2_taskmanager/lib/libnav2_taskmanager__rosidl_typesupport_fastrtps_c.so
-- Up-to-date: /home/jazzy/ros2_ws/src/dynominion/install/nav2_taskmanager/include/nav2_taskmanager/nav2_taskmanager
-- Up-to-date: /home/jazzy/ros2_ws/src/dynominion/install/nav2_taskmanager/include/nav2_taskmanager/nav2_taskmanager/action
-- Up-to-date: /home/jazzy/ros2_ws/src/dynominion/install/nav2_taskmanager/include/nav2_taskmanager/nav2_taskmanager/action/mission_task.hpp
-- Up-to-date: /home/jazzy/ros2_ws/src/dynominion/install/nav2_taskmanager/include/nav2_taskmanager/nav2_taskmanager/action/detail
-- Up-to-date: /home/jazzy/ros2_ws/src/dynominion/install/nav2_taskmanager/include/nav2_taskmanager/nav2_taskmanager/action/detail/mission_task__type_support.hpp
-- Up-to-date: /home/jazzy/ros2_ws/src/dynominion/install/nav2_taskmanager/include/nav2_taskmanager/nav2_taskmanager/action/detail/mission_task__struct.hpp
-- Up-to-date: /home/jazzy/ros2_ws/src/dynominion/install/nav2_taskmanager/include/nav2_taskmanager/nav2_taskmanager/action/detail/mission_task__traits.hpp
-- Up-to-date: /home/jazzy/ros2_ws/src/dynominion/install/nav2_taskmanager/include/nav2_taskmanager/nav2_taskmanager/action/detail/mission_task__builder.hpp
-- Up-to-date: /home/jazzy/ros2_ws/src/dynominion/install/nav2_taskmanager/include/nav2_taskmanager/nav2_taskmanager/msg
-- Up-to-date: /home/jazzy/ros2_ws/src/dynominion/install/nav2_taskmanager/include/nav2_taskmanager/nav2_taskmanager/msg/rosidl_generator_cpp__visibility_control.hpp
-- Up-to-date: /home/jazzy/ros2_ws/src/dynominion/install/nav2_taskmanager/include/nav2_taskmanager/nav2_taskmanager
-- Up-to-date: /home/jazzy/ros2_ws/src/dynominion/install/nav2_taskmanager/include/nav2_taskmanager/nav2_taskmanager/action
-- Up-to-date: /home/jazzy/ros2_ws/src/dynominion/install/nav2_taskmanager/include/nav2_taskmanager/nav2_taskmanager/action/detail
-- Up-to-date: /home/jazzy/ros2_ws/src/dynominion/install/nav2_taskmanager/include/nav2_taskmanager/nav2_taskmanager/action/detail/mission_task__rosidl_typesupport_fastrtps_cpp.hpp
-- Up-to-date: /home/jazzy/ros2_ws/src/dynominion/install/nav2_taskmanager/include/nav2_taskmanager/nav2_taskmanager/action/detail/dds_fastrtps
-- Up-to-date: /home/jazzy/ros2_ws/src/dynominion/install/nav2_taskmanager/include/nav2_taskmanager/nav2_taskmanager/msg
-- Up-to-date: /home/jazzy/ros2_ws/src/dynominion/install/nav2_taskmanager/include/nav2_taskmanager/nav2_taskmanager/msg/rosidl_typesupport_fastrtps_cpp__visibility_control.h
-- Up-to-date: /home/jazzy/ros2_ws/src/dynominion/install/nav2_taskmanager/lib/libnav2_taskmanager__rosidl_typesupport_fastrtps_cpp.so
-- Up-to-date: /home/jazzy/ros2_ws/src/dynominion/install/nav2_taskmanager/include/nav2_taskmanager/nav2_taskmanager
-- Up-to-date: /home/jazzy/ros2_ws/src/dynominion/install/nav2_taskmanager/include/nav2_taskmanager/nav2_taskmanager/action
-- Up-to-date: /home/jazzy/ros2_ws/src/dynominion/install/nav2_taskmanager/include/nav2_taskmanager/nav2_taskmanager/action/detail
-- Up-to-date: /home/jazzy/ros2_ws/src/dynominion/install/nav2_taskmanager/include/nav2_taskmanager/nav2_taskmanager/action/detail/mission_task__type_support.c
-- Up-to-date: /home/jazzy/ros2_ws/src/dynominion/install/nav2_taskmanager/include/nav2_taskmanager/nav2_taskmanager/action/detail/mission_task__rosidl_typesupport_introspection_c.h
-- Up-to-date: /home/jazzy/ros2_ws/src/dynominion/install/nav2_taskmanager/include/nav2_taskmanager/nav2_taskmanager/msg
-- Up-to-date: /home/jazzy/ros2_ws/src/dynominion/install/nav2_taskmanager/include/nav2_taskmanager/nav2_taskmanager/msg/rosidl_typesupport_introspection_c__visibility_control.h
-- Up-to-date: /home/jazzy/ros2_ws/src/dynominion/install/nav2_taskmanager/lib/libnav2_taskmanager__rosidl_typesupport_introspection_c.so
-- Up-to-date: /home/jazzy/ros2_ws/src/dynominion/install/nav2_taskmanager/lib/libnav2_taskmanager__rosidl_typesupport_c.so
-- Up-to-date: /home/jazzy/ros2_ws/src/dynominion/install/nav2_taskmanager/include/nav2_taskmanager/nav2_taskmanager
-- Up-to-date: /home/jazzy/ros2_ws/src/dynominion/install/nav2_taskmanager/include/nav2_taskmanager/nav2_taskmanager/action
-- Up-to-date: /home/jazzy/ros2_ws/src/dynominion/install/nav2_taskmanager/include/nav2_taskmanager/nav2_taskmanager/action/detail
-- Up-to-date: /home/jazzy/ros2_ws/src/dynominion/install/nav2_taskmanager/include/nav2_taskmanager/nav2_taskmanager/action/detail/mission_task__type_support.cpp
-- Up-to-date: /home/jazzy/ros2_ws/src/dynominion/install/nav2_taskmanager/include/nav2_taskmanager/nav2_taskmanager/action/detail/mission_task__rosidl_typesupport_introspection_cpp.hpp
-- Up-to-date: /home/jazzy/ros2_ws/src/dynominion/install/nav2_taskmanager/lib/libnav2_taskmanager__rosidl_typesupport_introspection_cpp.so
-- Up-to-date: /home/jazzy/ros2_ws/src/dynominion/install/nav2_taskmanager/lib/libnav2_taskmanager__rosidl_typesupport_cpp.so
-- Up-to-date: /home/jazzy/ros2_ws/src/dynominion/install/nav2_taskmanager/share/nav2_taskmanager/environment/pythonpath.sh
-- Up-to-date: /home/jazzy/ros2_ws/src/dynominion/install/nav2_taskmanager/share/nav2_taskmanager/environment/pythonpath.dsv
-- Up-to-date: /home/jazzy/ros2_ws/src/dynominion/install/nav2_taskmanager/lib/python3.12/site-packages/nav2_taskmanager-0.0.0-py3.12.egg-info
-- Installing: /home/jazzy/ros2_ws/src/dynominion/install/nav2_taskmanager/lib/python3.12/site-packages/nav2_taskmanager-0.0.0-py3.12.egg-info/SOURCES.txt
-- Installing: /home/jazzy/ros2_ws/src/dynominion/install/nav2_taskmanager/lib/python3.12/site-packages/nav2_taskmanager-0.0.0-py3.12.egg-info/dependency_links.txt
-- Installing: /home/jazzy/ros2_ws/src/dynominion/install/nav2_taskmanager/lib/python3.12/site-packages/nav2_taskmanager-0.0.0-py3.12.egg-info/top_level.txt
-- Installing: /home/jazzy/ros2_ws/src/dynominion/install/nav2_taskmanager/lib/python3.12/site-packages/nav2_taskmanager-0.0.0-py3.12.egg-info/PKG-INFO
-- Up-to-date: /home/jazzy/ros2_ws/src/dynominion/install/nav2_taskmanager/lib/python3.12/site-packages/nav2_taskmanager
-- Up-to-date: /home/jazzy/ros2_ws/src/dynominion/install/nav2_taskmanager/lib/python3.12/site-packages/nav2_taskmanager/_nav2_taskmanager_s.ep.rosidl_typesupport_fastrtps_c.c
-- Up-to-date: /home/jazzy/ros2_ws/src/dynominion/install/nav2_taskmanager/lib/python3.12/site-packages/nav2_taskmanager/_nav2_taskmanager_s.ep.rosidl_typesupport_c.c
-- Up-to-date: /home/jazzy/ros2_ws/src/dynominion/install/nav2_taskmanager/lib/python3.12/site-packages/nav2_taskmanager/action
-- Up-to-date: /home/jazzy/ros2_ws/src/dynominion/install/nav2_taskmanager/lib/python3.12/site-packages/nav2_taskmanager/action/_mission_task.py
-- Up-to-date: /home/jazzy/ros2_ws/src/dynominion/install/nav2_taskmanager/lib/python3.12/site-packages/nav2_taskmanager/action/_mission_task_s.c
-- Up-to-date: /home/jazzy/ros2_ws/src/dynominion/install/nav2_taskmanager/lib/python3.12/site-packages/nav2_taskmanager/action/__init__.py
-- Up-to-date: /home/jazzy/ros2_ws/src/dynominion/install/nav2_taskmanager/lib/python3.12/site-packages/nav2_taskmanager/nav2_taskmanager_s__rosidl_typesupport_c.so
-- Up-to-date: /home/jazzy/ros2_ws/src/dynominion/install/nav2_taskmanager/lib/python3.12/site-packages/nav2_taskmanager/nav2_taskmanager_s__rosidl_typesupport_introspection_c.so
-- Installing: /home/jazzy/ros2_ws/src/dynominion/install/nav2_taskmanager/lib/python3.12/site-packages/nav2_taskmanager/__init__.py
-- Up-to-date: /home/jazzy/ros2_ws/src/dynominion/install/nav2_taskmanager/lib/python3.12/site-packages/nav2_taskmanager/_nav2_taskmanager_s.ep.rosidl_typesupport_introspection_c.c
-- Up-to-date: /home/jazzy/ros2_ws/src/dynominion/install/nav2_taskmanager/lib/python3.12/site-packages/nav2_taskmanager/nav2_taskmanager_s__rosidl_typesupport_fastrtps_c.so
Listing '/home/jazzy/ros2_ws/src/dynominion/install/nav2_taskmanager/lib/python3.12/site-packages/nav2_taskmanager'...
Compiling '/home/jazzy/ros2_ws/src/dynominion/install/nav2_taskmanager/lib/python3.12/site-packages/nav2_taskmanager/__init__.py'...
Listing '/home/jazzy/ros2_ws/src/dynominion/install/nav2_taskmanager/lib/python3.12/site-packages/nav2_taskmanager/action'...
-- Up-to-date: /home/jazzy/ros2_ws/src/dynominion/install/nav2_taskmanager/lib/python3.12/site-packages/nav2_taskmanager/nav2_taskmanager_s__rosidl_typesupport_fastrtps_c.so
-- Up-to-date: /home/jazzy/ros2_ws/src/dynominion/install/nav2_taskmanager/lib/python3.12/site-packages/nav2_taskmanager/nav2_taskmanager_s__rosidl_typesupport_introspection_c.so
-- Up-to-date: /home/jazzy/ros2_ws/src/dynominion/install/nav2_taskmanager/lib/python3.12/site-packages/nav2_taskmanager/nav2_taskmanager_s__rosidl_typesupport_c.so
-- Up-to-date: /home/jazzy/ros2_ws/src/dynominion/install/nav2_taskmanager/lib/libnav2_taskmanager__rosidl_generator_py.so
-- Up-to-date: /home/jazzy/ros2_ws/src/dynominion/install/nav2_taskmanager/share/nav2_taskmanager/action/MissionTask.idl
-- Up-to-date: /home/jazzy/ros2_ws/src/dynominion/install/nav2_taskmanager/share/nav2_taskmanager/action/MissionTask.action
-- Installing: /home/jazzy/ros2_ws/src/dynominion/install/nav2_taskmanager/share/nav2_taskmanager/launch
-- Installing: /home/jazzy/ros2_ws/src/dynominion/install/nav2_taskmanager/share/nav2_taskmanager/launch/mission_launch.py
-- Up-to-date: /home/jazzy/ros2_ws/src/dynominion/install/nav2_taskmanager/lib/nav2_taskmanager/execution_node
-- Installing: /home/jazzy/ros2_ws/src/dynominion/install/nav2_taskmanager/lib/nav2_taskmanager/control_node
-- Up-to-date: /home/jazzy/ros2_ws/src/dynominion/install/nav2_taskmanager/lib/nav2_taskmanager
-- Up-to-date: /home/jazzy/ros2_ws/src/dynominion/install/nav2_taskmanager/lib/nav2_taskmanager/execution_node.py
-- Installing: /home/jazzy/ros2_ws/src/dynominion/install/nav2_taskmanager/lib/nav2_taskmanager/control_node.py
-- Installing: /home/jazzy/ros2_ws/src/dynominion/install/nav2_taskmanager/share/ament_index/resource_index/package_run_dependencies/nav2_taskmanager
-- Up-to-date: /home/jazzy/ros2_ws/src/dynominion/install/nav2_taskmanager/share/ament_index/resource_index/parent_prefix_path/nav2_taskmanager
-- Up-to-date: /home/jazzy/ros2_ws/src/dynominion/install/nav2_taskmanager/share/nav2_taskmanager/environment/ament_prefix_path.sh
-- Up-to-date: /home/jazzy/ros2_ws/src/dynominion/install/nav2_taskmanager/share/nav2_taskmanager/environment/ament_prefix_path.dsv
-- Up-to-date: /home/jazzy/ros2_ws/src/dynominion/install/nav2_taskmanager/share/nav2_taskmanager/environment/path.sh
-- Up-to-date: /home/jazzy/ros2_ws/src/dynominion/install/nav2_taskmanager/share/nav2_taskmanager/environment/path.dsv
-- Up-to-date: /home/jazzy/ros2_ws/src/dynominion/install/nav2_taskmanager/share/nav2_taskmanager/local_setup.bash
-- Up-to-date: /home/jazzy/ros2_ws/src/dynominion/install/nav2_taskmanager/share/nav2_taskmanager/local_setup.sh
-- Up-to-date: /home/jazzy/ros2_ws/src/dynominion/install/nav2_taskmanager/share/nav2_taskmanager/local_setup.zsh
-- Up-to-date: /home/jazzy/ros2_ws/src/dynominion/install/nav2_taskmanager/share/nav2_taskmanager/local_setup.dsv
-- Installing: /home/jazzy/ros2_ws/src/dynominion/install/nav2_taskmanager/share/nav2_taskmanager/package.dsv
-- Up-to-date: /home/jazzy/ros2_ws/src/dynominion/install/nav2_taskmanager/share/ament_index/resource_index/packages/nav2_taskmanager
-- Up-to-date: /home/jazzy/ros2_ws/src/dynominion/install/nav2_taskmanager/share/nav2_taskmanager/cmake/export_nav2_taskmanager__rosidl_generator_cExport.cmake
-- Up-to-date: /home/jazzy/ros2_ws/src/dynominion/install/nav2_taskmanager/share/nav2_taskmanager/cmake/export_nav2_taskmanager__rosidl_generator_cExport-noconfig.cmake
-- Up-to-date: /home/jazzy/ros2_ws/src/dynominion/install/nav2_taskmanager/share/nav2_taskmanager/cmake/export_nav2_taskmanager__rosidl_typesupport_fastrtps_cExport.cmake
-- Up-to-date: /home/jazzy/ros2_ws/src/dynominion/install/nav2_taskmanager/share/nav2_taskmanager/cmake/export_nav2_taskmanager__rosidl_typesupport_fastrtps_cExport-noconfig.cmake
-- Up-to-date: /home/jazzy/ros2_ws/src/dynominion/install/nav2_taskmanager/share/nav2_taskmanager/cmake/export_nav2_taskmanager__rosidl_generator_cppExport.cmake
-- Up-to-date: /home/jazzy/ros2_ws/src/dynominion/install/nav2_taskmanager/share/nav2_taskmanager/cmake/export_nav2_taskmanager__rosidl_typesupport_fastrtps_cppExport.cmake
-- Up-to-date: /home/jazzy/ros2_ws/src/dynominion/install/nav2_taskmanager/share/nav2_taskmanager/cmake/export_nav2_taskmanager__rosidl_typesupport_fastrtps_cppExport-noconfig.cmake
-- Up-to-date: /home/jazzy/ros2_ws/src/dynominion/install/nav2_taskmanager/share/nav2_taskmanager/cmake/nav2_taskmanager__rosidl_typesupport_introspection_cExport.cmake
-- Up-to-date: /home/jazzy/ros2_ws/src/dynominion/install/nav2_taskmanager/share/nav2_taskmanager/cmake/nav2_taskmanager__rosidl_typesupport_introspection_cExport-noconfig.cmake
-- Up-to-date: /home/jazzy/ros2_ws/src/dynominion/install/nav2_taskmanager/share/nav2_taskmanager/cmake/nav2_taskmanager__rosidl_typesupport_cExport.cmake
-- Up-to-date: /home/jazzy/ros2_ws/src/dynominion/install/nav2_taskmanager/share/nav2_taskmanager/cmake/nav2_taskmanager__rosidl_typesupport_cExport-noconfig.cmake
-- Up-to-date: /home/jazzy/ros2_ws/src/dynominion/install/nav2_taskmanager/share/nav2_taskmanager/cmake/nav2_taskmanager__rosidl_typesupport_introspection_cppExport.cmake
-- Up-to-date: /home/jazzy/ros2_ws/src/dynominion/install/nav2_taskmanager/share/nav2_taskmanager/cmake/nav2_taskmanager__rosidl_typesupport_introspection_cppExport-noconfig.cmake
-- Up-to-date: /home/jazzy/ros2_ws/src/dynominion/install/nav2_taskmanager/share/nav2_taskmanager/cmake/nav2_taskmanager__rosidl_typesupport_cppExport.cmake
-- Up-to-date: /home/jazzy/ros2_ws/src/dynominion/install/nav2_taskmanager/share/nav2_taskmanager/cmake/nav2_taskmanager__rosidl_typesupport_cppExport-noconfig.cmake
-- Up-to-date: /home/jazzy/ros2_ws/src/dynominion/install/nav2_taskmanager/share/nav2_taskmanager/cmake/export_nav2_taskmanager__rosidl_generator_pyExport.cmake
-- Up-to-date: /home/jazzy/ros2_ws/src/dynominion/install/nav2_taskmanager/share/nav2_taskmanager/cmake/export_nav2_taskmanager__rosidl_generator_pyExport-noconfig.cmake
-- Up-to-date: /home/jazzy/ros2_ws/src/dynominion/install/nav2_taskmanager/share/nav2_taskmanager/cmake/rosidl_cmake-extras.cmake
-- Up-to-date: /home/jazzy/ros2_ws/src/dynominion/install/nav2_taskmanager/share/nav2_taskmanager/cmake/ament_cmake_export_dependencies-extras.cmake
-- Up-to-date: /home/jazzy/ros2_ws/src/dynominion/install/nav2_taskmanager/share/nav2_taskmanager/cmake/ament_cmake_export_include_directories-extras.cmake
-- Up-to-date: /home/jazzy/ros2_ws/src/dynominion/install/nav2_taskmanager/share/nav2_taskmanager/cmake/ament_cmake_export_libraries-extras.cmake
-- Up-to-date: /home/jazzy/ros2_ws/src/dynominion/install/nav2_taskmanager/share/nav2_taskmanager/cmake/ament_cmake_export_targets-extras.cmake
-- Up-to-date: /home/jazzy/ros2_ws/src/dynominion/install/nav2_taskmanager/share/nav2_taskmanager/cmake/rosidl_cmake_export_typesupport_targets-extras.cmake
-- Up-to-date: /home/jazzy/ros2_ws/src/dynominion/install/nav2_taskmanager/share/nav2_taskmanager/cmake/rosidl_cmake_export_typesupport_libraries-extras.cmake
-- Up-to-date: /home/jazzy/ros2_ws/src/dynominion/install/nav2_taskmanager/share/nav2_taskmanager/cmake/nav2_taskmanagerConfig.cmake
-- Up-to-date: /home/jazzy/ros2_ws/src/dynominion/install/nav2_taskmanager/share/nav2_taskmanager/cmake/nav2_taskmanagerConfig-version.cmake
-- Installing: /home/jazzy/ros2_ws/src/dynominion/install/nav2_taskmanager/share/nav2_taskmanager/package.xml
