[0.205s] DEBUG:colcon:Command line arguments: ['/usr/bin/colcon', 'build', '--packages-select', 'nav2_taskmanager', '--base-paths', '../nav2_taskmanager', '--cmake-clean-cache']
[0.206s] DEBUG:colcon:Parsed command line arguments: Namespace(log_base=None, log_level=None, verb_name='build', build_base='build', install_base='install', merge_install=False, symlink_install=False, test_result_base=None, continue_on_error=False, executor='parallel', parallel_workers=16, event_handlers=None, ignore_user_meta=False, metas=['./colcon.meta'], base_paths=['../nav2_taskmanager'], packages_ignore=None, packages_ignore_regex=None, paths=None, packages_up_to=None, packages_up_to_regex=None, packages_above=None, packages_above_and_dependencies=None, packages_above_depth=None, packages_select_by_dep=None, packages_skip_by_dep=None, packages_skip_up_to=None, packages_select_build_failed=False, packages_skip_build_finished=False, packages_select_test_failures=False, packages_skip_test_passed=False, packages_select=['nav2_taskmanager'], packages_skip=None, packages_select_regex=None, packages_skip_regex=None, packages_start=None, packages_end=None, allow_overriding=[], cmake_args=None, cmake_target=None, cmake_target_skip_unavailable=False, cmake_clean_cache=True, cmake_clean_first=False, cmake_force_configure=False, ament_cmake_args=None, catkin_cmake_args=None, catkin_skip_building_tests=False, mixin_files=None, mixin=None, verb_parser=<colcon_mixin.mixin.mixin_argument.MixinArgumentDecorator object at 0x7539b84bf680>, verb_extension=<colcon_core.verb.build.BuildVerb object at 0x7539b84bf320>, main=<bound method BuildVerb.main of <colcon_core.verb.build.BuildVerb object at 0x7539b84bf320>>, mixin_verb=('build',))
[0.273s] Level 1:colcon.colcon_core.package_discovery:discover_packages(colcon_meta) check parameters
[0.273s] Level 1:colcon.colcon_core.package_discovery:discover_packages(recursive) check parameters
[0.273s] Level 1:colcon.colcon_core.package_discovery:discover_packages(ignore) check parameters
[0.273s] Level 1:colcon.colcon_core.package_discovery:discover_packages(path) check parameters
[0.274s] Level 1:colcon.colcon_core.package_discovery:discover_packages(recursive) discover
[0.274s] INFO:colcon.colcon_core.package_discovery:Crawling recursively for packages in '/home/jazzy/ros2_ws/src/nav2_taskmanager'
[0.274s] Level 1:colcon.colcon_core.package_identification:_identify(../nav2_taskmanager) by extensions ['ignore', 'ignore_ament_install']
[0.274s] Level 1:colcon.colcon_core.package_identification:_identify(../nav2_taskmanager) by extension 'ignore'
[0.274s] Level 1:colcon.colcon_core.package_identification:_identify(../nav2_taskmanager) by extension 'ignore_ament_install'
[0.274s] Level 1:colcon.colcon_core.package_identification:_identify(../nav2_taskmanager) by extensions ['colcon_pkg']
[0.274s] Level 1:colcon.colcon_core.package_identification:_identify(../nav2_taskmanager) by extension 'colcon_pkg'
[0.274s] Level 1:colcon.colcon_core.package_identification:_identify(../nav2_taskmanager) by extensions ['colcon_meta']
[0.275s] Level 1:colcon.colcon_core.package_identification:_identify(../nav2_taskmanager) by extension 'colcon_meta'
[0.275s] Level 1:colcon.colcon_core.package_identification:_identify(../nav2_taskmanager) by extensions ['ros']
[0.275s] Level 1:colcon.colcon_core.package_identification:_identify(../nav2_taskmanager) by extension 'ros'
[0.326s] DEBUG:colcon.colcon_core.package_identification:Package '../nav2_taskmanager' with type 'ros.ament_cmake' and name 'nav2_taskmanager'
[0.326s] Level 1:colcon.colcon_core.package_discovery:discover_packages(recursive) using defaults
[0.356s] Level 1:colcon.colcon_core.package_discovery:discover_packages(prefix_path) check parameters
[0.356s] Level 1:colcon.colcon_core.package_discovery:discover_packages(prefix_path) discover
[0.358s] WARNING:colcon.colcon_ros.prefix_path.ament:The path '/home/jazzy/ros2_ws/src/dynominion/install/nav2_taskmanager' in the environment variable AMENT_PREFIX_PATH doesn't exist
[0.358s] WARNING:colcon.colcon_ros.prefix_path.ament:The path '/home/jazzy/ros2_ws/src/dynominion/install/dynominion_navigation' in the environment variable AMENT_PREFIX_PATH doesn't exist
[0.358s] WARNING:colcon.colcon_ros.prefix_path.catkin:The path '/home/jazzy/ros2_ws/src/dynominion/install/nav2_taskmanager' in the environment variable CMAKE_PREFIX_PATH doesn't exist
[0.359s] WARNING:colcon.colcon_ros.prefix_path.catkin:The path '/home/jazzy/ros2_ws/src/dynominion/install/dynominion_navigation' in the environment variable CMAKE_PREFIX_PATH doesn't exist
[0.360s] DEBUG:colcon.colcon_installed_package_information.package_discovery:Found 0 installed packages in /home/jazzy/ros2_ws/src/dynominion/install
[0.361s] DEBUG:colcon.colcon_installed_package_information.package_discovery:Found 7 installed packages in /home/jazzy/ros2_ws/install
[0.364s] DEBUG:colcon.colcon_installed_package_information.package_discovery:Found 457 installed packages in /opt/ros/jazzy
[0.368s] Level 1:colcon.colcon_core.package_discovery:discover_packages(prefix_path) using defaults
[0.469s] Level 5:colcon.colcon_core.verb:set package 'nav2_taskmanager' build argument 'cmake_args' from command line to 'None'
[0.469s] Level 5:colcon.colcon_core.verb:set package 'nav2_taskmanager' build argument 'cmake_target' from command line to 'None'
[0.469s] Level 5:colcon.colcon_core.verb:set package 'nav2_taskmanager' build argument 'cmake_target_skip_unavailable' from command line to 'False'
[0.469s] Level 5:colcon.colcon_core.verb:set package 'nav2_taskmanager' build argument 'cmake_clean_cache' from command line to 'True'
[0.469s] Level 5:colcon.colcon_core.verb:set package 'nav2_taskmanager' build argument 'cmake_clean_first' from command line to 'False'
[0.469s] Level 5:colcon.colcon_core.verb:set package 'nav2_taskmanager' build argument 'cmake_force_configure' from command line to 'False'
[0.469s] Level 5:colcon.colcon_core.verb:set package 'nav2_taskmanager' build argument 'ament_cmake_args' from command line to 'None'
[0.470s] Level 5:colcon.colcon_core.verb:set package 'nav2_taskmanager' build argument 'catkin_cmake_args' from command line to 'None'
[0.470s] Level 5:colcon.colcon_core.verb:set package 'nav2_taskmanager' build argument 'catkin_skip_building_tests' from command line to 'False'
[0.470s] DEBUG:colcon.colcon_core.verb:Building package 'nav2_taskmanager' with the following arguments: {'ament_cmake_args': None, 'build_base': '/home/jazzy/ros2_ws/src/dynominion/build/nav2_taskmanager', 'catkin_cmake_args': None, 'catkin_skip_building_tests': False, 'cmake_args': None, 'cmake_clean_cache': True, 'cmake_clean_first': False, 'cmake_force_configure': False, 'cmake_target': None, 'cmake_target_skip_unavailable': False, 'install_base': '/home/jazzy/ros2_ws/src/dynominion/install/nav2_taskmanager', 'merge_install': False, 'path': '/home/jazzy/ros2_ws/src/nav2_taskmanager', 'symlink_install': False, 'test_result_base': None}
[0.470s] INFO:colcon.colcon_core.executor:Executing jobs using 'parallel' executor
[0.472s] DEBUG:colcon.colcon_parallel_executor.executor.parallel:run_until_complete
[0.472s] INFO:colcon.colcon_ros.task.ament_cmake.build:Building ROS package in '/home/jazzy/ros2_ws/src/nav2_taskmanager' with build type 'ament_cmake'
[0.472s] INFO:colcon.colcon_cmake.task.cmake.build:Building CMake package in '/home/jazzy/ros2_ws/src/nav2_taskmanager'
[0.476s] INFO:colcon.colcon_core.plugin_system:Skipping extension 'colcon_core.shell.bat': Not used on non-Windows systems
[0.476s] INFO:colcon.colcon_core.shell:Skip shell extension 'powershell' for command environment: Not usable outside of PowerShell
[0.476s] DEBUG:colcon.colcon_core.shell:Skip shell extension 'dsv' for command environment
[0.493s] DEBUG:colcon.colcon_core.event_handler.log_command:Invoking command in '/home/jazzy/ros2_ws/src/dynominion/build/nav2_taskmanager': CMAKE_PREFIX_PATH=${CMAKE_PREFIX_PATH}:/home/jazzy/ros2_ws/install/teleop_robot:/home/jazzy/ros2_ws/install/meca_description:/opt/ros/jazzy DEBUGINFOD_URLS=https://debuginfod.ubuntu.com /usr/bin/cmake /home/jazzy/ros2_ws/src/nav2_taskmanager -DCMAKE_INSTALL_PREFIX=/home/jazzy/ros2_ws/src/dynominion/install/nav2_taskmanager
[6.765s] DEBUG:colcon.colcon_core.event_handler.log_command:Invoked command in '/home/jazzy/ros2_ws/src/dynominion/build/nav2_taskmanager' returned '0': CMAKE_PREFIX_PATH=${CMAKE_PREFIX_PATH}:/home/jazzy/ros2_ws/install/teleop_robot:/home/jazzy/ros2_ws/install/meca_description:/opt/ros/jazzy DEBUGINFOD_URLS=https://debuginfod.ubuntu.com /usr/bin/cmake /home/jazzy/ros2_ws/src/nav2_taskmanager -DCMAKE_INSTALL_PREFIX=/home/jazzy/ros2_ws/src/dynominion/install/nav2_taskmanager
[6.765s] DEBUG:colcon.colcon_core.event_handler.log_command:Invoking command in '/home/jazzy/ros2_ws/src/dynominion/build/nav2_taskmanager': CMAKE_PREFIX_PATH=${CMAKE_PREFIX_PATH}:/home/jazzy/ros2_ws/install/teleop_robot:/home/jazzy/ros2_ws/install/meca_description:/opt/ros/jazzy DEBUGINFOD_URLS=https://debuginfod.ubuntu.com /usr/bin/cmake --build /home/jazzy/ros2_ws/src/dynominion/build/nav2_taskmanager -- -j16 -l16
[11.130s] DEBUG:colcon.colcon_core.event_handler.log_command:Invoked command in '/home/jazzy/ros2_ws/src/dynominion/build/nav2_taskmanager' returned '0': CMAKE_PREFIX_PATH=${CMAKE_PREFIX_PATH}:/home/jazzy/ros2_ws/install/teleop_robot:/home/jazzy/ros2_ws/install/meca_description:/opt/ros/jazzy DEBUGINFOD_URLS=https://debuginfod.ubuntu.com /usr/bin/cmake --build /home/jazzy/ros2_ws/src/dynominion/build/nav2_taskmanager -- -j16 -l16
[11.141s] DEBUG:colcon.colcon_core.event_handler.log_command:Invoking command in '/home/jazzy/ros2_ws/src/dynominion/build/nav2_taskmanager': CMAKE_PREFIX_PATH=${CMAKE_PREFIX_PATH}:/home/jazzy/ros2_ws/install/teleop_robot:/home/jazzy/ros2_ws/install/meca_description:/opt/ros/jazzy DEBUGINFOD_URLS=https://debuginfod.ubuntu.com /usr/bin/cmake --install /home/jazzy/ros2_ws/src/dynominion/build/nav2_taskmanager
[11.220s] Level 1:colcon.colcon_core.environment:create_environment_scripts_only(nav2_taskmanager)
[11.220s] DEBUG:colcon.colcon_core.event_handler.log_command:Invoked command in '/home/jazzy/ros2_ws/src/dynominion/build/nav2_taskmanager' returned '0': CMAKE_PREFIX_PATH=${CMAKE_PREFIX_PATH}:/home/jazzy/ros2_ws/install/teleop_robot:/home/jazzy/ros2_ws/install/meca_description:/opt/ros/jazzy DEBUGINFOD_URLS=https://debuginfod.ubuntu.com /usr/bin/cmake --install /home/jazzy/ros2_ws/src/dynominion/build/nav2_taskmanager
[11.222s] Level 1:colcon.colcon_core.environment:checking '/home/jazzy/ros2_ws/src/dynominion/install/nav2_taskmanager' for CMake module files
[11.222s] Level 1:colcon.colcon_core.environment:checking '/home/jazzy/ros2_ws/src/dynominion/install/nav2_taskmanager' for CMake config files
[11.223s] Level 1:colcon.colcon_core.shell:create_environment_hook('nav2_taskmanager', 'cmake_prefix_path')
[11.223s] INFO:colcon.colcon_core.shell:Creating environment hook '/home/jazzy/ros2_ws/src/dynominion/install/nav2_taskmanager/share/nav2_taskmanager/hook/cmake_prefix_path.ps1'
[11.223s] INFO:colcon.colcon_core.shell:Creating environment descriptor '/home/jazzy/ros2_ws/src/dynominion/install/nav2_taskmanager/share/nav2_taskmanager/hook/cmake_prefix_path.dsv'
[11.223s] INFO:colcon.colcon_core.shell:Creating environment hook '/home/jazzy/ros2_ws/src/dynominion/install/nav2_taskmanager/share/nav2_taskmanager/hook/cmake_prefix_path.sh'
[11.224s] Level 1:colcon.colcon_core.environment:checking '/home/jazzy/ros2_ws/src/dynominion/install/nav2_taskmanager/lib'
[11.224s] Level 1:colcon.colcon_core.shell:create_environment_hook('nav2_taskmanager', 'ld_library_path_lib')
[11.224s] INFO:colcon.colcon_core.shell:Creating environment hook '/home/jazzy/ros2_ws/src/dynominion/install/nav2_taskmanager/share/nav2_taskmanager/hook/ld_library_path_lib.ps1'
[11.224s] INFO:colcon.colcon_core.shell:Creating environment descriptor '/home/jazzy/ros2_ws/src/dynominion/install/nav2_taskmanager/share/nav2_taskmanager/hook/ld_library_path_lib.dsv'
[11.225s] INFO:colcon.colcon_core.shell:Creating environment hook '/home/jazzy/ros2_ws/src/dynominion/install/nav2_taskmanager/share/nav2_taskmanager/hook/ld_library_path_lib.sh'
[11.225s] Level 1:colcon.colcon_core.environment:checking '/home/jazzy/ros2_ws/src/dynominion/install/nav2_taskmanager/bin'
[11.225s] Level 1:colcon.colcon_core.environment:checking '/home/jazzy/ros2_ws/src/dynominion/install/nav2_taskmanager/lib/pkgconfig/nav2_taskmanager.pc'
[11.225s] Level 1:colcon.colcon_core.environment:checking '/home/jazzy/ros2_ws/src/dynominion/install/nav2_taskmanager/lib/python3.12/site-packages'
[11.225s] Level 1:colcon.colcon_core.shell:create_environment_hook('nav2_taskmanager', 'pythonpath')
[11.225s] INFO:colcon.colcon_core.shell:Creating environment hook '/home/jazzy/ros2_ws/src/dynominion/install/nav2_taskmanager/share/nav2_taskmanager/hook/pythonpath.ps1'
[11.226s] INFO:colcon.colcon_core.shell:Creating environment descriptor '/home/jazzy/ros2_ws/src/dynominion/install/nav2_taskmanager/share/nav2_taskmanager/hook/pythonpath.dsv'
[11.226s] INFO:colcon.colcon_core.shell:Creating environment hook '/home/jazzy/ros2_ws/src/dynominion/install/nav2_taskmanager/share/nav2_taskmanager/hook/pythonpath.sh'
[11.226s] Level 1:colcon.colcon_core.environment:checking '/home/jazzy/ros2_ws/src/dynominion/install/nav2_taskmanager/bin'
[11.227s] INFO:colcon.colcon_core.shell:Creating package script '/home/jazzy/ros2_ws/src/dynominion/install/nav2_taskmanager/share/nav2_taskmanager/package.ps1'
[11.227s] INFO:colcon.colcon_core.shell:Creating package descriptor '/home/jazzy/ros2_ws/src/dynominion/install/nav2_taskmanager/share/nav2_taskmanager/package.dsv'
[11.228s] INFO:colcon.colcon_core.shell:Creating package script '/home/jazzy/ros2_ws/src/dynominion/install/nav2_taskmanager/share/nav2_taskmanager/package.sh'
[11.228s] INFO:colcon.colcon_core.shell:Creating package script '/home/jazzy/ros2_ws/src/dynominion/install/nav2_taskmanager/share/nav2_taskmanager/package.bash'
[11.228s] INFO:colcon.colcon_core.shell:Creating package script '/home/jazzy/ros2_ws/src/dynominion/install/nav2_taskmanager/share/nav2_taskmanager/package.zsh'
[11.229s] Level 1:colcon.colcon_core.environment:create_file_with_runtime_dependencies(/home/jazzy/ros2_ws/src/dynominion/install/nav2_taskmanager/share/colcon-core/packages/nav2_taskmanager)
[11.229s] Level 1:colcon.colcon_core.environment:create_environment_scripts_only(nav2_taskmanager)
[11.229s] Level 1:colcon.colcon_core.environment:checking '/home/jazzy/ros2_ws/src/dynominion/install/nav2_taskmanager' for CMake module files
[11.230s] Level 1:colcon.colcon_core.environment:checking '/home/jazzy/ros2_ws/src/dynominion/install/nav2_taskmanager' for CMake config files
[11.230s] Level 1:colcon.colcon_core.shell:create_environment_hook('nav2_taskmanager', 'cmake_prefix_path')
[11.230s] INFO:colcon.colcon_core.shell:Creating environment hook '/home/jazzy/ros2_ws/src/dynominion/install/nav2_taskmanager/share/nav2_taskmanager/hook/cmake_prefix_path.ps1'
[11.231s] INFO:colcon.colcon_core.shell:Creating environment descriptor '/home/jazzy/ros2_ws/src/dynominion/install/nav2_taskmanager/share/nav2_taskmanager/hook/cmake_prefix_path.dsv'
[11.231s] INFO:colcon.colcon_core.shell:Creating environment hook '/home/jazzy/ros2_ws/src/dynominion/install/nav2_taskmanager/share/nav2_taskmanager/hook/cmake_prefix_path.sh'
[11.231s] Level 1:colcon.colcon_core.environment:checking '/home/jazzy/ros2_ws/src/dynominion/install/nav2_taskmanager/lib'
[11.231s] Level 1:colcon.colcon_core.shell:create_environment_hook('nav2_taskmanager', 'ld_library_path_lib')
[11.231s] INFO:colcon.colcon_core.shell:Creating environment hook '/home/jazzy/ros2_ws/src/dynominion/install/nav2_taskmanager/share/nav2_taskmanager/hook/ld_library_path_lib.ps1'
[11.232s] INFO:colcon.colcon_core.shell:Creating environment descriptor '/home/jazzy/ros2_ws/src/dynominion/install/nav2_taskmanager/share/nav2_taskmanager/hook/ld_library_path_lib.dsv'
[11.232s] INFO:colcon.colcon_core.shell:Creating environment hook '/home/jazzy/ros2_ws/src/dynominion/install/nav2_taskmanager/share/nav2_taskmanager/hook/ld_library_path_lib.sh'
[11.232s] Level 1:colcon.colcon_core.environment:checking '/home/jazzy/ros2_ws/src/dynominion/install/nav2_taskmanager/bin'
[11.232s] Level 1:colcon.colcon_core.environment:checking '/home/jazzy/ros2_ws/src/dynominion/install/nav2_taskmanager/lib/pkgconfig/nav2_taskmanager.pc'
[11.232s] Level 1:colcon.colcon_core.environment:checking '/home/jazzy/ros2_ws/src/dynominion/install/nav2_taskmanager/lib/python3.12/site-packages'
[11.233s] Level 1:colcon.colcon_core.shell:create_environment_hook('nav2_taskmanager', 'pythonpath')
[11.233s] INFO:colcon.colcon_core.shell:Creating environment hook '/home/jazzy/ros2_ws/src/dynominion/install/nav2_taskmanager/share/nav2_taskmanager/hook/pythonpath.ps1'
[11.233s] INFO:colcon.colcon_core.shell:Creating environment descriptor '/home/jazzy/ros2_ws/src/dynominion/install/nav2_taskmanager/share/nav2_taskmanager/hook/pythonpath.dsv'
[11.233s] INFO:colcon.colcon_core.shell:Creating environment hook '/home/jazzy/ros2_ws/src/dynominion/install/nav2_taskmanager/share/nav2_taskmanager/hook/pythonpath.sh'
[11.234s] Level 1:colcon.colcon_core.environment:checking '/home/jazzy/ros2_ws/src/dynominion/install/nav2_taskmanager/bin'
[11.234s] INFO:colcon.colcon_core.shell:Creating package script '/home/jazzy/ros2_ws/src/dynominion/install/nav2_taskmanager/share/nav2_taskmanager/package.ps1'
[11.234s] INFO:colcon.colcon_core.shell:Creating package descriptor '/home/jazzy/ros2_ws/src/dynominion/install/nav2_taskmanager/share/nav2_taskmanager/package.dsv'
[11.235s] INFO:colcon.colcon_core.shell:Creating package script '/home/jazzy/ros2_ws/src/dynominion/install/nav2_taskmanager/share/nav2_taskmanager/package.sh'
[11.235s] INFO:colcon.colcon_core.shell:Creating package script '/home/jazzy/ros2_ws/src/dynominion/install/nav2_taskmanager/share/nav2_taskmanager/package.bash'
[11.235s] INFO:colcon.colcon_core.shell:Creating package script '/home/jazzy/ros2_ws/src/dynominion/install/nav2_taskmanager/share/nav2_taskmanager/package.zsh'
[11.236s] Level 1:colcon.colcon_core.environment:create_file_with_runtime_dependencies(/home/jazzy/ros2_ws/src/dynominion/install/nav2_taskmanager/share/colcon-core/packages/nav2_taskmanager)
[11.236s] DEBUG:colcon.colcon_parallel_executor.executor.parallel:closing loop
[11.236s] DEBUG:colcon.colcon_parallel_executor.executor.parallel:loop closed
[11.236s] DEBUG:colcon.colcon_parallel_executor.executor.parallel:run_until_complete finished with '0'
[11.236s] DEBUG:colcon.colcon_core.event_reactor:joining thread
[11.242s] INFO:colcon.colcon_core.plugin_system:Skipping extension 'colcon_notification.desktop_notification.terminal_notifier': Not used on non-Darwin systems
[11.242s] INFO:colcon.colcon_core.plugin_system:Skipping extension 'colcon_notification.desktop_notification.win32': Not used on non-Windows systems
[11.242s] INFO:colcon.colcon_notification.desktop_notification:Sending desktop notification using 'notify2'
[11.253s] DEBUG:colcon.colcon_core.event_reactor:joined thread
[11.254s] INFO:colcon.colcon_core.shell:Creating prefix script '/home/jazzy/ros2_ws/src/dynominion/install/local_setup.ps1'
[11.255s] INFO:colcon.colcon_core.shell:Creating prefix util module '/home/jazzy/ros2_ws/src/dynominion/install/_local_setup_util_ps1.py'
[11.255s] INFO:colcon.colcon_core.shell:Creating prefix chain script '/home/jazzy/ros2_ws/src/dynominion/install/setup.ps1'
[11.256s] INFO:colcon.colcon_core.shell:Creating prefix script '/home/jazzy/ros2_ws/src/dynominion/install/local_setup.sh'
[11.257s] INFO:colcon.colcon_core.shell:Creating prefix util module '/home/jazzy/ros2_ws/src/dynominion/install/_local_setup_util_sh.py'
[11.257s] INFO:colcon.colcon_core.shell:Creating prefix chain script '/home/jazzy/ros2_ws/src/dynominion/install/setup.sh'
[11.258s] INFO:colcon.colcon_core.shell:Creating prefix script '/home/jazzy/ros2_ws/src/dynominion/install/local_setup.bash'
[11.259s] INFO:colcon.colcon_core.shell:Creating prefix chain script '/home/jazzy/ros2_ws/src/dynominion/install/setup.bash'
[11.259s] INFO:colcon.colcon_core.shell:Creating prefix script '/home/jazzy/ros2_ws/src/dynominion/install/local_setup.zsh'
[11.260s] INFO:colcon.colcon_core.shell:Creating prefix chain script '/home/jazzy/ros2_ws/src/dynominion/install/setup.zsh'
