[0.208s] DEBUG:colcon:Command line arguments: ['/usr/bin/colcon', 'build', '--packages-select', 'dynominion_rmf_gazebo']
[0.208s] DEBUG:colcon:Parsed command line arguments: Namespace(log_base=None, log_level=None, verb_name='build', build_base='build', install_base='install', merge_install=False, symlink_install=False, test_result_base=None, continue_on_error=False, executor='parallel', parallel_workers=16, event_handlers=None, ignore_user_meta=False, metas=['./colcon.meta'], base_paths=['.'], packages_ignore=None, packages_ignore_regex=None, paths=None, packages_up_to=None, packages_up_to_regex=None, packages_above=None, packages_above_and_dependencies=None, packages_above_depth=None, packages_select_by_dep=None, packages_skip_by_dep=None, packages_skip_up_to=None, packages_select_build_failed=False, packages_skip_build_finished=False, packages_select_test_failures=False, packages_skip_test_passed=False, packages_select=['dynominion_rmf_gazebo'], packages_skip=None, packages_select_regex=None, packages_skip_regex=None, packages_start=None, packages_end=None, allow_overriding=[], cmake_args=None, cmake_target=None, cmake_target_skip_unavailable=False, cmake_clean_cache=False, cmake_clean_first=False, cmake_force_configure=False, ament_cmake_args=None, catkin_cmake_args=None, catkin_skip_building_tests=False, mixin_files=None, mixin=None, verb_parser=<colcon_mixin.mixin.mixin_argument.MixinArgumentDecorator object at 0x7e3d2e6a7e90>, verb_extension=<colcon_core.verb.build.BuildVerb object at 0x7e3d2e6a7c50>, main=<bound method BuildVerb.main of <colcon_core.verb.build.BuildVerb object at 0x7e3d2e6a7c50>>, mixin_verb=('build',))
[0.275s] Level 1:colcon.colcon_core.package_discovery:discover_packages(colcon_meta) check parameters
[0.275s] Level 1:colcon.colcon_core.package_discovery:discover_packages(recursive) check parameters
[0.275s] Level 1:colcon.colcon_core.package_discovery:discover_packages(ignore) check parameters
[0.275s] Level 1:colcon.colcon_core.package_discovery:discover_packages(path) check parameters
[0.275s] Level 1:colcon.colcon_core.package_discovery:discover_packages(colcon_meta) discover
[0.276s] Level 1:colcon.colcon_core.package_discovery:discover_packages(recursive) discover
[0.276s] INFO:colcon.colcon_core.package_discovery:Crawling recursively for packages in '/home/jazzy/Desktop/dynominion_rmf'
[0.276s] Level 1:colcon.colcon_core.package_identification:_identify(.) by extensions ['ignore', 'ignore_ament_install']
[0.277s] Level 1:colcon.colcon_core.package_identification:_identify(.) by extension 'ignore'
[0.277s] Level 1:colcon.colcon_core.package_identification:_identify(.) by extension 'ignore_ament_install'
[0.277s] Level 1:colcon.colcon_core.package_identification:_identify(.) by extensions ['colcon_pkg']
[0.277s] Level 1:colcon.colcon_core.package_identification:_identify(.) by extension 'colcon_pkg'
[0.277s] Level 1:colcon.colcon_core.package_identification:_identify(.) by extensions ['colcon_meta']
[0.277s] Level 1:colcon.colcon_core.package_identification:_identify(.) by extension 'colcon_meta'
[0.277s] Level 1:colcon.colcon_core.package_identification:_identify(.) by extensions ['ros']
[0.277s] Level 1:colcon.colcon_core.package_identification:_identify(.) by extension 'ros'
[0.318s] Level 1:colcon.colcon_core.package_identification:_identify(.) by extensions ['cmake', 'python']
[0.319s] Level 1:colcon.colcon_core.package_identification:_identify(.) by extension 'cmake'
[0.319s] Level 1:colcon.colcon_core.package_identification:_identify(.) by extension 'python'
[0.319s] Level 1:colcon.colcon_core.package_identification:_identify(.) by extensions ['python_setup_py']
[0.319s] Level 1:colcon.colcon_core.package_identification:_identify(.) by extension 'python_setup_py'
[0.319s] Level 1:colcon.colcon_core.package_identification:_identify(build) by extensions ['ignore', 'ignore_ament_install']
[0.319s] Level 1:colcon.colcon_core.package_identification:_identify(build) by extension 'ignore'
[0.319s] Level 1:colcon.colcon_core.package_identification:_identify(build) ignored
[0.320s] Level 1:colcon.colcon_core.package_identification:_identify(dynominion_rmf_description) by extensions ['ignore', 'ignore_ament_install']
[0.320s] Level 1:colcon.colcon_core.package_identification:_identify(dynominion_rmf_description) by extension 'ignore'
[0.320s] Level 1:colcon.colcon_core.package_identification:_identify(dynominion_rmf_description) by extension 'ignore_ament_install'
[0.320s] Level 1:colcon.colcon_core.package_identification:_identify(dynominion_rmf_description) by extensions ['colcon_pkg']
[0.320s] Level 1:colcon.colcon_core.package_identification:_identify(dynominion_rmf_description) by extension 'colcon_pkg'
[0.320s] Level 1:colcon.colcon_core.package_identification:_identify(dynominion_rmf_description) by extensions ['colcon_meta']
[0.320s] Level 1:colcon.colcon_core.package_identification:_identify(dynominion_rmf_description) by extension 'colcon_meta'
[0.321s] Level 1:colcon.colcon_core.package_identification:_identify(dynominion_rmf_description) by extensions ['ros']
[0.321s] Level 1:colcon.colcon_core.package_identification:_identify(dynominion_rmf_description) by extension 'ros'
[0.324s] DEBUG:colcon.colcon_core.package_identification:Package 'dynominion_rmf_description' with type 'ros.ament_cmake' and name 'dynominion_rmf_description'
[0.325s] Level 1:colcon.colcon_core.package_identification:_identify(dynominion_rmf_gazebo) by extensions ['ignore', 'ignore_ament_install']
[0.325s] Level 1:colcon.colcon_core.package_identification:_identify(dynominion_rmf_gazebo) by extension 'ignore'
[0.325s] Level 1:colcon.colcon_core.package_identification:_identify(dynominion_rmf_gazebo) by extension 'ignore_ament_install'
[0.325s] Level 1:colcon.colcon_core.package_identification:_identify(dynominion_rmf_gazebo) by extensions ['colcon_pkg']
[0.325s] Level 1:colcon.colcon_core.package_identification:_identify(dynominion_rmf_gazebo) by extension 'colcon_pkg'
[0.325s] Level 1:colcon.colcon_core.package_identification:_identify(dynominion_rmf_gazebo) by extensions ['colcon_meta']
[0.325s] Level 1:colcon.colcon_core.package_identification:_identify(dynominion_rmf_gazebo) by extension 'colcon_meta'
[0.325s] Level 1:colcon.colcon_core.package_identification:_identify(dynominion_rmf_gazebo) by extensions ['ros']
[0.325s] Level 1:colcon.colcon_core.package_identification:_identify(dynominion_rmf_gazebo) by extension 'ros'
[0.327s] DEBUG:colcon.colcon_core.package_identification:Package 'dynominion_rmf_gazebo' with type 'ros.ament_cmake' and name 'dynominion_rmf_gazebo'
[0.327s] Level 1:colcon.colcon_core.package_identification:_identify(dynominion_rmf_navigation) by extensions ['ignore', 'ignore_ament_install']
[0.327s] Level 1:colcon.colcon_core.package_identification:_identify(dynominion_rmf_navigation) by extension 'ignore'
[0.327s] Level 1:colcon.colcon_core.package_identification:_identify(dynominion_rmf_navigation) by extension 'ignore_ament_install'
[0.327s] Level 1:colcon.colcon_core.package_identification:_identify(dynominion_rmf_navigation) by extensions ['colcon_pkg']
[0.327s] Level 1:colcon.colcon_core.package_identification:_identify(dynominion_rmf_navigation) by extension 'colcon_pkg'
[0.327s] Level 1:colcon.colcon_core.package_identification:_identify(dynominion_rmf_navigation) by extensions ['colcon_meta']
[0.327s] Level 1:colcon.colcon_core.package_identification:_identify(dynominion_rmf_navigation) by extension 'colcon_meta'
[0.327s] Level 1:colcon.colcon_core.package_identification:_identify(dynominion_rmf_navigation) by extensions ['ros']
[0.328s] Level 1:colcon.colcon_core.package_identification:_identify(dynominion_rmf_navigation) by extension 'ros'
[0.328s] DEBUG:colcon.colcon_core.package_identification:Package 'dynominion_rmf_navigation' with type 'ros.ament_cmake' and name 'dynominion_rmf_navigation'
[0.329s] Level 1:colcon.colcon_core.package_identification:_identify(dynominion_rmf_slam) by extensions ['ignore', 'ignore_ament_install']
[0.329s] Level 1:colcon.colcon_core.package_identification:_identify(dynominion_rmf_slam) by extension 'ignore'
[0.329s] Level 1:colcon.colcon_core.package_identification:_identify(dynominion_rmf_slam) by extension 'ignore_ament_install'
[0.329s] Level 1:colcon.colcon_core.package_identification:_identify(dynominion_rmf_slam) by extensions ['colcon_pkg']
[0.329s] Level 1:colcon.colcon_core.package_identification:_identify(dynominion_rmf_slam) by extension 'colcon_pkg'
[0.329s] Level 1:colcon.colcon_core.package_identification:_identify(dynominion_rmf_slam) by extensions ['colcon_meta']
[0.329s] Level 1:colcon.colcon_core.package_identification:_identify(dynominion_rmf_slam) by extension 'colcon_meta'
[0.329s] Level 1:colcon.colcon_core.package_identification:_identify(dynominion_rmf_slam) by extensions ['ros']
[0.329s] Level 1:colcon.colcon_core.package_identification:_identify(dynominion_rmf_slam) by extension 'ros'
[0.330s] DEBUG:colcon.colcon_core.package_identification:Package 'dynominion_rmf_slam' with type 'ros.ament_cmake' and name 'dynominion_rmf_slam'
[0.330s] Level 1:colcon.colcon_core.package_identification:_identify(dynominion_rmf_x) by extensions ['ignore', 'ignore_ament_install']
[0.331s] Level 1:colcon.colcon_core.package_identification:_identify(dynominion_rmf_x) by extension 'ignore'
[0.331s] Level 1:colcon.colcon_core.package_identification:_identify(dynominion_rmf_x) by extension 'ignore_ament_install'
[0.331s] Level 1:colcon.colcon_core.package_identification:_identify(dynominion_rmf_x) by extensions ['colcon_pkg']
[0.331s] Level 1:colcon.colcon_core.package_identification:_identify(dynominion_rmf_x) by extension 'colcon_pkg'
[0.331s] Level 1:colcon.colcon_core.package_identification:_identify(dynominion_rmf_x) by extensions ['colcon_meta']
[0.331s] Level 1:colcon.colcon_core.package_identification:_identify(dynominion_rmf_x) by extension 'colcon_meta'
[0.331s] Level 1:colcon.colcon_core.package_identification:_identify(dynominion_rmf_x) by extensions ['ros']
[0.331s] Level 1:colcon.colcon_core.package_identification:_identify(dynominion_rmf_x) by extension 'ros'
[0.332s] Level 1:colcon.colcon_core.package_identification:_identify(dynominion_rmf_x) by extensions ['cmake', 'python']
[0.332s] Level 1:colcon.colcon_core.package_identification:_identify(dynominion_rmf_x) by extension 'cmake'
[0.332s] Level 1:colcon.colcon_core.package_identification:_identify(dynominion_rmf_x) by extension 'python'
[0.332s] Level 1:colcon.colcon_core.package_identification:_identify(dynominion_rmf_x) by extensions ['python_setup_py']
[0.332s] Level 1:colcon.colcon_core.package_identification:_identify(dynominion_rmf_x) by extension 'python_setup_py'
[0.332s] Level 1:colcon.colcon_core.package_identification:_identify(install) by extensions ['ignore', 'ignore_ament_install']
[0.332s] Level 1:colcon.colcon_core.package_identification:_identify(install) by extension 'ignore'
[0.332s] Level 1:colcon.colcon_core.package_identification:_identify(install) ignored
[0.333s] Level 1:colcon.colcon_core.package_identification:_identify(log) by extensions ['ignore', 'ignore_ament_install']
[0.333s] Level 1:colcon.colcon_core.package_identification:_identify(log) by extension 'ignore'
[0.333s] Level 1:colcon.colcon_core.package_identification:_identify(log) ignored
[0.333s] Level 1:colcon.colcon_core.package_identification:_identify(teleop_robot) by extensions ['ignore', 'ignore_ament_install']
[0.333s] Level 1:colcon.colcon_core.package_identification:_identify(teleop_robot) by extension 'ignore'
[0.333s] Level 1:colcon.colcon_core.package_identification:_identify(teleop_robot) by extension 'ignore_ament_install'
[0.333s] Level 1:colcon.colcon_core.package_identification:_identify(teleop_robot) by extensions ['colcon_pkg']
[0.334s] Level 1:colcon.colcon_core.package_identification:_identify(teleop_robot) by extension 'colcon_pkg'
[0.334s] Level 1:colcon.colcon_core.package_identification:_identify(teleop_robot) by extensions ['colcon_meta']
[0.334s] Level 1:colcon.colcon_core.package_identification:_identify(teleop_robot) by extension 'colcon_meta'
[0.334s] Level 1:colcon.colcon_core.package_identification:_identify(teleop_robot) by extensions ['ros']
[0.334s] Level 1:colcon.colcon_core.package_identification:_identify(teleop_robot) by extension 'ros'
[0.335s] DEBUG:colcon.colcon_core.package_identification:Package 'teleop_robot' with type 'ros.ament_python' and name 'teleop_robot'
[0.335s] Level 1:colcon.colcon_core.package_discovery:discover_packages(recursive) using defaults
[0.335s] Level 1:colcon.colcon_core.package_discovery:discover_packages(ignore) discover
[0.335s] Level 1:colcon.colcon_core.package_discovery:discover_packages(ignore) using defaults
[0.335s] Level 1:colcon.colcon_core.package_discovery:discover_packages(path) discover
[0.335s] Level 1:colcon.colcon_core.package_discovery:discover_packages(path) using defaults
[0.364s] INFO:colcon.colcon_core.package_selection:Skipping not selected package 'dynominion_rmf_description' in 'dynominion_rmf_description'
[0.364s] INFO:colcon.colcon_core.package_selection:Skipping not selected package 'dynominion_rmf_navigation' in 'dynominion_rmf_navigation'
[0.364s] INFO:colcon.colcon_core.package_selection:Skipping not selected package 'dynominion_rmf_slam' in 'dynominion_rmf_slam'
[0.364s] INFO:colcon.colcon_core.package_selection:Skipping not selected package 'teleop_robot' in 'teleop_robot'
[0.365s] Level 1:colcon.colcon_core.package_discovery:discover_packages(prefix_path) check parameters
[0.365s] Level 1:colcon.colcon_core.package_discovery:discover_packages(prefix_path) discover
[0.367s] WARNING:colcon.colcon_ros.prefix_path.ament:The path '/home/jazzy/Desktop/dynominion_rmf/install/dynominion_rmf_gazebo' in the environment variable AMENT_PREFIX_PATH doesn't exist
[0.367s] WARNING:colcon.colcon_ros.prefix_path.catkin:The path '/home/jazzy/Desktop/dynominion_rmf/install/dynominion_rmf_gazebo' in the environment variable CMAKE_PREFIX_PATH doesn't exist
[0.368s] DEBUG:colcon.colcon_installed_package_information.package_discovery:Found 4 installed packages in /home/jazzy/Desktop/dynominion_rmf/install
[0.374s] DEBUG:colcon.colcon_installed_package_information.package_discovery:Found 468 installed packages in /opt/ros/jazzy
[0.376s] Level 1:colcon.colcon_core.package_discovery:discover_packages(prefix_path) using defaults
[0.487s] Level 5:colcon.colcon_core.verb:set package 'dynominion_rmf_gazebo' build argument 'cmake_args' from command line to 'None'
[0.487s] Level 5:colcon.colcon_core.verb:set package 'dynominion_rmf_gazebo' build argument 'cmake_target' from command line to 'None'
[0.487s] Level 5:colcon.colcon_core.verb:set package 'dynominion_rmf_gazebo' build argument 'cmake_target_skip_unavailable' from command line to 'False'
[0.487s] Level 5:colcon.colcon_core.verb:set package 'dynominion_rmf_gazebo' build argument 'cmake_clean_cache' from command line to 'False'
[0.488s] Level 5:colcon.colcon_core.verb:set package 'dynominion_rmf_gazebo' build argument 'cmake_clean_first' from command line to 'False'
[0.488s] Level 5:colcon.colcon_core.verb:set package 'dynominion_rmf_gazebo' build argument 'cmake_force_configure' from command line to 'False'
[0.488s] Level 5:colcon.colcon_core.verb:set package 'dynominion_rmf_gazebo' build argument 'ament_cmake_args' from command line to 'None'
[0.488s] Level 5:colcon.colcon_core.verb:set package 'dynominion_rmf_gazebo' build argument 'catkin_cmake_args' from command line to 'None'
[0.488s] Level 5:colcon.colcon_core.verb:set package 'dynominion_rmf_gazebo' build argument 'catkin_skip_building_tests' from command line to 'False'
[0.488s] DEBUG:colcon.colcon_core.verb:Building package 'dynominion_rmf_gazebo' with the following arguments: {'ament_cmake_args': None, 'build_base': '/home/jazzy/Desktop/dynominion_rmf/build/dynominion_rmf_gazebo', 'catkin_cmake_args': None, 'catkin_skip_building_tests': False, 'cmake_args': None, 'cmake_clean_cache': False, 'cmake_clean_first': False, 'cmake_force_configure': False, 'cmake_target': None, 'cmake_target_skip_unavailable': False, 'install_base': '/home/jazzy/Desktop/dynominion_rmf/install/dynominion_rmf_gazebo', 'merge_install': False, 'path': '/home/jazzy/Desktop/dynominion_rmf/dynominion_rmf_gazebo', 'symlink_install': False, 'test_result_base': None}
[0.488s] INFO:colcon.colcon_core.executor:Executing jobs using 'parallel' executor
[0.490s] DEBUG:colcon.colcon_parallel_executor.executor.parallel:run_until_complete
[0.491s] INFO:colcon.colcon_ros.task.ament_cmake.build:Building ROS package in '/home/jazzy/Desktop/dynominion_rmf/dynominion_rmf_gazebo' with build type 'ament_cmake'
[0.491s] INFO:colcon.colcon_cmake.task.cmake.build:Building CMake package in '/home/jazzy/Desktop/dynominion_rmf/dynominion_rmf_gazebo'
[0.494s] INFO:colcon.colcon_core.plugin_system:Skipping extension 'colcon_core.shell.bat': Not used on non-Windows systems
[0.494s] INFO:colcon.colcon_core.shell:Skip shell extension 'powershell' for command environment: Not usable outside of PowerShell
[0.494s] DEBUG:colcon.colcon_core.shell:Skip shell extension 'dsv' for command environment
[0.510s] DEBUG:colcon.colcon_core.event_handler.log_command:Invoking command in '/home/jazzy/Desktop/dynominion_rmf/build/dynominion_rmf_gazebo': CMAKE_PREFIX_PATH=${CMAKE_PREFIX_PATH}:/home/jazzy/Desktop/dynominion_rmf/install/teleop_robot:/opt/ros/jazzy DEBUGINFOD_URLS=https://debuginfod.ubuntu.com /usr/bin/cmake /home/jazzy/Desktop/dynominion_rmf/dynominion_rmf_gazebo -DCMAKE_INSTALL_PREFIX=/home/jazzy/Desktop/dynominion_rmf/install/dynominion_rmf_gazebo
[4.644s] DEBUG:colcon.colcon_core.event_handler.log_command:Invoked command in '/home/jazzy/Desktop/dynominion_rmf/build/dynominion_rmf_gazebo' returned '0': CMAKE_PREFIX_PATH=${CMAKE_PREFIX_PATH}:/home/jazzy/Desktop/dynominion_rmf/install/teleop_robot:/opt/ros/jazzy DEBUGINFOD_URLS=https://debuginfod.ubuntu.com /usr/bin/cmake /home/jazzy/Desktop/dynominion_rmf/dynominion_rmf_gazebo -DCMAKE_INSTALL_PREFIX=/home/jazzy/Desktop/dynominion_rmf/install/dynominion_rmf_gazebo
[4.647s] DEBUG:colcon.colcon_core.event_handler.log_command:Invoking command in '/home/jazzy/Desktop/dynominion_rmf/build/dynominion_rmf_gazebo': CMAKE_PREFIX_PATH=${CMAKE_PREFIX_PATH}:/home/jazzy/Desktop/dynominion_rmf/install/teleop_robot:/opt/ros/jazzy DEBUGINFOD_URLS=https://debuginfod.ubuntu.com /usr/bin/cmake --build /home/jazzy/Desktop/dynominion_rmf/build/dynominion_rmf_gazebo -- -j16 -l16
[4.735s] DEBUG:colcon.colcon_core.event_handler.log_command:Invoked command in '/home/jazzy/Desktop/dynominion_rmf/build/dynominion_rmf_gazebo' returned '0': CMAKE_PREFIX_PATH=${CMAKE_PREFIX_PATH}:/home/jazzy/Desktop/dynominion_rmf/install/teleop_robot:/opt/ros/jazzy DEBUGINFOD_URLS=https://debuginfod.ubuntu.com /usr/bin/cmake --build /home/jazzy/Desktop/dynominion_rmf/build/dynominion_rmf_gazebo -- -j16 -l16
[4.755s] DEBUG:colcon.colcon_core.event_handler.log_command:Invoking command in '/home/jazzy/Desktop/dynominion_rmf/build/dynominion_rmf_gazebo': CMAKE_PREFIX_PATH=${CMAKE_PREFIX_PATH}:/home/jazzy/Desktop/dynominion_rmf/install/teleop_robot:/opt/ros/jazzy DEBUGINFOD_URLS=https://debuginfod.ubuntu.com /usr/bin/cmake --install /home/jazzy/Desktop/dynominion_rmf/build/dynominion_rmf_gazebo
[4.876s] Level 1:colcon.colcon_core.environment:create_environment_scripts_only(dynominion_rmf_gazebo)
[4.877s] DEBUG:colcon.colcon_core.event_handler.log_command:Invoked command in '/home/jazzy/Desktop/dynominion_rmf/build/dynominion_rmf_gazebo' returned '0': CMAKE_PREFIX_PATH=${CMAKE_PREFIX_PATH}:/home/jazzy/Desktop/dynominion_rmf/install/teleop_robot:/opt/ros/jazzy DEBUGINFOD_URLS=https://debuginfod.ubuntu.com /usr/bin/cmake --install /home/jazzy/Desktop/dynominion_rmf/build/dynominion_rmf_gazebo
[4.880s] Level 1:colcon.colcon_core.environment:checking '/home/jazzy/Desktop/dynominion_rmf/install/dynominion_rmf_gazebo' for CMake module files
[4.881s] Level 1:colcon.colcon_core.environment:checking '/home/jazzy/Desktop/dynominion_rmf/install/dynominion_rmf_gazebo' for CMake config files
[4.882s] Level 1:colcon.colcon_core.shell:create_environment_hook('dynominion_rmf_gazebo', 'cmake_prefix_path')
[4.882s] INFO:colcon.colcon_core.shell:Creating environment hook '/home/jazzy/Desktop/dynominion_rmf/install/dynominion_rmf_gazebo/share/dynominion_rmf_gazebo/hook/cmake_prefix_path.ps1'
[4.883s] INFO:colcon.colcon_core.shell:Creating environment descriptor '/home/jazzy/Desktop/dynominion_rmf/install/dynominion_rmf_gazebo/share/dynominion_rmf_gazebo/hook/cmake_prefix_path.dsv'
[4.884s] INFO:colcon.colcon_core.shell:Creating environment hook '/home/jazzy/Desktop/dynominion_rmf/install/dynominion_rmf_gazebo/share/dynominion_rmf_gazebo/hook/cmake_prefix_path.sh'
[4.885s] Level 1:colcon.colcon_core.environment:checking '/home/jazzy/Desktop/dynominion_rmf/install/dynominion_rmf_gazebo/lib'
[4.886s] Level 1:colcon.colcon_core.environment:checking '/home/jazzy/Desktop/dynominion_rmf/install/dynominion_rmf_gazebo/bin'
[4.886s] Level 1:colcon.colcon_core.environment:checking '/home/jazzy/Desktop/dynominion_rmf/install/dynominion_rmf_gazebo/lib/pkgconfig/dynominion_rmf_gazebo.pc'
[4.886s] Level 1:colcon.colcon_core.environment:checking '/home/jazzy/Desktop/dynominion_rmf/install/dynominion_rmf_gazebo/lib/python3.12/site-packages'
[4.887s] Level 1:colcon.colcon_core.environment:checking '/home/jazzy/Desktop/dynominion_rmf/install/dynominion_rmf_gazebo/bin'
[4.887s] INFO:colcon.colcon_core.shell:Creating package script '/home/jazzy/Desktop/dynominion_rmf/install/dynominion_rmf_gazebo/share/dynominion_rmf_gazebo/package.ps1'
[4.888s] INFO:colcon.colcon_core.shell:Creating package descriptor '/home/jazzy/Desktop/dynominion_rmf/install/dynominion_rmf_gazebo/share/dynominion_rmf_gazebo/package.dsv'
[4.889s] INFO:colcon.colcon_core.shell:Creating package script '/home/jazzy/Desktop/dynominion_rmf/install/dynominion_rmf_gazebo/share/dynominion_rmf_gazebo/package.sh'
[4.890s] INFO:colcon.colcon_core.shell:Creating package script '/home/jazzy/Desktop/dynominion_rmf/install/dynominion_rmf_gazebo/share/dynominion_rmf_gazebo/package.bash'
[4.891s] INFO:colcon.colcon_core.shell:Creating package script '/home/jazzy/Desktop/dynominion_rmf/install/dynominion_rmf_gazebo/share/dynominion_rmf_gazebo/package.zsh'
[4.892s] Level 1:colcon.colcon_core.environment:create_file_with_runtime_dependencies(/home/jazzy/Desktop/dynominion_rmf/install/dynominion_rmf_gazebo/share/colcon-core/packages/dynominion_rmf_gazebo)
[4.893s] Level 1:colcon.colcon_core.environment:create_environment_scripts_only(dynominion_rmf_gazebo)
[4.893s] Level 1:colcon.colcon_core.environment:checking '/home/jazzy/Desktop/dynominion_rmf/install/dynominion_rmf_gazebo' for CMake module files
[4.894s] Level 1:colcon.colcon_core.environment:checking '/home/jazzy/Desktop/dynominion_rmf/install/dynominion_rmf_gazebo' for CMake config files
[4.895s] Level 1:colcon.colcon_core.shell:create_environment_hook('dynominion_rmf_gazebo', 'cmake_prefix_path')
[4.895s] INFO:colcon.colcon_core.shell:Creating environment hook '/home/jazzy/Desktop/dynominion_rmf/install/dynominion_rmf_gazebo/share/dynominion_rmf_gazebo/hook/cmake_prefix_path.ps1'
[4.896s] INFO:colcon.colcon_core.shell:Creating environment descriptor '/home/jazzy/Desktop/dynominion_rmf/install/dynominion_rmf_gazebo/share/dynominion_rmf_gazebo/hook/cmake_prefix_path.dsv'
[4.897s] INFO:colcon.colcon_core.shell:Creating environment hook '/home/jazzy/Desktop/dynominion_rmf/install/dynominion_rmf_gazebo/share/dynominion_rmf_gazebo/hook/cmake_prefix_path.sh'
[4.898s] Level 1:colcon.colcon_core.environment:checking '/home/jazzy/Desktop/dynominion_rmf/install/dynominion_rmf_gazebo/lib'
[4.898s] Level 1:colcon.colcon_core.environment:checking '/home/jazzy/Desktop/dynominion_rmf/install/dynominion_rmf_gazebo/bin'
[4.898s] Level 1:colcon.colcon_core.environment:checking '/home/jazzy/Desktop/dynominion_rmf/install/dynominion_rmf_gazebo/lib/pkgconfig/dynominion_rmf_gazebo.pc'
[4.898s] Level 1:colcon.colcon_core.environment:checking '/home/jazzy/Desktop/dynominion_rmf/install/dynominion_rmf_gazebo/lib/python3.12/site-packages'
[4.899s] Level 1:colcon.colcon_core.environment:checking '/home/jazzy/Desktop/dynominion_rmf/install/dynominion_rmf_gazebo/bin'
[4.899s] INFO:colcon.colcon_core.shell:Creating package script '/home/jazzy/Desktop/dynominion_rmf/install/dynominion_rmf_gazebo/share/dynominion_rmf_gazebo/package.ps1'
[4.901s] INFO:colcon.colcon_core.shell:Creating package descriptor '/home/jazzy/Desktop/dynominion_rmf/install/dynominion_rmf_gazebo/share/dynominion_rmf_gazebo/package.dsv'
[4.901s] INFO:colcon.colcon_core.shell:Creating package script '/home/jazzy/Desktop/dynominion_rmf/install/dynominion_rmf_gazebo/share/dynominion_rmf_gazebo/package.sh'
[4.902s] INFO:colcon.colcon_core.shell:Creating package script '/home/jazzy/Desktop/dynominion_rmf/install/dynominion_rmf_gazebo/share/dynominion_rmf_gazebo/package.bash'
[4.903s] INFO:colcon.colcon_core.shell:Creating package script '/home/jazzy/Desktop/dynominion_rmf/install/dynominion_rmf_gazebo/share/dynominion_rmf_gazebo/package.zsh'
[4.904s] Level 1:colcon.colcon_core.environment:create_file_with_runtime_dependencies(/home/jazzy/Desktop/dynominion_rmf/install/dynominion_rmf_gazebo/share/colcon-core/packages/dynominion_rmf_gazebo)
[4.904s] DEBUG:colcon.colcon_parallel_executor.executor.parallel:closing loop
[4.905s] DEBUG:colcon.colcon_parallel_executor.executor.parallel:loop closed
[4.905s] DEBUG:colcon.colcon_parallel_executor.executor.parallel:run_until_complete finished with '0'
[4.905s] DEBUG:colcon.colcon_core.event_reactor:joining thread
[4.933s] INFO:colcon.colcon_core.plugin_system:Skipping extension 'colcon_notification.desktop_notification.terminal_notifier': Not used on non-Darwin systems
[4.933s] INFO:colcon.colcon_core.plugin_system:Skipping extension 'colcon_notification.desktop_notification.win32': Not used on non-Windows systems
[4.933s] INFO:colcon.colcon_notification.desktop_notification:Sending desktop notification using 'notify2'
[4.957s] DEBUG:colcon.colcon_core.event_reactor:joined thread
[4.958s] INFO:colcon.colcon_core.shell:Creating prefix script '/home/jazzy/Desktop/dynominion_rmf/install/local_setup.ps1'
[4.959s] INFO:colcon.colcon_core.shell:Creating prefix util module '/home/jazzy/Desktop/dynominion_rmf/install/_local_setup_util_ps1.py'
[4.961s] INFO:colcon.colcon_core.shell:Creating prefix chain script '/home/jazzy/Desktop/dynominion_rmf/install/setup.ps1'
[4.963s] INFO:colcon.colcon_core.shell:Creating prefix script '/home/jazzy/Desktop/dynominion_rmf/install/local_setup.sh'
[4.964s] INFO:colcon.colcon_core.shell:Creating prefix util module '/home/jazzy/Desktop/dynominion_rmf/install/_local_setup_util_sh.py'
[4.965s] INFO:colcon.colcon_core.shell:Creating prefix chain script '/home/jazzy/Desktop/dynominion_rmf/install/setup.sh'
[4.967s] INFO:colcon.colcon_core.shell:Creating prefix script '/home/jazzy/Desktop/dynominion_rmf/install/local_setup.bash'
[4.968s] INFO:colcon.colcon_core.shell:Creating prefix chain script '/home/jazzy/Desktop/dynominion_rmf/install/setup.bash'
[4.970s] INFO:colcon.colcon_core.shell:Creating prefix script '/home/jazzy/Desktop/dynominion_rmf/install/local_setup.zsh'
[4.971s] INFO:colcon.colcon_core.shell:Creating prefix chain script '/home/jazzy/Desktop/dynominion_rmf/install/setup.zsh'
