[0.036s] Invoking command in '/home/jazzy/Desktop/dynominion_rmf/build/dynominion_rmf_gazebo': CMAKE_PREFIX_PATH=${CMAKE_PREFIX_PATH}:/opt/ros/jazzy DEBUGINFOD_URLS=https://debuginfod.ubuntu.com /usr/bin/cmake /home/jazzy/Desktop/dynominion_rmf/dynominion_rmf_gazebo -DCMAKE_INSTALL_PREFIX=/home/jazzy/Desktop/dynominion_rmf/install/dynominion_rmf_gazebo
[0.133s] -- The C compiler identification is GNU 13.3.0
[0.231s] -- The CXX compiler identification is GNU 13.3.0
[0.260s] -- Detecting C compiler ABI info
[0.427s] -- Detecting C compiler ABI info - done
[0.442s] -- Check for working C compiler: /usr/bin/cc - skipped
[0.443s] -- Detecting C compile features
[0.443s] -- Detecting C compile features - done
[0.460s] -- Detecting CXX compiler ABI info
[0.644s] -- Detecting CXX compiler ABI info - done
[0.659s] -- Check for working CXX compiler: /usr/bin/c++ - skipped
[0.659s] -- Detecting CXX compile features
[0.660s] -- Detecting CXX compile features - done
[0.669s] -- Found ament_cmake: 2.5.5 (/opt/ros/jazzy/share/ament_cmake/cmake)
[0.944s] -- Found Python3: /usr/bin/python3 (found version "3.12.3") found components: Interpreter 
[1.185s] -- Found ros_gz_bridge: 1.0.18 (/opt/ros/jazzy/share/ros_gz_bridge/cmake)
[1.305s] -- Found rosidl_generator_c: 4.6.7 (/opt/ros/jazzy/share/rosidl_generator_c/cmake)
[1.341s] -- Found rosidl_generator_cpp: 4.6.7 (/opt/ros/jazzy/share/rosidl_generator_cpp/cmake)
[1.381s] -- Using all available rosidl_typesupport_c: rosidl_typesupport_fastrtps_c;rosidl_typesupport_introspection_c
[1.426s] -- Using all available rosidl_typesupport_cpp: rosidl_typesupport_fastrtps_cpp;rosidl_typesupport_introspection_cpp
[1.602s] -- Found rmw_implementation_cmake: 7.3.3 (/opt/ros/jazzy/share/rmw_implementation_cmake/cmake)
[1.611s] -- Found rmw_fastrtps_cpp: 8.4.3 (/opt/ros/jazzy/share/rmw_fastrtps_cpp/cmake)
[1.788s] -- Found OpenSSL: /usr/lib/x86_64-linux-gnu/libcrypto.so (found version "3.0.13")  
[1.825s] -- Found FastRTPS: /opt/ros/jazzy/include (Required is at least version "2.13") 
[1.864s] -- Using RMW implementation 'rmw_fastrtps_cpp' as default
[2.145s] -- Looking for gz-msgs10 -- found version 10.3.2
[2.158s] -- Searching for dependencies of gz-msgs10
[2.370s] -- Found Protobuf: /usr/lib/x86_64-linux-gnu/libprotobuf.so (found version "3.21.12") 
[2.376s] -- Looking for gz-utils2 -- found version 2.2.1
[2.376s] -- Searching for dependencies of gz-utils2
[2.381s] -- Looking for gz-math7 -- found version 7.5.2
[2.381s] -- Searching for dependencies of gz-math7
[2.382s] -- Looking for gz-utils2 -- found version 2.2.1
[2.391s] -- Checking for module 'tinyxml2'
[2.421s] --   Found tinyxml2, version 10.0.0
[2.503s] -- Looking for gz-transport13 -- found version 13.5.0
[2.503s] -- Searching for dependencies of gz-transport13
[2.568s] -- Config-file not installed for ZeroMQ -- checking for pkg-config
[2.576s] -- Checking for module 'libzmq >= 4'
[2.605s] --   Found libzmq, version 4.3.5
[2.687s] -- Found ZeroMQ: TRUE (Required is at least version "4") 
[2.697s] -- Checking for module 'uuid'
[2.726s] --   Found uuid, version 2.39.3
[2.792s] -- Found UUID: TRUE  
[2.793s] -- Looking for gz-utils2 -- found version 2.2.1
[2.794s] -- Searching for dependencies of gz-utils2
[2.794s] -- Searching for <gz-utils2> component [cli]
[2.798s] -- Looking for gz-utils2-cli -- found version 2.2.1
[2.799s] -- Searching for dependencies of gz-utils2-cli
[2.800s] -- Looking for gz-msgs10 -- found version 10.3.2
[3.326s] -- Found ros_gz_sim: 1.0.18 (/opt/ros/jazzy/share/ros_gz_sim/cmake)
[3.425s] -- Found robot_state_publisher: 3.3.3 (/opt/ros/jazzy/share/robot_state_publisher/cmake)
[3.527s] -- Found rclpy: 7.1.9 (/opt/ros/jazzy/share/rclpy/cmake)
[3.535s] -- Found xacro: 2.1.1 (/opt/ros/jazzy/share/xacro/cmake)
[3.544s] -- Found ament_lint_auto: 0.17.4 (/opt/ros/jazzy/share/ament_lint_auto/cmake)
[3.754s] -- Added test 'flake8' to check Python code syntax and style conventions
[3.754s] -- Configured 'flake8' exclude dirs and/or files: 
[3.758s] -- Added test 'lint_cmake' to check CMake code style
[3.760s] -- Added test 'pep257' to check Python code against some of the docstring style conventions in PEP 257
[3.772s] -- Added test 'xmllint' to check XML markup files
[3.775s] -- Configuring done (3.7s)
[3.787s] -- Generating done (0.0s)
[3.792s] -- Build files have been written to: /home/jazzy/Desktop/dynominion_rmf/build/dynominion_rmf_gazebo
[3.815s] Invoked command in '/home/jazzy/Desktop/dynominion_rmf/build/dynominion_rmf_gazebo' returned '0': CMAKE_PREFIX_PATH=${CMAKE_PREFIX_PATH}:/opt/ros/jazzy DEBUGINFOD_URLS=https://debuginfod.ubuntu.com /usr/bin/cmake /home/jazzy/Desktop/dynominion_rmf/dynominion_rmf_gazebo -DCMAKE_INSTALL_PREFIX=/home/jazzy/Desktop/dynominion_rmf/install/dynominion_rmf_gazebo
[3.817s] Invoking command in '/home/jazzy/Desktop/dynominion_rmf/build/dynominion_rmf_gazebo': CMAKE_PREFIX_PATH=${CMAKE_PREFIX_PATH}:/opt/ros/jazzy DEBUGINFOD_URLS=https://debuginfod.ubuntu.com /usr/bin/cmake --build /home/jazzy/Desktop/dynominion_rmf/build/dynominion_rmf_gazebo -- -j16 -l16
[3.897s] Invoked command in '/home/jazzy/Desktop/dynominion_rmf/build/dynominion_rmf_gazebo' returned '0': CMAKE_PREFIX_PATH=${CMAKE_PREFIX_PATH}:/opt/ros/jazzy DEBUGINFOD_URLS=https://debuginfod.ubuntu.com /usr/bin/cmake --build /home/jazzy/Desktop/dynominion_rmf/build/dynominion_rmf_gazebo -- -j16 -l16
[3.899s] Invoking command in '/home/jazzy/Desktop/dynominion_rmf/build/dynominion_rmf_gazebo': CMAKE_PREFIX_PATH=${CMAKE_PREFIX_PATH}:/opt/ros/jazzy DEBUGINFOD_URLS=https://debuginfod.ubuntu.com /usr/bin/cmake --install /home/jazzy/Desktop/dynominion_rmf/build/dynominion_rmf_gazebo
[3.914s] -- Install configuration: ""
[3.914s] -- Installing: /home/jazzy/Desktop/dynominion_rmf/install/dynominion_rmf_gazebo/share/dynominion_rmf_gazebo/models
[3.915s] -- Installing: /home/jazzy/Desktop/dynominion_rmf/install/dynominion_rmf_gazebo/share/dynominion_rmf_gazebo/models/Cafe
[3.915s] -- Installing: /home/jazzy/Desktop/dynominion_rmf/install/dynominion_rmf_gazebo/share/dynominion_rmf_gazebo/models/Cafe/materials
[3.915s] -- Installing: /home/jazzy/Desktop/dynominion_rmf/install/dynominion_rmf_gazebo/share/dynominion_rmf_gazebo/models/Cafe/materials/textures
[3.916s] -- Installing: /home/jazzy/Desktop/dynominion_rmf/install/dynominion_rmf_gazebo/share/dynominion_rmf_gazebo/models/Cafe/materials/textures/__auto_22.jpg
[3.916s] -- Installing: /home/jazzy/Desktop/dynominion_rmf/install/dynominion_rmf_gazebo/share/dynominion_rmf_gazebo/models/Cafe/materials/textures/__auto_23.jpg
[3.916s] -- Installing: /home/jazzy/Desktop/dynominion_rmf/install/dynominion_rmf_gazebo/share/dynominion_rmf_gazebo/models/Cafe/materials/textures/__auto_2.jpg
[3.917s] -- Installing: /home/jazzy/Desktop/dynominion_rmf/install/dynominion_rmf_gazebo/share/dynominion_rmf_gazebo/models/Cafe/materials/textures/__auto_37.jpg
[3.917s] -- Installing: /home/jazzy/Desktop/dynominion_rmf/install/dynominion_rmf_gazebo/share/dynominion_rmf_gazebo/models/Cafe/materials/textures/__auto_21.jpg
[3.917s] -- Installing: /home/jazzy/Desktop/dynominion_rmf/install/dynominion_rmf_gazebo/share/dynominion_rmf_gazebo/models/Cafe/materials/textures/__auto_31.jpg
[3.917s] -- Installing: /home/jazzy/Desktop/dynominion_rmf/install/dynominion_rmf_gazebo/share/dynominion_rmf_gazebo/models/Cafe/materials/textures/__auto_34.jpg
[3.918s] -- Installing: /home/jazzy/Desktop/dynominion_rmf/install/dynominion_rmf_gazebo/share/dynominion_rmf_gazebo/models/Cafe/materials/textures/__auto_29.jpg
[3.918s] -- Installing: /home/jazzy/Desktop/dynominion_rmf/install/dynominion_rmf_gazebo/share/dynominion_rmf_gazebo/models/Cafe/materials/textures/__auto_26.jpg
[3.918s] -- Installing: /home/jazzy/Desktop/dynominion_rmf/install/dynominion_rmf_gazebo/share/dynominion_rmf_gazebo/models/Cafe/materials/textures/__auto_35.jpg
[3.918s] -- Installing: /home/jazzy/Desktop/dynominion_rmf/install/dynominion_rmf_gazebo/share/dynominion_rmf_gazebo/models/Cafe/materials/textures/__auto_25.jpg
[3.918s] -- Installing: /home/jazzy/Desktop/dynominion_rmf/install/dynominion_rmf_gazebo/share/dynominion_rmf_gazebo/models/Cafe/materials/textures/__auto_24.jpg
[3.919s] -- Installing: /home/jazzy/Desktop/dynominion_rmf/install/dynominion_rmf_gazebo/share/dynominion_rmf_gazebo/models/Cafe/materials/textures/__auto_28.jpg
[3.919s] -- Installing: /home/jazzy/Desktop/dynominion_rmf/install/dynominion_rmf_gazebo/share/dynominion_rmf_gazebo/models/Cafe/materials/textures/__auto_10.jpg
[3.919s] -- Installing: /home/jazzy/Desktop/dynominion_rmf/install/dynominion_rmf_gazebo/share/dynominion_rmf_gazebo/models/Cafe/materials/textures/__auto_30.jpg
[3.919s] -- Installing: /home/jazzy/Desktop/dynominion_rmf/install/dynominion_rmf_gazebo/share/dynominion_rmf_gazebo/models/Cafe/thumbnails
[3.919s] -- Installing: /home/jazzy/Desktop/dynominion_rmf/install/dynominion_rmf_gazebo/share/dynominion_rmf_gazebo/models/Cafe/thumbnails/5.png
[3.919s] -- Installing: /home/jazzy/Desktop/dynominion_rmf/install/dynominion_rmf_gazebo/share/dynominion_rmf_gazebo/models/Cafe/thumbnails/3.png
[3.920s] -- Installing: /home/jazzy/Desktop/dynominion_rmf/install/dynominion_rmf_gazebo/share/dynominion_rmf_gazebo/models/Cafe/thumbnails/2.png
[3.920s] -- Installing: /home/jazzy/Desktop/dynominion_rmf/install/dynominion_rmf_gazebo/share/dynominion_rmf_gazebo/models/Cafe/thumbnails/4.png
[3.920s] -- Installing: /home/jazzy/Desktop/dynominion_rmf/install/dynominion_rmf_gazebo/share/dynominion_rmf_gazebo/models/Cafe/thumbnails/1.png
[3.921s] -- Installing: /home/jazzy/Desktop/dynominion_rmf/install/dynominion_rmf_gazebo/share/dynominion_rmf_gazebo/models/Cafe/model.config
[3.921s] -- Installing: /home/jazzy/Desktop/dynominion_rmf/install/dynominion_rmf_gazebo/share/dynominion_rmf_gazebo/models/Cafe/meshes
[3.921s] -- Installing: /home/jazzy/Desktop/dynominion_rmf/install/dynominion_rmf_gazebo/share/dynominion_rmf_gazebo/models/Cafe/meshes/cafe.dae
[3.924s] -- Installing: /home/jazzy/Desktop/dynominion_rmf/install/dynominion_rmf_gazebo/share/dynominion_rmf_gazebo/models/Cafe/model.sdf
[3.924s] -- Installing: /home/jazzy/Desktop/dynominion_rmf/install/dynominion_rmf_gazebo/share/dynominion_rmf_gazebo/models/Cafe_table
[3.924s] -- Installing: /home/jazzy/Desktop/dynominion_rmf/install/dynominion_rmf_gazebo/share/dynominion_rmf_gazebo/models/Cafe_table/materials
[3.924s] -- Installing: /home/jazzy/Desktop/dynominion_rmf/install/dynominion_rmf_gazebo/share/dynominion_rmf_gazebo/models/Cafe_table/materials/textures
[3.925s] -- Installing: /home/jazzy/Desktop/dynominion_rmf/install/dynominion_rmf_gazebo/share/dynominion_rmf_gazebo/models/Cafe_table/materials/textures/Maple.jpg
[3.925s] -- Installing: /home/jazzy/Desktop/dynominion_rmf/install/dynominion_rmf_gazebo/share/dynominion_rmf_gazebo/models/Cafe_table/materials/textures/Wood_Floor_Dark.jpg
[3.925s] -- Installing: /home/jazzy/Desktop/dynominion_rmf/install/dynominion_rmf_gazebo/share/dynominion_rmf_gazebo/models/Cafe_table/thumbnails
[3.925s] -- Installing: /home/jazzy/Desktop/dynominion_rmf/install/dynominion_rmf_gazebo/share/dynominion_rmf_gazebo/models/Cafe_table/thumbnails/5.png
[3.925s] -- Installing: /home/jazzy/Desktop/dynominion_rmf/install/dynominion_rmf_gazebo/share/dynominion_rmf_gazebo/models/Cafe_table/thumbnails/3.png
[3.926s] -- Installing: /home/jazzy/Desktop/dynominion_rmf/install/dynominion_rmf_gazebo/share/dynominion_rmf_gazebo/models/Cafe_table/thumbnails/2.png
[3.926s] -- Installing: /home/jazzy/Desktop/dynominion_rmf/install/dynominion_rmf_gazebo/share/dynominion_rmf_gazebo/models/Cafe_table/thumbnails/4.png
[3.926s] -- Installing: /home/jazzy/Desktop/dynominion_rmf/install/dynominion_rmf_gazebo/share/dynominion_rmf_gazebo/models/Cafe_table/thumbnails/1.png
[3.927s] -- Installing: /home/jazzy/Desktop/dynominion_rmf/install/dynominion_rmf_gazebo/share/dynominion_rmf_gazebo/models/Cafe_table/model.config
[3.927s] -- Installing: /home/jazzy/Desktop/dynominion_rmf/install/dynominion_rmf_gazebo/share/dynominion_rmf_gazebo/models/Cafe_table/meshes
[3.927s] -- Installing: /home/jazzy/Desktop/dynominion_rmf/install/dynominion_rmf_gazebo/share/dynominion_rmf_gazebo/models/Cafe_table/meshes/cafe_table.dae
[3.927s] -- Installing: /home/jazzy/Desktop/dynominion_rmf/install/dynominion_rmf_gazebo/share/dynominion_rmf_gazebo/models/Cafe_table/model.sdf
[3.927s] -- Installing: /home/jazzy/Desktop/dynominion_rmf/install/dynominion_rmf_gazebo/share/dynominion_rmf_gazebo/models/Cafe_table/model-1_4.sdf
[3.928s] -- Installing: /home/jazzy/Desktop/dynominion_rmf/install/dynominion_rmf_gazebo/share/dynominion_rmf_gazebo/models/male_visitor
[3.928s] -- Installing: /home/jazzy/Desktop/dynominion_rmf/install/dynominion_rmf_gazebo/share/dynominion_rmf_gazebo/models/male_visitor/materials
[3.928s] -- Installing: /home/jazzy/Desktop/dynominion_rmf/install/dynominion_rmf_gazebo/share/dynominion_rmf_gazebo/models/male_visitor/materials/textures
[3.928s] -- Installing: /home/jazzy/Desktop/dynominion_rmf/install/dynominion_rmf_gazebo/share/dynominion_rmf_gazebo/models/male_visitor/materials/textures/MaleVisitor.png
[3.929s] -- Installing: /home/jazzy/Desktop/dynominion_rmf/install/dynominion_rmf_gazebo/share/dynominion_rmf_gazebo/models/male_visitor/thumbnails
[3.929s] -- Installing: /home/jazzy/Desktop/dynominion_rmf/install/dynominion_rmf_gazebo/share/dynominion_rmf_gazebo/models/male_visitor/thumbnails/2.png
[3.929s] -- Installing: /home/jazzy/Desktop/dynominion_rmf/install/dynominion_rmf_gazebo/share/dynominion_rmf_gazebo/models/male_visitor/thumbnails/1.png
[3.930s] -- Installing: /home/jazzy/Desktop/dynominion_rmf/install/dynominion_rmf_gazebo/share/dynominion_rmf_gazebo/models/male_visitor/model.config
[3.930s] -- Installing: /home/jazzy/Desktop/dynominion_rmf/install/dynominion_rmf_gazebo/share/dynominion_rmf_gazebo/models/male_visitor/meshes
[3.930s] -- Installing: /home/jazzy/Desktop/dynominion_rmf/install/dynominion_rmf_gazebo/share/dynominion_rmf_gazebo/models/male_visitor/meshes/MaleVisitorWalk.dae
[3.931s] -- Installing: /home/jazzy/Desktop/dynominion_rmf/install/dynominion_rmf_gazebo/share/dynominion_rmf_gazebo/models/male_visitor/model.sdf
[3.931s] -- Installing: /home/jazzy/Desktop/dynominion_rmf/install/dynominion_rmf_gazebo/share/dynominion_rmf_gazebo/models/actor
[3.931s] -- Installing: /home/jazzy/Desktop/dynominion_rmf/install/dynominion_rmf_gazebo/share/dynominion_rmf_gazebo/models/actor/thumbnails
[3.932s] -- Installing: /home/jazzy/Desktop/dynominion_rmf/install/dynominion_rmf_gazebo/share/dynominion_rmf_gazebo/models/actor/thumbnails/3.png
[3.932s] -- Installing: /home/jazzy/Desktop/dynominion_rmf/install/dynominion_rmf_gazebo/share/dynominion_rmf_gazebo/models/actor/thumbnails/2.png
[3.932s] -- Installing: /home/jazzy/Desktop/dynominion_rmf/install/dynominion_rmf_gazebo/share/dynominion_rmf_gazebo/models/actor/thumbnails/1.png
[3.933s] -- Installing: /home/jazzy/Desktop/dynominion_rmf/install/dynominion_rmf_gazebo/share/dynominion_rmf_gazebo/models/actor/actor - relative paths.zip
[3.947s] -- Installing: /home/jazzy/Desktop/dynominion_rmf/install/dynominion_rmf_gazebo/share/dynominion_rmf_gazebo/models/actor/model.config
[3.947s] -- Installing: /home/jazzy/Desktop/dynominion_rmf/install/dynominion_rmf_gazebo/share/dynominion_rmf_gazebo/models/actor/meshes
[3.947s] -- Installing: /home/jazzy/Desktop/dynominion_rmf/install/dynominion_rmf_gazebo/share/dynominion_rmf_gazebo/models/actor/meshes/talk_b.dae
[3.960s] -- Installing: /home/jazzy/Desktop/dynominion_rmf/install/dynominion_rmf_gazebo/share/dynominion_rmf_gazebo/models/actor/meshes/sit_down.dae
[3.963s] -- Installing: /home/jazzy/Desktop/dynominion_rmf/install/dynominion_rmf_gazebo/share/dynominion_rmf_gazebo/models/actor/meshes/stand_up.dae
[3.966s] -- Installing: /home/jazzy/Desktop/dynominion_rmf/install/dynominion_rmf_gazebo/share/dynominion_rmf_gazebo/models/actor/meshes/run.dae
[3.970s] -- Installing: /home/jazzy/Desktop/dynominion_rmf/install/dynominion_rmf_gazebo/share/dynominion_rmf_gazebo/models/actor/meshes/sit.dae
[3.973s] -- Installing: /home/jazzy/Desktop/dynominion_rmf/install/dynominion_rmf_gazebo/share/dynominion_rmf_gazebo/models/actor/meshes/stand.dae
[3.976s] -- Installing: /home/jazzy/Desktop/dynominion_rmf/install/dynominion_rmf_gazebo/share/dynominion_rmf_gazebo/models/actor/meshes/moonwalk.dae
[3.979s] -- Installing: /home/jazzy/Desktop/dynominion_rmf/install/dynominion_rmf_gazebo/share/dynominion_rmf_gazebo/models/actor/meshes/talk_a.dae
[3.992s] -- Installing: /home/jazzy/Desktop/dynominion_rmf/install/dynominion_rmf_gazebo/share/dynominion_rmf_gazebo/models/actor/meshes/walk.dae
[3.995s] -- Installing: /home/jazzy/Desktop/dynominion_rmf/install/dynominion_rmf_gazebo/share/dynominion_rmf_gazebo/models/actor/meshes/gesture.bvh
[3.998s] -- Installing: /home/jazzy/Desktop/dynominion_rmf/install/dynominion_rmf_gazebo/share/dynominion_rmf_gazebo/models/actor/meshes/sitting.dae
[4.001s] -- Installing: /home/jazzy/Desktop/dynominion_rmf/install/dynominion_rmf_gazebo/share/dynominion_rmf_gazebo/models/actor/model.sdf
[4.001s] -- Installing: /home/jazzy/Desktop/dynominion_rmf/install/dynominion_rmf_gazebo/share/dynominion_rmf_gazebo/rviz
[4.001s] -- Installing: /home/jazzy/Desktop/dynominion_rmf/install/dynominion_rmf_gazebo/share/dynominion_rmf_gazebo/rviz/view_robot.rviz
[4.002s] -- Installing: /home/jazzy/Desktop/dynominion_rmf/install/dynominion_rmf_gazebo/share/dynominion_rmf_gazebo/worlds
[4.002s] -- Installing: /home/jazzy/Desktop/dynominion_rmf/install/dynominion_rmf_gazebo/share/dynominion_rmf_gazebo/worlds/cafe.world
[4.002s] -- Installing: /home/jazzy/Desktop/dynominion_rmf/install/dynominion_rmf_gazebo/share/dynominion_rmf_gazebo/urdf
[4.002s] -- Installing: /home/jazzy/Desktop/dynominion_rmf/install/dynominion_rmf_gazebo/share/dynominion_rmf_gazebo/urdf/gazebo_sensor_plugin.xacro
[4.002s] -- Installing: /home/jazzy/Desktop/dynominion_rmf/install/dynominion_rmf_gazebo/share/dynominion_rmf_gazebo/urdf/dynominion_rmf.urdf.xacro
[4.003s] -- Installing: /home/jazzy/Desktop/dynominion_rmf/install/dynominion_rmf_gazebo/share/dynominion_rmf_gazebo/urdf/gazebo_ros2_control.xacro
[4.003s] -- Installing: /home/jazzy/Desktop/dynominion_rmf/install/dynominion_rmf_gazebo/share/dynominion_rmf_gazebo/launch
[4.003s] -- Installing: /home/jazzy/Desktop/dynominion_rmf/install/dynominion_rmf_gazebo/share/dynominion_rmf_gazebo/launch/dynominion_rmf_gazebo.launch.py
[4.003s] -- Installing: /home/jazzy/Desktop/dynominion_rmf/install/dynominion_rmf_gazebo/share/dynominion_rmf_gazebo/launch/multi_robot_gazebo.launch.py
[4.003s] -- Installing: /home/jazzy/Desktop/dynominion_rmf/install/dynominion_rmf_gazebo/share/dynominion_rmf_gazebo/launch/rviz_model_view.launch.py
[4.003s] -- Installing: /home/jazzy/Desktop/dynominion_rmf/install/dynominion_rmf_gazebo/share/dynominion_rmf_gazebo/config
[4.004s] -- Installing: /home/jazzy/Desktop/dynominion_rmf/install/dynominion_rmf_gazebo/share/dynominion_rmf_gazebo/config/gz_bridge.yaml
[4.004s] -- Installing: /home/jazzy/Desktop/dynominion_rmf/install/dynominion_rmf_gazebo/share/dynominion_rmf_gazebo/config/multi_robot_controllers.yaml
[4.004s] -- Installing: /home/jazzy/Desktop/dynominion_rmf/install/dynominion_rmf_gazebo/share/dynominion_rmf_gazebo/config/diff_drive_controller.yaml
[4.005s] -- Installing: /home/jazzy/Desktop/dynominion_rmf/install/dynominion_rmf_gazebo/lib/dynominion_rmf_gazebo
[4.005s] -- Installing: /home/jazzy/Desktop/dynominion_rmf/install/dynominion_rmf_gazebo/lib/dynominion_rmf_gazebo/odom_modifier.py
[4.005s] -- Installing: /home/jazzy/Desktop/dynominion_rmf/install/dynominion_rmf_gazebo/lib/dynominion_rmf_gazebo/joint_state_republisher.py
[4.005s] -- Installing: /home/jazzy/Desktop/dynominion_rmf/install/dynominion_rmf_gazebo/lib/dynominion_rmf_gazebo/__init__.py
[4.005s] -- Installing: /home/jazzy/Desktop/dynominion_rmf/install/dynominion_rmf_gazebo/lib/dynominion_rmf_gazebo/static_transform_broadcaster.py
[4.006s] -- Installing: /home/jazzy/Desktop/dynominion_rmf/install/dynominion_rmf_gazebo/share/ament_index/resource_index/package_run_dependencies/dynominion_rmf_gazebo
[4.006s] -- Installing: /home/jazzy/Desktop/dynominion_rmf/install/dynominion_rmf_gazebo/share/ament_index/resource_index/parent_prefix_path/dynominion_rmf_gazebo
[4.007s] -- Installing: /home/jazzy/Desktop/dynominion_rmf/install/dynominion_rmf_gazebo/share/dynominion_rmf_gazebo/environment/ament_prefix_path.sh
[4.007s] -- Installing: /home/jazzy/Desktop/dynominion_rmf/install/dynominion_rmf_gazebo/share/dynominion_rmf_gazebo/environment/ament_prefix_path.dsv
[4.007s] -- Installing: /home/jazzy/Desktop/dynominion_rmf/install/dynominion_rmf_gazebo/share/dynominion_rmf_gazebo/environment/path.sh
[4.007s] -- Installing: /home/jazzy/Desktop/dynominion_rmf/install/dynominion_rmf_gazebo/share/dynominion_rmf_gazebo/environment/path.dsv
[4.008s] -- Installing: /home/jazzy/Desktop/dynominion_rmf/install/dynominion_rmf_gazebo/share/dynominion_rmf_gazebo/local_setup.bash
[4.008s] -- Installing: /home/jazzy/Desktop/dynominion_rmf/install/dynominion_rmf_gazebo/share/dynominion_rmf_gazebo/local_setup.sh
[4.008s] -- Installing: /home/jazzy/Desktop/dynominion_rmf/install/dynominion_rmf_gazebo/share/dynominion_rmf_gazebo/local_setup.zsh
[4.009s] -- Installing: /home/jazzy/Desktop/dynominion_rmf/install/dynominion_rmf_gazebo/share/dynominion_rmf_gazebo/local_setup.dsv
[4.009s] -- Installing: /home/jazzy/Desktop/dynominion_rmf/install/dynominion_rmf_gazebo/share/dynominion_rmf_gazebo/package.dsv
[4.009s] -- Installing: /home/jazzy/Desktop/dynominion_rmf/install/dynominion_rmf_gazebo/share/ament_index/resource_index/packages/dynominion_rmf_gazebo
[4.010s] -- Installing: /home/jazzy/Desktop/dynominion_rmf/install/dynominion_rmf_gazebo/share/dynominion_rmf_gazebo/cmake/dynominion_rmf_gazeboConfig.cmake
[4.010s] -- Installing: /home/jazzy/Desktop/dynominion_rmf/install/dynominion_rmf_gazebo/share/dynominion_rmf_gazebo/cmake/dynominion_rmf_gazeboConfig-version.cmake
[4.010s] -- Installing: /home/jazzy/Desktop/dynominion_rmf/install/dynominion_rmf_gazebo/share/dynominion_rmf_gazebo/package.xml
[4.014s] Invoked command in '/home/jazzy/Desktop/dynominion_rmf/build/dynominion_rmf_gazebo' returned '0': CMAKE_PREFIX_PATH=${CMAKE_PREFIX_PATH}:/opt/ros/jazzy DEBUGINFOD_URLS=https://debuginfod.ubuntu.com /usr/bin/cmake --install /home/jazzy/Desktop/dynominion_rmf/build/dynominion_rmf_gazebo
