[0.020s] Invoking command in '/home/jazzy/ros2_ws/src/dynominion/build/nav2_taskmanager': CMAKE_PREFIX_PATH=${CMAKE_PREFIX_PATH}:/home/jazzy/ros2_ws/install/teleop_robot:/home/jazzy/ros2_ws/install/meca_description:/opt/ros/jazzy DEBUGINFOD_URLS=https://debuginfod.ubuntu.com /usr/bin/cmake /home/jazzy/ros2_ws/src/nav2_taskmanager -DCMAKE_INSTALL_PREFIX=/home/jazzy/ros2_ws/src/dynominion/install/nav2_taskmanager
[0.121s] -- The C compiler identification is GNU 13.3.0
[0.220s] -- The CXX compiler identification is GNU 13.3.0
[0.252s] -- Detecting C compiler ABI info
[0.425s] -- Detecting C compiler ABI info - done
[0.442s] -- Check for working C compiler: /usr/bin/cc - skipped
[0.442s] -- Detecting C compile features
[0.443s] -- Detecting C compile features - done
[0.460s] -- Detecting CXX compiler ABI info
[0.649s] -- Detecting CXX compiler ABI info - done
[0.665s] -- Check for working CXX compiler: /usr/bin/c++ - skipped
[0.666s] -- Detecting CXX compile features
[0.667s] -- Detecting CXX compile features - done
[0.678s] -- Found ament_cmake: 2.5.5 (/opt/ros/jazzy/share/ament_cmake/cmake)
[0.978s] -- Found Python3: /usr/bin/python3 (found version "3.12.3") found components: Interpreter 
[1.247s] -- Found geometry_msgs: 5.3.6 (/opt/ros/jazzy/share/geometry_msgs/cmake)
[1.376s] -- Found rosidl_generator_c: 4.6.7 (/opt/ros/jazzy/share/rosidl_generator_c/cmake)
[1.416s] -- Found rosidl_generator_cpp: 4.6.7 (/opt/ros/jazzy/share/rosidl_generator_cpp/cmake)
[1.461s] -- Using all available rosidl_typesupport_c: rosidl_typesupport_fastrtps_c;rosidl_typesupport_introspection_c
[1.510s] -- Using all available rosidl_typesupport_cpp: rosidl_typesupport_fastrtps_cpp;rosidl_typesupport_introspection_cpp
[1.615s] -- Found action_msgs: 2.0.3 (/opt/ros/jazzy/share/action_msgs/cmake)
[1.719s] -- Found rosidl_default_generators: 1.6.0 (/opt/ros/jazzy/share/rosidl_default_generators/cmake)
[1.766s] -- Found rosidl_adapter: 4.6.7 (/opt/ros/jazzy/share/rosidl_adapter/cmake)
[2.874s] -- Found ament_cmake_ros: 0.12.0 (/opt/ros/jazzy/share/ament_cmake_ros/cmake)
[4.445s] -- Using all available rosidl_typesupport_c: rosidl_typesupport_fastrtps_c;rosidl_typesupport_introspection_c
[5.064s] -- Using all available rosidl_typesupport_cpp: rosidl_typesupport_fastrtps_cpp;rosidl_typesupport_introspection_cpp
[5.074s] -- Found python_cmake_module: 0.11.1 (/opt/ros/jazzy/share/python_cmake_module/cmake)
[5.325s] -- Found PythonExtra: /usr/bin/python3  
[6.098s] -- Found Python3: /usr/bin/python3 (found version "3.12.3") found components: Interpreter Development NumPy Development.Module Development.Embed 
[6.216s] -- Found ament_lint_auto: 0.17.4 (/opt/ros/jazzy/share/ament_lint_auto/cmake)
[6.288s] -- Added test 'flake8' to check Python code syntax and style conventions
[6.289s] -- Configured 'flake8' exclude dirs and/or files: 
[6.290s] -- Added test 'lint_cmake' to check CMake code style
[6.291s] -- Added test 'pep257' to check Python code against some of the docstring style conventions in PEP 257
[6.295s] -- Added test 'xmllint' to check XML markup files
[6.299s] -- Configuring done (6.3s)
[6.378s] -- Generating done (0.1s)
[6.401s] -- Build files have been written to: /home/jazzy/ros2_ws/src/dynominion/build/nav2_taskmanager
[6.420s] Invoked command in '/home/jazzy/ros2_ws/src/dynominion/build/nav2_taskmanager' returned '0': CMAKE_PREFIX_PATH=${CMAKE_PREFIX_PATH}:/home/jazzy/ros2_ws/install/teleop_robot:/home/jazzy/ros2_ws/install/meca_description:/opt/ros/jazzy DEBUGINFOD_URLS=https://debuginfod.ubuntu.com /usr/bin/cmake /home/jazzy/ros2_ws/src/nav2_taskmanager -DCMAKE_INSTALL_PREFIX=/home/jazzy/ros2_ws/src/dynominion/install/nav2_taskmanager
[6.422s] Invoking command in '/home/jazzy/ros2_ws/src/dynominion/build/nav2_taskmanager': CMAKE_PREFIX_PATH=${CMAKE_PREFIX_PATH}:/home/jazzy/ros2_ws/install/teleop_robot:/home/jazzy/ros2_ws/install/meca_description:/opt/ros/jazzy DEBUGINFOD_URLS=https://debuginfod.ubuntu.com /usr/bin/cmake --build /home/jazzy/ros2_ws/src/dynominion/build/nav2_taskmanager -- -j16 -l16
[6.527s] [  2%] Built target nav2_taskmanager__rosidl_generator_type_description
[6.546s] [  2%] Built target ament_cmake_python_copy_nav2_taskmanager
[6.570s] [  5%] Built target nav2_taskmanager__cpp
[6.576s] [ 20%] Built target nav2_taskmanager__rosidl_generator_c
[6.621s] [ 29%] Built target nav2_taskmanager__rosidl_typesupport_c
[6.621s] [ 38%] Built target nav2_taskmanager__rosidl_typesupport_introspection_c
[6.627s] [ 55%] Built target nav2_taskmanager__rosidl_typesupport_fastrtps_c
[6.627s] [ 55%] Built target nav2_taskmanager__rosidl_typesupport_introspection_cpp
[6.631s] [ 64%] Built target nav2_taskmanager__rosidl_typesupport_cpp
[6.634s] [ 73%] Built target nav2_taskmanager__rosidl_typesupport_fastrtps_cpp
[6.678s] [ 73%] Built target nav2_taskmanager
[6.722s] [ 76%] Built target nav2_taskmanager__py
[6.772s] [ 82%] Built target nav2_taskmanager__rosidl_generator_py
[6.819s] [ 88%] Built target nav2_taskmanager_s__rosidl_typesupport_fastrtps_c
[6.820s] [ 94%] Built target nav2_taskmanager_s__rosidl_typesupport_c
[6.820s] [100%] Built target nav2_taskmanager_s__rosidl_typesupport_introspection_c
[6.985s] running egg_info
[7.029s] writing nav2_taskmanager.egg-info/PKG-INFO
[7.029s] writing dependency_links to nav2_taskmanager.egg-info/dependency_links.txt
[7.029s] writing top-level names to nav2_taskmanager.egg-info/top_level.txt
[7.160s] reading manifest file 'nav2_taskmanager.egg-info/SOURCES.txt'
[7.161s] writing manifest file 'nav2_taskmanager.egg-info/SOURCES.txt'
[7.210s] [100%] Built target ament_cmake_python_build_nav2_taskmanager_egg
[7.235s] Invoked command in '/home/jazzy/ros2_ws/src/dynominion/build/nav2_taskmanager' returned '0': CMAKE_PREFIX_PATH=${CMAKE_PREFIX_PATH}:/home/jazzy/ros2_ws/install/teleop_robot:/home/jazzy/ros2_ws/install/meca_description:/opt/ros/jazzy DEBUGINFOD_URLS=https://debuginfod.ubuntu.com /usr/bin/cmake --build /home/jazzy/ros2_ws/src/dynominion/build/nav2_taskmanager -- -j16 -l16
[7.255s] Invoking command in '/home/jazzy/ros2_ws/src/dynominion/build/nav2_taskmanager': CMAKE_PREFIX_PATH=${CMAKE_PREFIX_PATH}:/home/jazzy/ros2_ws/install/teleop_robot:/home/jazzy/ros2_ws/install/meca_description:/opt/ros/jazzy DEBUGINFOD_URLS=https://debuginfod.ubuntu.com /usr/bin/cmake --install /home/jazzy/ros2_ws/src/dynominion/build/nav2_taskmanager
[7.272s] -- Install configuration: ""
[7.273s] -- Up-to-date: /home/jazzy/ros2_ws/src/dynominion/install/nav2_taskmanager/share/ament_index/resource_index/rosidl_interfaces/nav2_taskmanager
[7.273s] -- Up-to-date: /home/jazzy/ros2_ws/src/dynominion/install/nav2_taskmanager/share/nav2_taskmanager/action/MissionTask.json
[7.273s] -- Up-to-date: /home/jazzy/ros2_ws/src/dynominion/install/nav2_taskmanager/include/nav2_taskmanager/nav2_taskmanager
[7.274s] -- Up-to-date: /home/jazzy/ros2_ws/src/dynominion/install/nav2_taskmanager/include/nav2_taskmanager/nav2_taskmanager/action
[7.274s] -- Up-to-date: /home/jazzy/ros2_ws/src/dynominion/install/nav2_taskmanager/include/nav2_taskmanager/nav2_taskmanager/action/detail
[7.274s] -- Up-to-date: /home/jazzy/ros2_ws/src/dynominion/install/nav2_taskmanager/include/nav2_taskmanager/nav2_taskmanager/action/detail/mission_task__struct.h
[7.274s] -- Up-to-date: /home/jazzy/ros2_ws/src/dynominion/install/nav2_taskmanager/include/nav2_taskmanager/nav2_taskmanager/action/detail/mission_task__type_support.c
[7.274s] -- Up-to-date: /home/jazzy/ros2_ws/src/dynominion/install/nav2_taskmanager/include/nav2_taskmanager/nav2_taskmanager/action/detail/mission_task__functions.c
[7.274s] -- Up-to-date: /home/jazzy/ros2_ws/src/dynominion/install/nav2_taskmanager/include/nav2_taskmanager/nav2_taskmanager/action/detail/mission_task__description.c
[7.275s] -- Up-to-date: /home/jazzy/ros2_ws/src/dynominion/install/nav2_taskmanager/include/nav2_taskmanager/nav2_taskmanager/action/detail/mission_task__functions.h
[7.275s] -- Up-to-date: /home/jazzy/ros2_ws/src/dynominion/install/nav2_taskmanager/include/nav2_taskmanager/nav2_taskmanager/action/detail/mission_task__type_support.h
[7.275s] -- Up-to-date: /home/jazzy/ros2_ws/src/dynominion/install/nav2_taskmanager/include/nav2_taskmanager/nav2_taskmanager/action/mission_task.h
[7.276s] -- Up-to-date: /home/jazzy/ros2_ws/src/dynominion/install/nav2_taskmanager/include/nav2_taskmanager/nav2_taskmanager/msg
[7.276s] -- Up-to-date: /home/jazzy/ros2_ws/src/dynominion/install/nav2_taskmanager/include/nav2_taskmanager/nav2_taskmanager/msg/rosidl_generator_c__visibility_control.h
[7.276s] -- Up-to-date: /home/jazzy/ros2_ws/src/dynominion/install/nav2_taskmanager/share/nav2_taskmanager/environment/library_path.sh
[7.276s] -- Up-to-date: /home/jazzy/ros2_ws/src/dynominion/install/nav2_taskmanager/share/nav2_taskmanager/environment/library_path.dsv
[7.276s] -- Up-to-date: /home/jazzy/ros2_ws/src/dynominion/install/nav2_taskmanager/lib/libnav2_taskmanager__rosidl_generator_c.so
[7.276s] -- Up-to-date: /home/jazzy/ros2_ws/src/dynominion/install/nav2_taskmanager/include/nav2_taskmanager/nav2_taskmanager
[7.277s] -- Up-to-date: /home/jazzy/ros2_ws/src/dynominion/install/nav2_taskmanager/include/nav2_taskmanager/nav2_taskmanager/action
[7.277s] -- Up-to-date: /home/jazzy/ros2_ws/src/dynominion/install/nav2_taskmanager/include/nav2_taskmanager/nav2_taskmanager/action/detail
[7.277s] -- Up-to-date: /home/jazzy/ros2_ws/src/dynominion/install/nav2_taskmanager/include/nav2_taskmanager/nav2_taskmanager/action/detail/mission_task__rosidl_typesupport_fastrtps_c.h
[7.277s] -- Up-to-date: /home/jazzy/ros2_ws/src/dynominion/install/nav2_taskmanager/include/nav2_taskmanager/nav2_taskmanager/msg
[7.277s] -- Up-to-date: /home/jazzy/ros2_ws/src/dynominion/install/nav2_taskmanager/include/nav2_taskmanager/nav2_taskmanager/msg/rosidl_typesupport_fastrtps_c__visibility_control.h
[7.277s] -- Up-to-date: /home/jazzy/ros2_ws/src/dynominion/install/nav2_taskmanager/lib/libnav2_taskmanager__rosidl_typesupport_fastrtps_c.so
[7.277s] -- Up-to-date: /home/jazzy/ros2_ws/src/dynominion/install/nav2_taskmanager/include/nav2_taskmanager/nav2_taskmanager
[7.278s] -- Up-to-date: /home/jazzy/ros2_ws/src/dynominion/install/nav2_taskmanager/include/nav2_taskmanager/nav2_taskmanager/action
[7.278s] -- Up-to-date: /home/jazzy/ros2_ws/src/dynominion/install/nav2_taskmanager/include/nav2_taskmanager/nav2_taskmanager/action/mission_task.hpp
[7.278s] -- Up-to-date: /home/jazzy/ros2_ws/src/dynominion/install/nav2_taskmanager/include/nav2_taskmanager/nav2_taskmanager/action/detail
[7.278s] -- Up-to-date: /home/jazzy/ros2_ws/src/dynominion/install/nav2_taskmanager/include/nav2_taskmanager/nav2_taskmanager/action/detail/mission_task__type_support.hpp
[7.278s] -- Up-to-date: /home/jazzy/ros2_ws/src/dynominion/install/nav2_taskmanager/include/nav2_taskmanager/nav2_taskmanager/action/detail/mission_task__struct.hpp
[7.278s] -- Up-to-date: /home/jazzy/ros2_ws/src/dynominion/install/nav2_taskmanager/include/nav2_taskmanager/nav2_taskmanager/action/detail/mission_task__traits.hpp
[7.279s] -- Up-to-date: /home/jazzy/ros2_ws/src/dynominion/install/nav2_taskmanager/include/nav2_taskmanager/nav2_taskmanager/action/detail/mission_task__builder.hpp
[7.279s] -- Up-to-date: /home/jazzy/ros2_ws/src/dynominion/install/nav2_taskmanager/include/nav2_taskmanager/nav2_taskmanager/msg
[7.279s] -- Up-to-date: /home/jazzy/ros2_ws/src/dynominion/install/nav2_taskmanager/include/nav2_taskmanager/nav2_taskmanager/msg/rosidl_generator_cpp__visibility_control.hpp
[7.279s] -- Up-to-date: /home/jazzy/ros2_ws/src/dynominion/install/nav2_taskmanager/include/nav2_taskmanager/nav2_taskmanager
[7.279s] -- Up-to-date: /home/jazzy/ros2_ws/src/dynominion/install/nav2_taskmanager/include/nav2_taskmanager/nav2_taskmanager/action
[7.279s] -- Up-to-date: /home/jazzy/ros2_ws/src/dynominion/install/nav2_taskmanager/include/nav2_taskmanager/nav2_taskmanager/action/detail
[7.280s] -- Up-to-date: /home/jazzy/ros2_ws/src/dynominion/install/nav2_taskmanager/include/nav2_taskmanager/nav2_taskmanager/action/detail/mission_task__rosidl_typesupport_fastrtps_cpp.hpp
[7.280s] -- Up-to-date: /home/jazzy/ros2_ws/src/dynominion/install/nav2_taskmanager/include/nav2_taskmanager/nav2_taskmanager/action/detail/dds_fastrtps
[7.280s] -- Up-to-date: /home/jazzy/ros2_ws/src/dynominion/install/nav2_taskmanager/include/nav2_taskmanager/nav2_taskmanager/msg
[7.280s] -- Up-to-date: /home/jazzy/ros2_ws/src/dynominion/install/nav2_taskmanager/include/nav2_taskmanager/nav2_taskmanager/msg/rosidl_typesupport_fastrtps_cpp__visibility_control.h
[7.280s] -- Up-to-date: /home/jazzy/ros2_ws/src/dynominion/install/nav2_taskmanager/lib/libnav2_taskmanager__rosidl_typesupport_fastrtps_cpp.so
[7.280s] -- Up-to-date: /home/jazzy/ros2_ws/src/dynominion/install/nav2_taskmanager/include/nav2_taskmanager/nav2_taskmanager
[7.280s] -- Up-to-date: /home/jazzy/ros2_ws/src/dynominion/install/nav2_taskmanager/include/nav2_taskmanager/nav2_taskmanager/action
[7.281s] -- Up-to-date: /home/jazzy/ros2_ws/src/dynominion/install/nav2_taskmanager/include/nav2_taskmanager/nav2_taskmanager/action/detail
[7.281s] -- Up-to-date: /home/jazzy/ros2_ws/src/dynominion/install/nav2_taskmanager/include/nav2_taskmanager/nav2_taskmanager/action/detail/mission_task__type_support.c
[7.281s] -- Up-to-date: /home/jazzy/ros2_ws/src/dynominion/install/nav2_taskmanager/include/nav2_taskmanager/nav2_taskmanager/action/detail/mission_task__rosidl_typesupport_introspection_c.h
[7.281s] -- Up-to-date: /home/jazzy/ros2_ws/src/dynominion/install/nav2_taskmanager/include/nav2_taskmanager/nav2_taskmanager/msg
[7.281s] -- Up-to-date: /home/jazzy/ros2_ws/src/dynominion/install/nav2_taskmanager/include/nav2_taskmanager/nav2_taskmanager/msg/rosidl_typesupport_introspection_c__visibility_control.h
[7.281s] -- Up-to-date: /home/jazzy/ros2_ws/src/dynominion/install/nav2_taskmanager/lib/libnav2_taskmanager__rosidl_typesupport_introspection_c.so
[7.281s] -- Up-to-date: /home/jazzy/ros2_ws/src/dynominion/install/nav2_taskmanager/lib/libnav2_taskmanager__rosidl_typesupport_c.so
[7.281s] -- Up-to-date: /home/jazzy/ros2_ws/src/dynominion/install/nav2_taskmanager/include/nav2_taskmanager/nav2_taskmanager
[7.282s] -- Up-to-date: /home/jazzy/ros2_ws/src/dynominion/install/nav2_taskmanager/include/nav2_taskmanager/nav2_taskmanager/action
[7.282s] -- Up-to-date: /home/jazzy/ros2_ws/src/dynominion/install/nav2_taskmanager/include/nav2_taskmanager/nav2_taskmanager/action/detail
[7.282s] -- Up-to-date: /home/jazzy/ros2_ws/src/dynominion/install/nav2_taskmanager/include/nav2_taskmanager/nav2_taskmanager/action/detail/mission_task__type_support.cpp
[7.282s] -- Up-to-date: /home/jazzy/ros2_ws/src/dynominion/install/nav2_taskmanager/include/nav2_taskmanager/nav2_taskmanager/action/detail/mission_task__rosidl_typesupport_introspection_cpp.hpp
[7.282s] -- Up-to-date: /home/jazzy/ros2_ws/src/dynominion/install/nav2_taskmanager/lib/libnav2_taskmanager__rosidl_typesupport_introspection_cpp.so
[7.282s] -- Up-to-date: /home/jazzy/ros2_ws/src/dynominion/install/nav2_taskmanager/lib/libnav2_taskmanager__rosidl_typesupport_cpp.so
[7.282s] -- Up-to-date: /home/jazzy/ros2_ws/src/dynominion/install/nav2_taskmanager/share/nav2_taskmanager/environment/pythonpath.sh
[7.283s] -- Up-to-date: /home/jazzy/ros2_ws/src/dynominion/install/nav2_taskmanager/share/nav2_taskmanager/environment/pythonpath.dsv
[7.283s] -- Up-to-date: /home/jazzy/ros2_ws/src/dynominion/install/nav2_taskmanager/lib/python3.12/site-packages/nav2_taskmanager-0.0.0-py3.12.egg-info
[7.283s] -- Installing: /home/jazzy/ros2_ws/src/dynominion/install/nav2_taskmanager/lib/python3.12/site-packages/nav2_taskmanager-0.0.0-py3.12.egg-info/SOURCES.txt
[7.283s] -- Installing: /home/jazzy/ros2_ws/src/dynominion/install/nav2_taskmanager/lib/python3.12/site-packages/nav2_taskmanager-0.0.0-py3.12.egg-info/dependency_links.txt
[7.283s] -- Installing: /home/jazzy/ros2_ws/src/dynominion/install/nav2_taskmanager/lib/python3.12/site-packages/nav2_taskmanager-0.0.0-py3.12.egg-info/top_level.txt
[7.283s] -- Installing: /home/jazzy/ros2_ws/src/dynominion/install/nav2_taskmanager/lib/python3.12/site-packages/nav2_taskmanager-0.0.0-py3.12.egg-info/PKG-INFO
[7.283s] -- Up-to-date: /home/jazzy/ros2_ws/src/dynominion/install/nav2_taskmanager/lib/python3.12/site-packages/nav2_taskmanager
[7.283s] -- Up-to-date: /home/jazzy/ros2_ws/src/dynominion/install/nav2_taskmanager/lib/python3.12/site-packages/nav2_taskmanager/_nav2_taskmanager_s.ep.rosidl_typesupport_fastrtps_c.c
[7.284s] -- Up-to-date: /home/jazzy/ros2_ws/src/dynominion/install/nav2_taskmanager/lib/python3.12/site-packages/nav2_taskmanager/_nav2_taskmanager_s.ep.rosidl_typesupport_c.c
[7.284s] -- Up-to-date: /home/jazzy/ros2_ws/src/dynominion/install/nav2_taskmanager/lib/python3.12/site-packages/nav2_taskmanager/action
[7.284s] -- Up-to-date: /home/jazzy/ros2_ws/src/dynominion/install/nav2_taskmanager/lib/python3.12/site-packages/nav2_taskmanager/action/_mission_task.py
[7.284s] -- Up-to-date: /home/jazzy/ros2_ws/src/dynominion/install/nav2_taskmanager/lib/python3.12/site-packages/nav2_taskmanager/action/_mission_task_s.c
[7.284s] -- Up-to-date: /home/jazzy/ros2_ws/src/dynominion/install/nav2_taskmanager/lib/python3.12/site-packages/nav2_taskmanager/action/__init__.py
[7.284s] -- Up-to-date: /home/jazzy/ros2_ws/src/dynominion/install/nav2_taskmanager/lib/python3.12/site-packages/nav2_taskmanager/nav2_taskmanager_s__rosidl_typesupport_c.so
[7.284s] -- Up-to-date: /home/jazzy/ros2_ws/src/dynominion/install/nav2_taskmanager/lib/python3.12/site-packages/nav2_taskmanager/nav2_taskmanager_s__rosidl_typesupport_introspection_c.so
[7.284s] -- Installing: /home/jazzy/ros2_ws/src/dynominion/install/nav2_taskmanager/lib/python3.12/site-packages/nav2_taskmanager/__init__.py
[7.284s] -- Up-to-date: /home/jazzy/ros2_ws/src/dynominion/install/nav2_taskmanager/lib/python3.12/site-packages/nav2_taskmanager/_nav2_taskmanager_s.ep.rosidl_typesupport_introspection_c.c
[7.285s] -- Up-to-date: /home/jazzy/ros2_ws/src/dynominion/install/nav2_taskmanager/lib/python3.12/site-packages/nav2_taskmanager/nav2_taskmanager_s__rosidl_typesupport_fastrtps_c.so
[7.345s] Listing '/home/jazzy/ros2_ws/src/dynominion/install/nav2_taskmanager/lib/python3.12/site-packages/nav2_taskmanager'...
[7.345s] Compiling '/home/jazzy/ros2_ws/src/dynominion/install/nav2_taskmanager/lib/python3.12/site-packages/nav2_taskmanager/__init__.py'...
[7.345s] Listing '/home/jazzy/ros2_ws/src/dynominion/install/nav2_taskmanager/lib/python3.12/site-packages/nav2_taskmanager/action'...
[7.354s] -- Up-to-date: /home/jazzy/ros2_ws/src/dynominion/install/nav2_taskmanager/lib/python3.12/site-packages/nav2_taskmanager/nav2_taskmanager_s__rosidl_typesupport_fastrtps_c.so
[7.355s] -- Up-to-date: /home/jazzy/ros2_ws/src/dynominion/install/nav2_taskmanager/lib/python3.12/site-packages/nav2_taskmanager/nav2_taskmanager_s__rosidl_typesupport_introspection_c.so
[7.355s] -- Up-to-date: /home/jazzy/ros2_ws/src/dynominion/install/nav2_taskmanager/lib/python3.12/site-packages/nav2_taskmanager/nav2_taskmanager_s__rosidl_typesupport_c.so
[7.356s] -- Up-to-date: /home/jazzy/ros2_ws/src/dynominion/install/nav2_taskmanager/lib/libnav2_taskmanager__rosidl_generator_py.so
[7.356s] -- Up-to-date: /home/jazzy/ros2_ws/src/dynominion/install/nav2_taskmanager/share/nav2_taskmanager/action/MissionTask.idl
[7.357s] -- Up-to-date: /home/jazzy/ros2_ws/src/dynominion/install/nav2_taskmanager/share/nav2_taskmanager/action/MissionTask.action
[7.357s] -- Up-to-date: /home/jazzy/ros2_ws/src/dynominion/install/nav2_taskmanager/share/nav2_taskmanager/launch/mission_launch.py
[7.357s] -- Up-to-date: /home/jazzy/ros2_ws/src/dynominion/install/nav2_taskmanager/lib/nav2_taskmanager/execution_node
[7.357s] -- Up-to-date: /home/jazzy/ros2_ws/src/dynominion/install/nav2_taskmanager/lib/nav2_taskmanager/control_node
[7.358s] -- Up-to-date: /home/jazzy/ros2_ws/src/dynominion/install/nav2_taskmanager/lib/nav2_taskmanager
[7.358s] -- Up-to-date: /home/jazzy/ros2_ws/src/dynominion/install/nav2_taskmanager/lib/nav2_taskmanager/execution_node.py
[7.358s] -- Up-to-date: /home/jazzy/ros2_ws/src/dynominion/install/nav2_taskmanager/lib/nav2_taskmanager/control_node.py
[7.358s] -- Up-to-date: /home/jazzy/ros2_ws/src/dynominion/install/nav2_taskmanager/share/ament_index/resource_index/package_run_dependencies/nav2_taskmanager
[7.358s] -- Up-to-date: /home/jazzy/ros2_ws/src/dynominion/install/nav2_taskmanager/share/ament_index/resource_index/parent_prefix_path/nav2_taskmanager
[7.358s] -- Up-to-date: /home/jazzy/ros2_ws/src/dynominion/install/nav2_taskmanager/share/nav2_taskmanager/environment/ament_prefix_path.sh
[7.358s] -- Up-to-date: /home/jazzy/ros2_ws/src/dynominion/install/nav2_taskmanager/share/nav2_taskmanager/environment/ament_prefix_path.dsv
[7.359s] -- Up-to-date: /home/jazzy/ros2_ws/src/dynominion/install/nav2_taskmanager/share/nav2_taskmanager/environment/path.sh
[7.359s] -- Up-to-date: /home/jazzy/ros2_ws/src/dynominion/install/nav2_taskmanager/share/nav2_taskmanager/environment/path.dsv
[7.359s] -- Up-to-date: /home/jazzy/ros2_ws/src/dynominion/install/nav2_taskmanager/share/nav2_taskmanager/local_setup.bash
[7.359s] -- Up-to-date: /home/jazzy/ros2_ws/src/dynominion/install/nav2_taskmanager/share/nav2_taskmanager/local_setup.sh
[7.359s] -- Up-to-date: /home/jazzy/ros2_ws/src/dynominion/install/nav2_taskmanager/share/nav2_taskmanager/local_setup.zsh
[7.359s] -- Up-to-date: /home/jazzy/ros2_ws/src/dynominion/install/nav2_taskmanager/share/nav2_taskmanager/local_setup.dsv
[7.360s] -- Installing: /home/jazzy/ros2_ws/src/dynominion/install/nav2_taskmanager/share/nav2_taskmanager/package.dsv
[7.360s] -- Up-to-date: /home/jazzy/ros2_ws/src/dynominion/install/nav2_taskmanager/share/ament_index/resource_index/packages/nav2_taskmanager
[7.360s] -- Up-to-date: /home/jazzy/ros2_ws/src/dynominion/install/nav2_taskmanager/share/nav2_taskmanager/cmake/export_nav2_taskmanager__rosidl_generator_cExport.cmake
[7.360s] -- Up-to-date: /home/jazzy/ros2_ws/src/dynominion/install/nav2_taskmanager/share/nav2_taskmanager/cmake/export_nav2_taskmanager__rosidl_generator_cExport-noconfig.cmake
[7.360s] -- Up-to-date: /home/jazzy/ros2_ws/src/dynominion/install/nav2_taskmanager/share/nav2_taskmanager/cmake/export_nav2_taskmanager__rosidl_typesupport_fastrtps_cExport.cmake
[7.360s] -- Up-to-date: /home/jazzy/ros2_ws/src/dynominion/install/nav2_taskmanager/share/nav2_taskmanager/cmake/export_nav2_taskmanager__rosidl_typesupport_fastrtps_cExport-noconfig.cmake
[7.360s] -- Up-to-date: /home/jazzy/ros2_ws/src/dynominion/install/nav2_taskmanager/share/nav2_taskmanager/cmake/export_nav2_taskmanager__rosidl_generator_cppExport.cmake
[7.361s] -- Up-to-date: /home/jazzy/ros2_ws/src/dynominion/install/nav2_taskmanager/share/nav2_taskmanager/cmake/export_nav2_taskmanager__rosidl_typesupport_fastrtps_cppExport.cmake
[7.361s] -- Up-to-date: /home/jazzy/ros2_ws/src/dynominion/install/nav2_taskmanager/share/nav2_taskmanager/cmake/export_nav2_taskmanager__rosidl_typesupport_fastrtps_cppExport-noconfig.cmake
[7.361s] -- Up-to-date: /home/jazzy/ros2_ws/src/dynominion/install/nav2_taskmanager/share/nav2_taskmanager/cmake/nav2_taskmanager__rosidl_typesupport_introspection_cExport.cmake
[7.361s] -- Up-to-date: /home/jazzy/ros2_ws/src/dynominion/install/nav2_taskmanager/share/nav2_taskmanager/cmake/nav2_taskmanager__rosidl_typesupport_introspection_cExport-noconfig.cmake
[7.361s] -- Up-to-date: /home/jazzy/ros2_ws/src/dynominion/install/nav2_taskmanager/share/nav2_taskmanager/cmake/nav2_taskmanager__rosidl_typesupport_cExport.cmake
[7.361s] -- Up-to-date: /home/jazzy/ros2_ws/src/dynominion/install/nav2_taskmanager/share/nav2_taskmanager/cmake/nav2_taskmanager__rosidl_typesupport_cExport-noconfig.cmake
[7.361s] -- Up-to-date: /home/jazzy/ros2_ws/src/dynominion/install/nav2_taskmanager/share/nav2_taskmanager/cmake/nav2_taskmanager__rosidl_typesupport_introspection_cppExport.cmake
[7.362s] -- Up-to-date: /home/jazzy/ros2_ws/src/dynominion/install/nav2_taskmanager/share/nav2_taskmanager/cmake/nav2_taskmanager__rosidl_typesupport_introspection_cppExport-noconfig.cmake
[7.362s] -- Up-to-date: /home/jazzy/ros2_ws/src/dynominion/install/nav2_taskmanager/share/nav2_taskmanager/cmake/nav2_taskmanager__rosidl_typesupport_cppExport.cmake
[7.362s] -- Up-to-date: /home/jazzy/ros2_ws/src/dynominion/install/nav2_taskmanager/share/nav2_taskmanager/cmake/nav2_taskmanager__rosidl_typesupport_cppExport-noconfig.cmake
[7.362s] -- Up-to-date: /home/jazzy/ros2_ws/src/dynominion/install/nav2_taskmanager/share/nav2_taskmanager/cmake/export_nav2_taskmanager__rosidl_generator_pyExport.cmake
[7.362s] -- Up-to-date: /home/jazzy/ros2_ws/src/dynominion/install/nav2_taskmanager/share/nav2_taskmanager/cmake/export_nav2_taskmanager__rosidl_generator_pyExport-noconfig.cmake
[7.362s] -- Up-to-date: /home/jazzy/ros2_ws/src/dynominion/install/nav2_taskmanager/share/nav2_taskmanager/cmake/rosidl_cmake-extras.cmake
[7.362s] -- Up-to-date: /home/jazzy/ros2_ws/src/dynominion/install/nav2_taskmanager/share/nav2_taskmanager/cmake/ament_cmake_export_dependencies-extras.cmake
[7.362s] -- Up-to-date: /home/jazzy/ros2_ws/src/dynominion/install/nav2_taskmanager/share/nav2_taskmanager/cmake/ament_cmake_export_include_directories-extras.cmake
[7.363s] -- Up-to-date: /home/jazzy/ros2_ws/src/dynominion/install/nav2_taskmanager/share/nav2_taskmanager/cmake/ament_cmake_export_libraries-extras.cmake
[7.363s] -- Up-to-date: /home/jazzy/ros2_ws/src/dynominion/install/nav2_taskmanager/share/nav2_taskmanager/cmake/ament_cmake_export_targets-extras.cmake
[7.363s] -- Up-to-date: /home/jazzy/ros2_ws/src/dynominion/install/nav2_taskmanager/share/nav2_taskmanager/cmake/rosidl_cmake_export_typesupport_targets-extras.cmake
[7.363s] -- Up-to-date: /home/jazzy/ros2_ws/src/dynominion/install/nav2_taskmanager/share/nav2_taskmanager/cmake/rosidl_cmake_export_typesupport_libraries-extras.cmake
[7.363s] -- Up-to-date: /home/jazzy/ros2_ws/src/dynominion/install/nav2_taskmanager/share/nav2_taskmanager/cmake/nav2_taskmanagerConfig.cmake
[7.363s] -- Up-to-date: /home/jazzy/ros2_ws/src/dynominion/install/nav2_taskmanager/share/nav2_taskmanager/cmake/nav2_taskmanagerConfig-version.cmake
[7.363s] -- Up-to-date: /home/jazzy/ros2_ws/src/dynominion/install/nav2_taskmanager/share/nav2_taskmanager/package.xml
[7.365s] Invoked command in '/home/jazzy/ros2_ws/src/dynominion/build/nav2_taskmanager' returned '0': CMAKE_PREFIX_PATH=${CMAKE_PREFIX_PATH}:/home/jazzy/ros2_ws/install/teleop_robot:/home/jazzy/ros2_ws/install/meca_description:/opt/ros/jazzy DEBUGINFOD_URLS=https://debuginfod.ubuntu.com /usr/bin/cmake --install /home/jazzy/ros2_ws/src/dynominion/build/nav2_taskmanager
