[0.031s] Invoking command in '/home/jazzy/Desktop/dynominion_rmf/build/dynominion_rmf_slam': CMAKE_PREFIX_PATH=${CMAKE_PREFIX_PATH}:/opt/ros/jazzy DEBUGINFOD_URLS=https://debuginfod.ubuntu.com /usr/bin/cmake /home/jazzy/Desktop/dynominion_rmf/dynominion_rmf_slam -DCMAKE_INSTALL_PREFIX=/home/jazzy/Desktop/dynominion_rmf/install/dynominion_rmf_slam
[0.125s] -- The C compiler identification is GNU 13.3.0
[0.220s] -- The CXX compiler identification is GNU 13.3.0
[0.249s] -- Detecting C compiler ABI info
[0.415s] -- Detecting C compiler ABI info - done
[0.429s] -- Check for working C compiler: /usr/bin/cc - skipped
[0.430s] -- Detecting C compile features
[0.431s] -- Detecting C compile features - done
[0.447s] -- Detecting CXX compiler ABI info
[0.632s] -- Detecting CXX compiler ABI info - done
[0.647s] -- Check for working CXX compiler: /usr/bin/c++ - skipped
[0.647s] -- Detecting CXX compile features
[0.648s] -- Detecting CXX compile features - done
[0.658s] -- Found ament_cmake: 2.5.5 (/opt/ros/jazzy/share/ament_cmake/cmake)
[0.932s] -- Found Python3: /usr/bin/python3 (found version "3.12.3") found components: Interpreter 
[1.173s] -- Found slam_toolbox: 2.8.3 (/opt/ros/jazzy/share/slam_toolbox/cmake)
[1.281s] -- Found rosidl_generator_c: 4.6.7 (/opt/ros/jazzy/share/rosidl_generator_c/cmake)
[1.318s] -- Found rosidl_generator_cpp: 4.6.7 (/opt/ros/jazzy/share/rosidl_generator_cpp/cmake)
[1.358s] -- Using all available rosidl_typesupport_c: rosidl_typesupport_fastrtps_c;rosidl_typesupport_introspection_c
[1.401s] -- Using all available rosidl_typesupport_cpp: rosidl_typesupport_fastrtps_cpp;rosidl_typesupport_introspection_cpp
[1.913s] -- Found rmw_implementation_cmake: 7.3.3 (/opt/ros/jazzy/share/rmw_implementation_cmake/cmake)
[1.922s] -- Found rmw_fastrtps_cpp: 8.4.3 (/opt/ros/jazzy/share/rmw_fastrtps_cpp/cmake)
[2.102s] -- Found OpenSSL: /usr/lib/x86_64-linux-gnu/libcrypto.so (found version "3.0.13")  
[2.139s] -- Found FastRTPS: /opt/ros/jazzy/include (Required is at least version "2.13") 
[2.180s] -- Using RMW implementation 'rmw_fastrtps_cpp' as default
[2.695s] -- Found eigen3_cmake_module: 0.3.0 (/opt/ros/jazzy/share/eigen3_cmake_module/cmake)
[2.698s] -- Found Eigen3: TRUE (found version "3.4.0") 
[2.698s] -- Ensuring Eigen3 include directory is part of orocos-kdl CMake target
[2.977s] -- Setting OGRE_DIR to: '/opt/ros/jazzy/share/rviz_ogre_vendor/cmake/../../../opt/rviz_ogre_vendor/lib/OGRE/cmake'
[2.980s] -- Found OGRE
[2.980s] --   static     : OFF
[2.980s] --   components : MeshLodGenerator;Overlay;Paging;Property;RTShaderSystem;Terrain;Volume
[2.980s] --   plugins    : Plugin_BSPSceneManager;Plugin_OctreeSceneManager;Plugin_PCZSceneManager;Plugin_ParticleFX;RenderSystem_GL;RenderSystem_GL3Plus;Codec_STBI
[2.981s] --   media      : /opt/ros/jazzy/opt/rviz_ogre_vendor/share/OGRE/Media
[2.981s] -- OGRE_LIBRARIES: OgreMeshLodGenerator;OgreOverlay;OgrePaging;OgreProperty;OgreRTShaderSystem;OgreTerrain;OgreVolume;OgreMain
[2.981s] -- OGRE_LIBRARY_DIRS: /opt/ros/jazzy/opt/rviz_ogre_vendor/lib
[2.981s] -- OGRE_PLUGINS: Plugin_BSPSceneManager;Plugin_OctreeSceneManager;Plugin_PCZSceneManager;Plugin_ParticleFX;RenderSystem_GL;RenderSystem_GL3Plus;Codec_STBI
[2.981s] -- OGRE_PLUGIN_DIR: /opt/ros/jazzy/opt/rviz_ogre_vendor/lib/OGRE
[2.981s] -- rviz_ogre_vendor::OgreOverlay for IMPORTED_LOCATION_RELEASE: /opt/ros/jazzy/opt/rviz_ogre_vendor/lib/libOgreOverlay.so
[2.981s] -- rviz_ogre_vendor::OgreOverlay for IMPORTED_LOCATION_DEBUG: /opt/ros/jazzy/opt/rviz_ogre_vendor/lib/libOgreOverlay.so
[2.981s] -- rviz_ogre_vendor::OgreMain for IMPORTED_LOCATION_RELEASE: /opt/ros/jazzy/opt/rviz_ogre_vendor/lib/libOgreMain.so
[2.982s] -- rviz_ogre_vendor::OgreMain for IMPORTED_LOCATION_DEBUG: /opt/ros/jazzy/opt/rviz_ogre_vendor/lib/libOgreMain.so
[3.042s] -- Found ZLIB: /usr/lib/x86_64-linux-gnu/libz.so (found version "1.3")  
[3.062s] -- Found OpenGL: /usr/lib/x86_64-linux-gnu/libOpenGL.so   
[3.365s] -- Found X11: /usr/include   
[3.366s] -- Looking for XOpenDisplay in /usr/lib/x86_64-linux-gnu/libX11.so;/usr/lib/x86_64-linux-gnu/libXext.so
[3.519s] -- Looking for XOpenDisplay in /usr/lib/x86_64-linux-gnu/libX11.so;/usr/lib/x86_64-linux-gnu/libXext.so - found
[3.519s] -- Looking for gethostbyname
[3.670s] -- Looking for gethostbyname - found
[3.670s] -- Looking for connect
[3.818s] -- Looking for connect - found
[3.818s] -- Looking for remove
[3.967s] -- Looking for remove - found
[3.967s] -- Looking for shmat
[4.120s] -- Looking for shmat - found
[4.120s] -- Looking for IceConnectionNumber in ICE
[4.271s] -- Looking for IceConnectionNumber in ICE - found
[4.308s] -- Setting yaml-cpp_DIR to: '/opt/ros/jazzy/share/yaml_cpp_vendor/cmake/../../../opt/yaml_cpp_vendor/share/cmake/yaml-cpp'
[4.574s] -- Found ament_lint_auto: 0.17.4 (/opt/ros/jazzy/share/ament_lint_auto/cmake)
[4.770s] -- Added test 'flake8' to check Python code syntax and style conventions
[4.770s] -- Configured 'flake8' exclude dirs and/or files: 
[4.772s] -- Added test 'lint_cmake' to check CMake code style
[4.773s] -- Added test 'pep257' to check Python code against some of the docstring style conventions in PEP 257
[4.776s] -- Added test 'xmllint' to check XML markup files
[4.779s] -- Configuring done (4.7s)
[4.792s] -- Generating done (0.0s)
[4.797s] -- Build files have been written to: /home/jazzy/Desktop/dynominion_rmf/build/dynominion_rmf_slam
[4.816s] Invoked command in '/home/jazzy/Desktop/dynominion_rmf/build/dynominion_rmf_slam' returned '0': CMAKE_PREFIX_PATH=${CMAKE_PREFIX_PATH}:/opt/ros/jazzy DEBUGINFOD_URLS=https://debuginfod.ubuntu.com /usr/bin/cmake /home/jazzy/Desktop/dynominion_rmf/dynominion_rmf_slam -DCMAKE_INSTALL_PREFIX=/home/jazzy/Desktop/dynominion_rmf/install/dynominion_rmf_slam
[4.818s] Invoking command in '/home/jazzy/Desktop/dynominion_rmf/build/dynominion_rmf_slam': CMAKE_PREFIX_PATH=${CMAKE_PREFIX_PATH}:/opt/ros/jazzy DEBUGINFOD_URLS=https://debuginfod.ubuntu.com /usr/bin/cmake --build /home/jazzy/Desktop/dynominion_rmf/build/dynominion_rmf_slam -- -j16 -l16
[4.900s] Invoked command in '/home/jazzy/Desktop/dynominion_rmf/build/dynominion_rmf_slam' returned '0': CMAKE_PREFIX_PATH=${CMAKE_PREFIX_PATH}:/opt/ros/jazzy DEBUGINFOD_URLS=https://debuginfod.ubuntu.com /usr/bin/cmake --build /home/jazzy/Desktop/dynominion_rmf/build/dynominion_rmf_slam -- -j16 -l16
[4.902s] Invoking command in '/home/jazzy/Desktop/dynominion_rmf/build/dynominion_rmf_slam': CMAKE_PREFIX_PATH=${CMAKE_PREFIX_PATH}:/opt/ros/jazzy DEBUGINFOD_URLS=https://debuginfod.ubuntu.com /usr/bin/cmake --install /home/jazzy/Desktop/dynominion_rmf/build/dynominion_rmf_slam
[4.916s] -- Install configuration: ""
[4.916s] -- Installing: /home/jazzy/Desktop/dynominion_rmf/install/dynominion_rmf_slam/share/dynominion_rmf_slam/rviz
[4.916s] -- Installing: /home/jazzy/Desktop/dynominion_rmf/install/dynominion_rmf_slam/share/dynominion_rmf_slam/rviz/mapping.rviz
[4.917s] -- Installing: /home/jazzy/Desktop/dynominion_rmf/install/dynominion_rmf_slam/share/dynominion_rmf_slam/launch
[4.917s] -- Installing: /home/jazzy/Desktop/dynominion_rmf/install/dynominion_rmf_slam/share/dynominion_rmf_slam/launch/online_async_launch.py
[4.917s] -- Installing: /home/jazzy/Desktop/dynominion_rmf/install/dynominion_rmf_slam/share/dynominion_rmf_slam/launch/offline_launch.py
[4.917s] -- Installing: /home/jazzy/Desktop/dynominion_rmf/install/dynominion_rmf_slam/share/dynominion_rmf_slam/launch/online_sync_launch.py
[4.918s] -- Installing: /home/jazzy/Desktop/dynominion_rmf/install/dynominion_rmf_slam/share/dynominion_rmf_slam/config
[4.918s] -- Installing: /home/jazzy/Desktop/dynominion_rmf/install/dynominion_rmf_slam/share/dynominion_rmf_slam/config/mapper_params_offline.yaml
[4.918s] -- Installing: /home/jazzy/Desktop/dynominion_rmf/install/dynominion_rmf_slam/share/dynominion_rmf_slam/config/mapper_params_online_async.yaml
[4.918s] -- Installing: /home/jazzy/Desktop/dynominion_rmf/install/dynominion_rmf_slam/share/dynominion_rmf_slam/config/laser_filter.yaml
[4.918s] -- Installing: /home/jazzy/Desktop/dynominion_rmf/install/dynominion_rmf_slam/share/dynominion_rmf_slam/config/mapper_params_online_sync.yaml
[4.919s] -- Installing: /home/jazzy/Desktop/dynominion_rmf/install/dynominion_rmf_slam/share/ament_index/resource_index/package_run_dependencies/dynominion_rmf_slam
[4.919s] -- Installing: /home/jazzy/Desktop/dynominion_rmf/install/dynominion_rmf_slam/share/ament_index/resource_index/parent_prefix_path/dynominion_rmf_slam
[4.920s] -- Installing: /home/jazzy/Desktop/dynominion_rmf/install/dynominion_rmf_slam/share/dynominion_rmf_slam/environment/ament_prefix_path.sh
[4.920s] -- Installing: /home/jazzy/Desktop/dynominion_rmf/install/dynominion_rmf_slam/share/dynominion_rmf_slam/environment/ament_prefix_path.dsv
[4.920s] -- Installing: /home/jazzy/Desktop/dynominion_rmf/install/dynominion_rmf_slam/share/dynominion_rmf_slam/environment/path.sh
[4.920s] -- Installing: /home/jazzy/Desktop/dynominion_rmf/install/dynominion_rmf_slam/share/dynominion_rmf_slam/environment/path.dsv
[4.921s] -- Installing: /home/jazzy/Desktop/dynominion_rmf/install/dynominion_rmf_slam/share/dynominion_rmf_slam/local_setup.bash
[4.921s] -- Installing: /home/jazzy/Desktop/dynominion_rmf/install/dynominion_rmf_slam/share/dynominion_rmf_slam/local_setup.sh
[4.921s] -- Installing: /home/jazzy/Desktop/dynominion_rmf/install/dynominion_rmf_slam/share/dynominion_rmf_slam/local_setup.zsh
[4.922s] -- Installing: /home/jazzy/Desktop/dynominion_rmf/install/dynominion_rmf_slam/share/dynominion_rmf_slam/local_setup.dsv
[4.922s] -- Installing: /home/jazzy/Desktop/dynominion_rmf/install/dynominion_rmf_slam/share/dynominion_rmf_slam/package.dsv
[4.922s] -- Installing: /home/jazzy/Desktop/dynominion_rmf/install/dynominion_rmf_slam/share/ament_index/resource_index/packages/dynominion_rmf_slam
[4.923s] -- Installing: /home/jazzy/Desktop/dynominion_rmf/install/dynominion_rmf_slam/share/dynominion_rmf_slam/cmake/dynominion_rmf_slamConfig.cmake
[4.923s] -- Installing: /home/jazzy/Desktop/dynominion_rmf/install/dynominion_rmf_slam/share/dynominion_rmf_slam/cmake/dynominion_rmf_slamConfig-version.cmake
[4.923s] -- Installing: /home/jazzy/Desktop/dynominion_rmf/install/dynominion_rmf_slam/share/dynominion_rmf_slam/package.xml
[4.927s] Invoked command in '/home/jazzy/Desktop/dynominion_rmf/build/dynominion_rmf_slam' returned '0': CMAKE_PREFIX_PATH=${CMAKE_PREFIX_PATH}:/opt/ros/jazzy DEBUGINFOD_URLS=https://debuginfod.ubuntu.com /usr/bin/cmake --install /home/jazzy/Desktop/dynominion_rmf/build/dynominion_rmf_slam
