[0.206s] DEBUG:colcon:Command line arguments: ['/usr/bin/colcon', 'build', '--packages-select', 'nav2_taskmanager', '--base-paths', '../nav2_taskmanager', '--cmake-clean-cache']
[0.206s] DEBUG:colcon:Parsed command line arguments: Namespace(log_base=None, log_level=None, verb_name='build', build_base='build', install_base='install', merge_install=False, symlink_install=False, test_result_base=None, continue_on_error=False, executor='parallel', parallel_workers=16, event_handlers=None, ignore_user_meta=False, metas=['./colcon.meta'], base_paths=['../nav2_taskmanager'], packages_ignore=None, packages_ignore_regex=None, paths=None, packages_up_to=None, packages_up_to_regex=None, packages_above=None, packages_above_and_dependencies=None, packages_above_depth=None, packages_select_by_dep=None, packages_skip_by_dep=None, packages_skip_up_to=None, packages_select_build_failed=False, packages_skip_build_finished=False, packages_select_test_failures=False, packages_skip_test_passed=False, packages_select=['nav2_taskmanager'], packages_skip=None, packages_select_regex=None, packages_skip_regex=None, packages_start=None, packages_end=None, allow_overriding=[], cmake_args=None, cmake_target=None, cmake_target_skip_unavailable=False, cmake_clean_cache=True, cmake_clean_first=False, cmake_force_configure=False, ament_cmake_args=None, catkin_cmake_args=None, catkin_skip_building_tests=False, mixin_files=None, mixin=None, verb_parser=<colcon_mixin.mixin.mixin_argument.MixinArgumentDecorator object at 0x7de2a11b35f0>, verb_extension=<colcon_core.verb.build.BuildVerb object at 0x7de2a11b3320>, main=<bound method BuildVerb.main of <colcon_core.verb.build.BuildVerb object at 0x7de2a11b3320>>, mixin_verb=('build',))
[0.272s] Level 1:colcon.colcon_core.package_discovery:discover_packages(colcon_meta) check parameters
[0.272s] Level 1:colcon.colcon_core.package_discovery:discover_packages(recursive) check parameters
[0.272s] Level 1:colcon.colcon_core.package_discovery:discover_packages(ignore) check parameters
[0.272s] Level 1:colcon.colcon_core.package_discovery:discover_packages(path) check parameters
[0.273s] Level 1:colcon.colcon_core.package_discovery:discover_packages(recursive) discover
[0.273s] INFO:colcon.colcon_core.package_discovery:Crawling recursively for packages in '/home/jazzy/ros2_ws/src/nav2_taskmanager'
[0.273s] Level 1:colcon.colcon_core.package_identification:_identify(../nav2_taskmanager) by extensions ['ignore', 'ignore_ament_install']
[0.273s] Level 1:colcon.colcon_core.package_identification:_identify(../nav2_taskmanager) by extension 'ignore'
[0.273s] Level 1:colcon.colcon_core.package_identification:_identify(../nav2_taskmanager) by extension 'ignore_ament_install'
[0.274s] Level 1:colcon.colcon_core.package_identification:_identify(../nav2_taskmanager) by extensions ['colcon_pkg']
[0.274s] Level 1:colcon.colcon_core.package_identification:_identify(../nav2_taskmanager) by extension 'colcon_pkg'
[0.274s] Level 1:colcon.colcon_core.package_identification:_identify(../nav2_taskmanager) by extensions ['colcon_meta']
[0.274s] Level 1:colcon.colcon_core.package_identification:_identify(../nav2_taskmanager) by extension 'colcon_meta'
[0.274s] Level 1:colcon.colcon_core.package_identification:_identify(../nav2_taskmanager) by extensions ['ros']
[0.274s] Level 1:colcon.colcon_core.package_identification:_identify(../nav2_taskmanager) by extension 'ros'
[0.321s] DEBUG:colcon.colcon_core.package_identification:Package '../nav2_taskmanager' with type 'ros.ament_cmake' and name 'nav2_taskmanager'
[0.321s] Level 1:colcon.colcon_core.package_discovery:discover_packages(recursive) using defaults
[0.349s] Level 1:colcon.colcon_core.package_discovery:discover_packages(prefix_path) check parameters
[0.349s] Level 1:colcon.colcon_core.package_discovery:discover_packages(prefix_path) discover
[0.351s] WARNING:colcon.colcon_ros.prefix_path.ament:The path '/home/jazzy/ros2_ws/src/dynominion/install/dynominion_navigation' in the environment variable AMENT_PREFIX_PATH doesn't exist
[0.352s] WARNING:colcon.colcon_ros.prefix_path.catkin:The path '/home/jazzy/ros2_ws/src/dynominion/install/dynominion_navigation' in the environment variable CMAKE_PREFIX_PATH doesn't exist
[0.353s] DEBUG:colcon.colcon_installed_package_information.package_discovery:Found 7 installed packages in /home/jazzy/ros2_ws/install
[0.354s] DEBUG:colcon.colcon_installed_package_information.package_discovery:Found 1 installed packages in /home/jazzy/ros2_ws/src/dynominion/install
[0.358s] DEBUG:colcon.colcon_installed_package_information.package_discovery:Found 457 installed packages in /opt/ros/jazzy
[0.361s] Level 1:colcon.colcon_core.package_discovery:discover_packages(prefix_path) using defaults
[0.462s] Level 5:colcon.colcon_core.verb:set package 'nav2_taskmanager' build argument 'cmake_args' from command line to 'None'
[0.462s] Level 5:colcon.colcon_core.verb:set package 'nav2_taskmanager' build argument 'cmake_target' from command line to 'None'
[0.462s] Level 5:colcon.colcon_core.verb:set package 'nav2_taskmanager' build argument 'cmake_target_skip_unavailable' from command line to 'False'
[0.462s] Level 5:colcon.colcon_core.verb:set package 'nav2_taskmanager' build argument 'cmake_clean_cache' from command line to 'True'
[0.462s] Level 5:colcon.colcon_core.verb:set package 'nav2_taskmanager' build argument 'cmake_clean_first' from command line to 'False'
[0.462s] Level 5:colcon.colcon_core.verb:set package 'nav2_taskmanager' build argument 'cmake_force_configure' from command line to 'False'
[0.462s] Level 5:colcon.colcon_core.verb:set package 'nav2_taskmanager' build argument 'ament_cmake_args' from command line to 'None'
[0.462s] Level 5:colcon.colcon_core.verb:set package 'nav2_taskmanager' build argument 'catkin_cmake_args' from command line to 'None'
[0.462s] Level 5:colcon.colcon_core.verb:set package 'nav2_taskmanager' build argument 'catkin_skip_building_tests' from command line to 'False'
[0.462s] DEBUG:colcon.colcon_core.verb:Building package 'nav2_taskmanager' with the following arguments: {'ament_cmake_args': None, 'build_base': '/home/jazzy/ros2_ws/src/dynominion/build/nav2_taskmanager', 'catkin_cmake_args': None, 'catkin_skip_building_tests': False, 'cmake_args': None, 'cmake_clean_cache': True, 'cmake_clean_first': False, 'cmake_force_configure': False, 'cmake_target': None, 'cmake_target_skip_unavailable': False, 'install_base': '/home/jazzy/ros2_ws/src/dynominion/install/nav2_taskmanager', 'merge_install': False, 'path': '/home/jazzy/ros2_ws/src/nav2_taskmanager', 'symlink_install': False, 'test_result_base': None}
[0.463s] INFO:colcon.colcon_core.executor:Executing jobs using 'parallel' executor
[0.464s] DEBUG:colcon.colcon_parallel_executor.executor.parallel:run_until_complete
[0.464s] INFO:colcon.colcon_ros.task.ament_cmake.build:Building ROS package in '/home/jazzy/ros2_ws/src/nav2_taskmanager' with build type 'ament_cmake'
[0.465s] INFO:colcon.colcon_cmake.task.cmake.build:Building CMake package in '/home/jazzy/ros2_ws/src/nav2_taskmanager'
[0.468s] INFO:colcon.colcon_core.plugin_system:Skipping extension 'colcon_core.shell.bat': Not used on non-Windows systems
[0.468s] INFO:colcon.colcon_core.shell:Skip shell extension 'powershell' for command environment: Not usable outside of PowerShell
[0.468s] DEBUG:colcon.colcon_core.shell:Skip shell extension 'dsv' for command environment
[0.486s] DEBUG:colcon.colcon_core.event_handler.log_command:Invoking command in '/home/jazzy/ros2_ws/src/dynominion/build/nav2_taskmanager': CMAKE_PREFIX_PATH=${CMAKE_PREFIX_PATH}:/home/jazzy/ros2_ws/install/teleop_robot:/home/jazzy/ros2_ws/install/meca_description:/opt/ros/jazzy DEBUGINFOD_URLS=https://debuginfod.ubuntu.com /usr/bin/cmake /home/jazzy/ros2_ws/src/nav2_taskmanager -DCMAKE_INSTALL_PREFIX=/home/jazzy/ros2_ws/src/dynominion/install/nav2_taskmanager
[6.570s] DEBUG:colcon.colcon_core.event_handler.log_command:Invoked command in '/home/jazzy/ros2_ws/src/dynominion/build/nav2_taskmanager' returned '0': CMAKE_PREFIX_PATH=${CMAKE_PREFIX_PATH}:/home/jazzy/ros2_ws/install/teleop_robot:/home/jazzy/ros2_ws/install/meca_description:/opt/ros/jazzy DEBUGINFOD_URLS=https://debuginfod.ubuntu.com /usr/bin/cmake /home/jazzy/ros2_ws/src/nav2_taskmanager -DCMAKE_INSTALL_PREFIX=/home/jazzy/ros2_ws/src/dynominion/install/nav2_taskmanager
[6.571s] DEBUG:colcon.colcon_core.event_handler.log_command:Invoking command in '/home/jazzy/ros2_ws/src/dynominion/build/nav2_taskmanager': CMAKE_PREFIX_PATH=${CMAKE_PREFIX_PATH}:/home/jazzy/ros2_ws/install/teleop_robot:/home/jazzy/ros2_ws/install/meca_description:/opt/ros/jazzy DEBUGINFOD_URLS=https://debuginfod.ubuntu.com /usr/bin/cmake --build /home/jazzy/ros2_ws/src/dynominion/build/nav2_taskmanager -- -j16 -l16
[7.044s] DEBUG:colcon.colcon_core.event_handler.log_command:Invoked command in '/home/jazzy/ros2_ws/src/dynominion/build/nav2_taskmanager' returned '0': CMAKE_PREFIX_PATH=${CMAKE_PREFIX_PATH}:/home/jazzy/ros2_ws/install/teleop_robot:/home/jazzy/ros2_ws/install/meca_description:/opt/ros/jazzy DEBUGINFOD_URLS=https://debuginfod.ubuntu.com /usr/bin/cmake --build /home/jazzy/ros2_ws/src/dynominion/build/nav2_taskmanager -- -j16 -l16
[7.055s] DEBUG:colcon.colcon_core.event_handler.log_command:Invoking command in '/home/jazzy/ros2_ws/src/dynominion/build/nav2_taskmanager': CMAKE_PREFIX_PATH=${CMAKE_PREFIX_PATH}:/home/jazzy/ros2_ws/install/teleop_robot:/home/jazzy/ros2_ws/install/meca_description:/opt/ros/jazzy DEBUGINFOD_URLS=https://debuginfod.ubuntu.com /usr/bin/cmake --install /home/jazzy/ros2_ws/src/dynominion/build/nav2_taskmanager
[7.124s] Level 1:colcon.colcon_core.environment:create_environment_scripts_only(nav2_taskmanager)
[7.124s] DEBUG:colcon.colcon_core.event_handler.log_command:Invoked command in '/home/jazzy/ros2_ws/src/dynominion/build/nav2_taskmanager' returned '0': CMAKE_PREFIX_PATH=${CMAKE_PREFIX_PATH}:/home/jazzy/ros2_ws/install/teleop_robot:/home/jazzy/ros2_ws/install/meca_description:/opt/ros/jazzy DEBUGINFOD_URLS=https://debuginfod.ubuntu.com /usr/bin/cmake --install /home/jazzy/ros2_ws/src/dynominion/build/nav2_taskmanager
[7.126s] Level 1:colcon.colcon_core.environment:checking '/home/jazzy/ros2_ws/src/dynominion/install/nav2_taskmanager' for CMake module files
[7.127s] Level 1:colcon.colcon_core.environment:checking '/home/jazzy/ros2_ws/src/dynominion/install/nav2_taskmanager' for CMake config files
[7.127s] Level 1:colcon.colcon_core.shell:create_environment_hook('nav2_taskmanager', 'cmake_prefix_path')
[7.127s] INFO:colcon.colcon_core.shell:Creating environment hook '/home/jazzy/ros2_ws/src/dynominion/install/nav2_taskmanager/share/nav2_taskmanager/hook/cmake_prefix_path.ps1'
[7.128s] INFO:colcon.colcon_core.shell:Creating environment descriptor '/home/jazzy/ros2_ws/src/dynominion/install/nav2_taskmanager/share/nav2_taskmanager/hook/cmake_prefix_path.dsv'
[7.128s] INFO:colcon.colcon_core.shell:Creating environment hook '/home/jazzy/ros2_ws/src/dynominion/install/nav2_taskmanager/share/nav2_taskmanager/hook/cmake_prefix_path.sh'
[7.129s] Level 1:colcon.colcon_core.environment:checking '/home/jazzy/ros2_ws/src/dynominion/install/nav2_taskmanager/lib'
[7.129s] Level 1:colcon.colcon_core.shell:create_environment_hook('nav2_taskmanager', 'ld_library_path_lib')
[7.129s] INFO:colcon.colcon_core.shell:Creating environment hook '/home/jazzy/ros2_ws/src/dynominion/install/nav2_taskmanager/share/nav2_taskmanager/hook/ld_library_path_lib.ps1'
[7.129s] INFO:colcon.colcon_core.shell:Creating environment descriptor '/home/jazzy/ros2_ws/src/dynominion/install/nav2_taskmanager/share/nav2_taskmanager/hook/ld_library_path_lib.dsv'
[7.130s] INFO:colcon.colcon_core.shell:Creating environment hook '/home/jazzy/ros2_ws/src/dynominion/install/nav2_taskmanager/share/nav2_taskmanager/hook/ld_library_path_lib.sh'
[7.130s] Level 1:colcon.colcon_core.environment:checking '/home/jazzy/ros2_ws/src/dynominion/install/nav2_taskmanager/bin'
[7.130s] Level 1:colcon.colcon_core.environment:checking '/home/jazzy/ros2_ws/src/dynominion/install/nav2_taskmanager/lib/pkgconfig/nav2_taskmanager.pc'
[7.130s] Level 1:colcon.colcon_core.environment:checking '/home/jazzy/ros2_ws/src/dynominion/install/nav2_taskmanager/lib/python3.12/site-packages'
[7.131s] Level 1:colcon.colcon_core.shell:create_environment_hook('nav2_taskmanager', 'pythonpath')
[7.131s] INFO:colcon.colcon_core.shell:Creating environment hook '/home/jazzy/ros2_ws/src/dynominion/install/nav2_taskmanager/share/nav2_taskmanager/hook/pythonpath.ps1'
[7.131s] INFO:colcon.colcon_core.shell:Creating environment descriptor '/home/jazzy/ros2_ws/src/dynominion/install/nav2_taskmanager/share/nav2_taskmanager/hook/pythonpath.dsv'
[7.131s] INFO:colcon.colcon_core.shell:Creating environment hook '/home/jazzy/ros2_ws/src/dynominion/install/nav2_taskmanager/share/nav2_taskmanager/hook/pythonpath.sh'
[7.132s] Level 1:colcon.colcon_core.environment:checking '/home/jazzy/ros2_ws/src/dynominion/install/nav2_taskmanager/bin'
[7.132s] INFO:colcon.colcon_core.shell:Creating package script '/home/jazzy/ros2_ws/src/dynominion/install/nav2_taskmanager/share/nav2_taskmanager/package.ps1'
[7.133s] INFO:colcon.colcon_core.shell:Creating package descriptor '/home/jazzy/ros2_ws/src/dynominion/install/nav2_taskmanager/share/nav2_taskmanager/package.dsv'
[7.134s] INFO:colcon.colcon_core.shell:Creating package script '/home/jazzy/ros2_ws/src/dynominion/install/nav2_taskmanager/share/nav2_taskmanager/package.sh'
[7.134s] INFO:colcon.colcon_core.shell:Creating package script '/home/jazzy/ros2_ws/src/dynominion/install/nav2_taskmanager/share/nav2_taskmanager/package.bash'
[7.135s] INFO:colcon.colcon_core.shell:Creating package script '/home/jazzy/ros2_ws/src/dynominion/install/nav2_taskmanager/share/nav2_taskmanager/package.zsh'
[7.135s] Level 1:colcon.colcon_core.environment:create_file_with_runtime_dependencies(/home/jazzy/ros2_ws/src/dynominion/install/nav2_taskmanager/share/colcon-core/packages/nav2_taskmanager)
[7.136s] Level 1:colcon.colcon_core.environment:create_environment_scripts_only(nav2_taskmanager)
[7.136s] Level 1:colcon.colcon_core.environment:checking '/home/jazzy/ros2_ws/src/dynominion/install/nav2_taskmanager' for CMake module files
[7.137s] Level 1:colcon.colcon_core.environment:checking '/home/jazzy/ros2_ws/src/dynominion/install/nav2_taskmanager' for CMake config files
[7.137s] Level 1:colcon.colcon_core.shell:create_environment_hook('nav2_taskmanager', 'cmake_prefix_path')
[7.137s] INFO:colcon.colcon_core.shell:Creating environment hook '/home/jazzy/ros2_ws/src/dynominion/install/nav2_taskmanager/share/nav2_taskmanager/hook/cmake_prefix_path.ps1'
[7.137s] INFO:colcon.colcon_core.shell:Creating environment descriptor '/home/jazzy/ros2_ws/src/dynominion/install/nav2_taskmanager/share/nav2_taskmanager/hook/cmake_prefix_path.dsv'
[7.138s] INFO:colcon.colcon_core.shell:Creating environment hook '/home/jazzy/ros2_ws/src/dynominion/install/nav2_taskmanager/share/nav2_taskmanager/hook/cmake_prefix_path.sh'
[7.138s] Level 1:colcon.colcon_core.environment:checking '/home/jazzy/ros2_ws/src/dynominion/install/nav2_taskmanager/lib'
[7.138s] Level 1:colcon.colcon_core.shell:create_environment_hook('nav2_taskmanager', 'ld_library_path_lib')
[7.139s] INFO:colcon.colcon_core.shell:Creating environment hook '/home/jazzy/ros2_ws/src/dynominion/install/nav2_taskmanager/share/nav2_taskmanager/hook/ld_library_path_lib.ps1'
[7.139s] INFO:colcon.colcon_core.shell:Creating environment descriptor '/home/jazzy/ros2_ws/src/dynominion/install/nav2_taskmanager/share/nav2_taskmanager/hook/ld_library_path_lib.dsv'
[7.139s] INFO:colcon.colcon_core.shell:Creating environment hook '/home/jazzy/ros2_ws/src/dynominion/install/nav2_taskmanager/share/nav2_taskmanager/hook/ld_library_path_lib.sh'
[7.140s] Level 1:colcon.colcon_core.environment:checking '/home/jazzy/ros2_ws/src/dynominion/install/nav2_taskmanager/bin'
[7.140s] Level 1:colcon.colcon_core.environment:checking '/home/jazzy/ros2_ws/src/dynominion/install/nav2_taskmanager/lib/pkgconfig/nav2_taskmanager.pc'
[7.140s] Level 1:colcon.colcon_core.environment:checking '/home/jazzy/ros2_ws/src/dynominion/install/nav2_taskmanager/lib/python3.12/site-packages'
[7.140s] Level 1:colcon.colcon_core.shell:create_environment_hook('nav2_taskmanager', 'pythonpath')
[7.140s] INFO:colcon.colcon_core.shell:Creating environment hook '/home/jazzy/ros2_ws/src/dynominion/install/nav2_taskmanager/share/nav2_taskmanager/hook/pythonpath.ps1'
[7.140s] INFO:colcon.colcon_core.shell:Creating environment descriptor '/home/jazzy/ros2_ws/src/dynominion/install/nav2_taskmanager/share/nav2_taskmanager/hook/pythonpath.dsv'
[7.141s] INFO:colcon.colcon_core.shell:Creating environment hook '/home/jazzy/ros2_ws/src/dynominion/install/nav2_taskmanager/share/nav2_taskmanager/hook/pythonpath.sh'
[7.141s] Level 1:colcon.colcon_core.environment:checking '/home/jazzy/ros2_ws/src/dynominion/install/nav2_taskmanager/bin'
[7.142s] INFO:colcon.colcon_core.shell:Creating package script '/home/jazzy/ros2_ws/src/dynominion/install/nav2_taskmanager/share/nav2_taskmanager/package.ps1'
[7.142s] INFO:colcon.colcon_core.shell:Creating package descriptor '/home/jazzy/ros2_ws/src/dynominion/install/nav2_taskmanager/share/nav2_taskmanager/package.dsv'
[7.143s] INFO:colcon.colcon_core.shell:Creating package script '/home/jazzy/ros2_ws/src/dynominion/install/nav2_taskmanager/share/nav2_taskmanager/package.sh'
[7.143s] INFO:colcon.colcon_core.shell:Creating package script '/home/jazzy/ros2_ws/src/dynominion/install/nav2_taskmanager/share/nav2_taskmanager/package.bash'
[7.144s] INFO:colcon.colcon_core.shell:Creating package script '/home/jazzy/ros2_ws/src/dynominion/install/nav2_taskmanager/share/nav2_taskmanager/package.zsh'
[7.144s] Level 1:colcon.colcon_core.environment:create_file_with_runtime_dependencies(/home/jazzy/ros2_ws/src/dynominion/install/nav2_taskmanager/share/colcon-core/packages/nav2_taskmanager)
[7.144s] DEBUG:colcon.colcon_parallel_executor.executor.parallel:closing loop
[7.145s] DEBUG:colcon.colcon_parallel_executor.executor.parallel:loop closed
[7.145s] DEBUG:colcon.colcon_parallel_executor.executor.parallel:run_until_complete finished with '0'
[7.145s] DEBUG:colcon.colcon_core.event_reactor:joining thread
[7.150s] INFO:colcon.colcon_core.plugin_system:Skipping extension 'colcon_notification.desktop_notification.terminal_notifier': Not used on non-Darwin systems
[7.150s] INFO:colcon.colcon_core.plugin_system:Skipping extension 'colcon_notification.desktop_notification.win32': Not used on non-Windows systems
[7.150s] INFO:colcon.colcon_notification.desktop_notification:Sending desktop notification using 'notify2'
[7.164s] DEBUG:colcon.colcon_core.event_reactor:joined thread
[7.164s] INFO:colcon.colcon_core.shell:Creating prefix script '/home/jazzy/ros2_ws/src/dynominion/install/local_setup.ps1'
[7.165s] INFO:colcon.colcon_core.shell:Creating prefix util module '/home/jazzy/ros2_ws/src/dynominion/install/_local_setup_util_ps1.py'
[7.166s] INFO:colcon.colcon_core.shell:Creating prefix chain script '/home/jazzy/ros2_ws/src/dynominion/install/setup.ps1'
[7.167s] INFO:colcon.colcon_core.shell:Creating prefix script '/home/jazzy/ros2_ws/src/dynominion/install/local_setup.sh'
[7.168s] INFO:colcon.colcon_core.shell:Creating prefix util module '/home/jazzy/ros2_ws/src/dynominion/install/_local_setup_util_sh.py'
[7.168s] INFO:colcon.colcon_core.shell:Creating prefix chain script '/home/jazzy/ros2_ws/src/dynominion/install/setup.sh'
[7.170s] INFO:colcon.colcon_core.shell:Creating prefix script '/home/jazzy/ros2_ws/src/dynominion/install/local_setup.bash'
[7.170s] INFO:colcon.colcon_core.shell:Creating prefix chain script '/home/jazzy/ros2_ws/src/dynominion/install/setup.bash'
[7.171s] INFO:colcon.colcon_core.shell:Creating prefix script '/home/jazzy/ros2_ws/src/dynominion/install/local_setup.zsh'
[7.171s] INFO:colcon.colcon_core.shell:Creating prefix chain script '/home/jazzy/ros2_ws/src/dynominion/install/setup.zsh'
