[0.020s] Invoking command in '/home/jazzy/ros2_ws/src/dynominion/build/nav2_taskmanager': CMAKE_PREFIX_PATH=${CMAKE_PREFIX_PATH}:/home/jazzy/ros2_ws/install/teleop_robot:/home/jazzy/ros2_ws/install/meca_description:/opt/ros/jazzy DEBUGINFOD_URLS=https://debuginfod.ubuntu.com /usr/bin/cmake /home/jazzy/ros2_ws/src/nav2_taskmanager -DCMAKE_INSTALL_PREFIX=/home/jazzy/ros2_ws/src/dynominion/install/nav2_taskmanager
[0.123s] -- The C compiler identification is GNU 13.3.0
[0.221s] -- The CXX compiler identification is GNU 13.3.0
[0.253s] -- Detecting C compiler ABI info
[0.424s] -- Detecting C compiler ABI info - done
[0.440s] -- Check for working C compiler: /usr/bin/cc - skipped
[0.440s] -- Detecting C compile features
[0.441s] -- Detecting C compile features - done
[0.459s] -- Detecting CXX compiler ABI info
[0.645s] -- Detecting CXX compiler ABI info - done
[0.661s] -- Check for working CXX compiler: /usr/bin/c++ - skipped
[0.661s] -- Detecting CXX compile features
[0.662s] -- Detecting CXX compile features - done
[0.672s] -- Found ament_cmake: 2.5.5 (/opt/ros/jazzy/share/ament_cmake/cmake)
[0.971s] -- Found Python3: /usr/bin/python3 (found version "3.12.3") found components: Interpreter 
[1.231s] -- Found geometry_msgs: 5.3.6 (/opt/ros/jazzy/share/geometry_msgs/cmake)
[1.361s] -- Found rosidl_generator_c: 4.6.7 (/opt/ros/jazzy/share/rosidl_generator_c/cmake)
[1.400s] -- Found rosidl_generator_cpp: 4.6.7 (/opt/ros/jazzy/share/rosidl_generator_cpp/cmake)
[1.445s] -- Using all available rosidl_typesupport_c: rosidl_typesupport_fastrtps_c;rosidl_typesupport_introspection_c
[1.492s] -- Using all available rosidl_typesupport_cpp: rosidl_typesupport_fastrtps_cpp;rosidl_typesupport_introspection_cpp
[1.597s] -- Found action_msgs: 2.0.3 (/opt/ros/jazzy/share/action_msgs/cmake)
[1.698s] -- Found rosidl_default_generators: 1.6.0 (/opt/ros/jazzy/share/rosidl_default_generators/cmake)
[1.748s] -- Found rosidl_adapter: 4.6.7 (/opt/ros/jazzy/share/rosidl_adapter/cmake)
[2.955s] -- Found ament_cmake_ros: 0.12.0 (/opt/ros/jazzy/share/ament_cmake_ros/cmake)
[4.507s] -- Using all available rosidl_typesupport_c: rosidl_typesupport_fastrtps_c;rosidl_typesupport_introspection_c
[5.006s] -- Using all available rosidl_typesupport_cpp: rosidl_typesupport_fastrtps_cpp;rosidl_typesupport_introspection_cpp
[5.014s] -- Found python_cmake_module: 0.11.1 (/opt/ros/jazzy/share/python_cmake_module/cmake)
[5.219s] -- Found PythonExtra: /usr/bin/python3  
[5.843s] -- Found Python3: /usr/bin/python3 (found version "3.12.3") found components: Interpreter Development NumPy Development.Module Development.Embed 
[5.933s] -- Found ament_lint_auto: 0.17.4 (/opt/ros/jazzy/share/ament_lint_auto/cmake)
[5.992s] -- Added test 'flake8' to check Python code syntax and style conventions
[5.993s] -- Configured 'flake8' exclude dirs and/or files: 
[5.994s] -- Added test 'lint_cmake' to check CMake code style
[5.995s] -- Added test 'pep257' to check Python code against some of the docstring style conventions in PEP 257
[5.998s] -- Added test 'xmllint' to check XML markup files
[6.002s] -- Configuring done (6.0s)
[6.066s] -- Generating done (0.1s)
[6.086s] -- Build files have been written to: /home/jazzy/ros2_ws/src/dynominion/build/nav2_taskmanager
[6.103s] Invoked command in '/home/jazzy/ros2_ws/src/dynominion/build/nav2_taskmanager' returned '0': CMAKE_PREFIX_PATH=${CMAKE_PREFIX_PATH}:/home/jazzy/ros2_ws/install/teleop_robot:/home/jazzy/ros2_ws/install/meca_description:/opt/ros/jazzy DEBUGINFOD_URLS=https://debuginfod.ubuntu.com /usr/bin/cmake /home/jazzy/ros2_ws/src/nav2_taskmanager -DCMAKE_INSTALL_PREFIX=/home/jazzy/ros2_ws/src/dynominion/install/nav2_taskmanager
[6.105s] Invoking command in '/home/jazzy/ros2_ws/src/dynominion/build/nav2_taskmanager': CMAKE_PREFIX_PATH=${CMAKE_PREFIX_PATH}:/home/jazzy/ros2_ws/install/teleop_robot:/home/jazzy/ros2_ws/install/meca_description:/opt/ros/jazzy DEBUGINFOD_URLS=https://debuginfod.ubuntu.com /usr/bin/cmake --build /home/jazzy/ros2_ws/src/dynominion/build/nav2_taskmanager -- -j16 -l16
[6.185s] [  2%] Built target nav2_taskmanager__rosidl_generator_type_description
[6.195s] [  2%] Built target ament_cmake_python_copy_nav2_taskmanager
[6.206s] [  5%] Built target nav2_taskmanager__cpp
[6.209s] [ 20%] Built target nav2_taskmanager__rosidl_generator_c
[6.236s] [ 29%] Built target nav2_taskmanager__rosidl_typesupport_introspection_c
[6.236s] [ 38%] Built target nav2_taskmanager__rosidl_typesupport_introspection_cpp
[6.236s] [ 47%] Built target nav2_taskmanager__rosidl_typesupport_c
[6.236s] [ 55%] Built target nav2_taskmanager__rosidl_typesupport_cpp
[6.237s] [ 64%] Built target nav2_taskmanager__rosidl_typesupport_fastrtps_c
[6.239s] [ 73%] Built target nav2_taskmanager__rosidl_typesupport_fastrtps_cpp
[6.266s] [ 73%] Built target nav2_taskmanager
[6.292s] [ 76%] Built target nav2_taskmanager__py
[6.322s] [ 82%] Built target nav2_taskmanager__rosidl_generator_py
[6.353s] [ 94%] Built target nav2_taskmanager_s__rosidl_typesupport_fastrtps_c
[6.353s] [ 94%] Built target nav2_taskmanager_s__rosidl_typesupport_c
[6.354s] [100%] Built target nav2_taskmanager_s__rosidl_typesupport_introspection_c
[6.437s] running egg_info
[6.463s] writing nav2_taskmanager.egg-info/PKG-INFO
[6.463s] writing dependency_links to nav2_taskmanager.egg-info/dependency_links.txt
[6.463s] writing top-level names to nav2_taskmanager.egg-info/top_level.txt
[6.537s] reading manifest file 'nav2_taskmanager.egg-info/SOURCES.txt'
[6.537s] writing manifest file 'nav2_taskmanager.egg-info/SOURCES.txt'
[6.564s] [100%] Built target ament_cmake_python_build_nav2_taskmanager_egg
[6.578s] Invoked command in '/home/jazzy/ros2_ws/src/dynominion/build/nav2_taskmanager' returned '0': CMAKE_PREFIX_PATH=${CMAKE_PREFIX_PATH}:/home/jazzy/ros2_ws/install/teleop_robot:/home/jazzy/ros2_ws/install/meca_description:/opt/ros/jazzy DEBUGINFOD_URLS=https://debuginfod.ubuntu.com /usr/bin/cmake --build /home/jazzy/ros2_ws/src/dynominion/build/nav2_taskmanager -- -j16 -l16
[6.590s] Invoking command in '/home/jazzy/ros2_ws/src/dynominion/build/nav2_taskmanager': CMAKE_PREFIX_PATH=${CMAKE_PREFIX_PATH}:/home/jazzy/ros2_ws/install/teleop_robot:/home/jazzy/ros2_ws/install/meca_description:/opt/ros/jazzy DEBUGINFOD_URLS=https://debuginfod.ubuntu.com /usr/bin/cmake --install /home/jazzy/ros2_ws/src/dynominion/build/nav2_taskmanager
[6.600s] -- Install configuration: ""
[6.600s] -- Up-to-date: /home/jazzy/ros2_ws/src/dynominion/install/nav2_taskmanager/share/ament_index/resource_index/rosidl_interfaces/nav2_taskmanager
[6.601s] -- Up-to-date: /home/jazzy/ros2_ws/src/dynominion/install/nav2_taskmanager/share/nav2_taskmanager/action/MissionTask.json
[6.601s] -- Up-to-date: /home/jazzy/ros2_ws/src/dynominion/install/nav2_taskmanager/include/nav2_taskmanager/nav2_taskmanager
[6.601s] -- Up-to-date: /home/jazzy/ros2_ws/src/dynominion/install/nav2_taskmanager/include/nav2_taskmanager/nav2_taskmanager/action
[6.601s] -- Up-to-date: /home/jazzy/ros2_ws/src/dynominion/install/nav2_taskmanager/include/nav2_taskmanager/nav2_taskmanager/action/detail
[6.601s] -- Up-to-date: /home/jazzy/ros2_ws/src/dynominion/install/nav2_taskmanager/include/nav2_taskmanager/nav2_taskmanager/action/detail/mission_task__struct.h
[6.601s] -- Up-to-date: /home/jazzy/ros2_ws/src/dynominion/install/nav2_taskmanager/include/nav2_taskmanager/nav2_taskmanager/action/detail/mission_task__type_support.c
[6.601s] -- Up-to-date: /home/jazzy/ros2_ws/src/dynominion/install/nav2_taskmanager/include/nav2_taskmanager/nav2_taskmanager/action/detail/mission_task__functions.c
[6.601s] -- Up-to-date: /home/jazzy/ros2_ws/src/dynominion/install/nav2_taskmanager/include/nav2_taskmanager/nav2_taskmanager/action/detail/mission_task__description.c
[6.601s] -- Up-to-date: /home/jazzy/ros2_ws/src/dynominion/install/nav2_taskmanager/include/nav2_taskmanager/nav2_taskmanager/action/detail/mission_task__functions.h
[6.602s] -- Up-to-date: /home/jazzy/ros2_ws/src/dynominion/install/nav2_taskmanager/include/nav2_taskmanager/nav2_taskmanager/action/detail/mission_task__type_support.h
[6.602s] -- Up-to-date: /home/jazzy/ros2_ws/src/dynominion/install/nav2_taskmanager/include/nav2_taskmanager/nav2_taskmanager/action/mission_task.h
[6.602s] -- Up-to-date: /home/jazzy/ros2_ws/src/dynominion/install/nav2_taskmanager/include/nav2_taskmanager/nav2_taskmanager/msg
[6.602s] -- Up-to-date: /home/jazzy/ros2_ws/src/dynominion/install/nav2_taskmanager/include/nav2_taskmanager/nav2_taskmanager/msg/rosidl_generator_c__visibility_control.h
[6.602s] -- Up-to-date: /home/jazzy/ros2_ws/src/dynominion/install/nav2_taskmanager/share/nav2_taskmanager/environment/library_path.sh
[6.602s] -- Up-to-date: /home/jazzy/ros2_ws/src/dynominion/install/nav2_taskmanager/share/nav2_taskmanager/environment/library_path.dsv
[6.602s] -- Up-to-date: /home/jazzy/ros2_ws/src/dynominion/install/nav2_taskmanager/lib/libnav2_taskmanager__rosidl_generator_c.so
[6.602s] -- Up-to-date: /home/jazzy/ros2_ws/src/dynominion/install/nav2_taskmanager/include/nav2_taskmanager/nav2_taskmanager
[6.602s] -- Up-to-date: /home/jazzy/ros2_ws/src/dynominion/install/nav2_taskmanager/include/nav2_taskmanager/nav2_taskmanager/action
[6.602s] -- Up-to-date: /home/jazzy/ros2_ws/src/dynominion/install/nav2_taskmanager/include/nav2_taskmanager/nav2_taskmanager/action/detail
[6.602s] -- Up-to-date: /home/jazzy/ros2_ws/src/dynominion/install/nav2_taskmanager/include/nav2_taskmanager/nav2_taskmanager/action/detail/mission_task__rosidl_typesupport_fastrtps_c.h
[6.602s] -- Up-to-date: /home/jazzy/ros2_ws/src/dynominion/install/nav2_taskmanager/include/nav2_taskmanager/nav2_taskmanager/msg
[6.603s] -- Up-to-date: /home/jazzy/ros2_ws/src/dynominion/install/nav2_taskmanager/include/nav2_taskmanager/nav2_taskmanager/msg/rosidl_typesupport_fastrtps_c__visibility_control.h
[6.603s] -- Up-to-date: /home/jazzy/ros2_ws/src/dynominion/install/nav2_taskmanager/lib/libnav2_taskmanager__rosidl_typesupport_fastrtps_c.so
[6.603s] -- Up-to-date: /home/jazzy/ros2_ws/src/dynominion/install/nav2_taskmanager/include/nav2_taskmanager/nav2_taskmanager
[6.603s] -- Up-to-date: /home/jazzy/ros2_ws/src/dynominion/install/nav2_taskmanager/include/nav2_taskmanager/nav2_taskmanager/action
[6.603s] -- Up-to-date: /home/jazzy/ros2_ws/src/dynominion/install/nav2_taskmanager/include/nav2_taskmanager/nav2_taskmanager/action/mission_task.hpp
[6.603s] -- Up-to-date: /home/jazzy/ros2_ws/src/dynominion/install/nav2_taskmanager/include/nav2_taskmanager/nav2_taskmanager/action/detail
[6.603s] -- Up-to-date: /home/jazzy/ros2_ws/src/dynominion/install/nav2_taskmanager/include/nav2_taskmanager/nav2_taskmanager/action/detail/mission_task__type_support.hpp
[6.603s] -- Up-to-date: /home/jazzy/ros2_ws/src/dynominion/install/nav2_taskmanager/include/nav2_taskmanager/nav2_taskmanager/action/detail/mission_task__struct.hpp
[6.603s] -- Up-to-date: /home/jazzy/ros2_ws/src/dynominion/install/nav2_taskmanager/include/nav2_taskmanager/nav2_taskmanager/action/detail/mission_task__traits.hpp
[6.604s] -- Up-to-date: /home/jazzy/ros2_ws/src/dynominion/install/nav2_taskmanager/include/nav2_taskmanager/nav2_taskmanager/action/detail/mission_task__builder.hpp
[6.604s] -- Up-to-date: /home/jazzy/ros2_ws/src/dynominion/install/nav2_taskmanager/include/nav2_taskmanager/nav2_taskmanager/msg
[6.604s] -- Up-to-date: /home/jazzy/ros2_ws/src/dynominion/install/nav2_taskmanager/include/nav2_taskmanager/nav2_taskmanager/msg/rosidl_generator_cpp__visibility_control.hpp
[6.604s] -- Up-to-date: /home/jazzy/ros2_ws/src/dynominion/install/nav2_taskmanager/include/nav2_taskmanager/nav2_taskmanager
[6.604s] -- Up-to-date: /home/jazzy/ros2_ws/src/dynominion/install/nav2_taskmanager/include/nav2_taskmanager/nav2_taskmanager/action
[6.604s] -- Up-to-date: /home/jazzy/ros2_ws/src/dynominion/install/nav2_taskmanager/include/nav2_taskmanager/nav2_taskmanager/action/detail
[6.604s] -- Up-to-date: /home/jazzy/ros2_ws/src/dynominion/install/nav2_taskmanager/include/nav2_taskmanager/nav2_taskmanager/action/detail/mission_task__rosidl_typesupport_fastrtps_cpp.hpp
[6.605s] -- Up-to-date: /home/jazzy/ros2_ws/src/dynominion/install/nav2_taskmanager/include/nav2_taskmanager/nav2_taskmanager/action/detail/dds_fastrtps
[6.605s] -- Up-to-date: /home/jazzy/ros2_ws/src/dynominion/install/nav2_taskmanager/include/nav2_taskmanager/nav2_taskmanager/msg
[6.605s] -- Up-to-date: /home/jazzy/ros2_ws/src/dynominion/install/nav2_taskmanager/include/nav2_taskmanager/nav2_taskmanager/msg/rosidl_typesupport_fastrtps_cpp__visibility_control.h
[6.605s] -- Up-to-date: /home/jazzy/ros2_ws/src/dynominion/install/nav2_taskmanager/lib/libnav2_taskmanager__rosidl_typesupport_fastrtps_cpp.so
[6.605s] -- Up-to-date: /home/jazzy/ros2_ws/src/dynominion/install/nav2_taskmanager/include/nav2_taskmanager/nav2_taskmanager
[6.605s] -- Up-to-date: /home/jazzy/ros2_ws/src/dynominion/install/nav2_taskmanager/include/nav2_taskmanager/nav2_taskmanager/action
[6.606s] -- Up-to-date: /home/jazzy/ros2_ws/src/dynominion/install/nav2_taskmanager/include/nav2_taskmanager/nav2_taskmanager/action/detail
[6.606s] -- Up-to-date: /home/jazzy/ros2_ws/src/dynominion/install/nav2_taskmanager/include/nav2_taskmanager/nav2_taskmanager/action/detail/mission_task__type_support.c
[6.606s] -- Up-to-date: /home/jazzy/ros2_ws/src/dynominion/install/nav2_taskmanager/include/nav2_taskmanager/nav2_taskmanager/action/detail/mission_task__rosidl_typesupport_introspection_c.h
[6.606s] -- Up-to-date: /home/jazzy/ros2_ws/src/dynominion/install/nav2_taskmanager/include/nav2_taskmanager/nav2_taskmanager/msg
[6.606s] -- Up-to-date: /home/jazzy/ros2_ws/src/dynominion/install/nav2_taskmanager/include/nav2_taskmanager/nav2_taskmanager/msg/rosidl_typesupport_introspection_c__visibility_control.h
[6.606s] -- Up-to-date: /home/jazzy/ros2_ws/src/dynominion/install/nav2_taskmanager/lib/libnav2_taskmanager__rosidl_typesupport_introspection_c.so
[6.607s] -- Up-to-date: /home/jazzy/ros2_ws/src/dynominion/install/nav2_taskmanager/lib/libnav2_taskmanager__rosidl_typesupport_c.so
[6.608s] -- Up-to-date: /home/jazzy/ros2_ws/src/dynominion/install/nav2_taskmanager/include/nav2_taskmanager/nav2_taskmanager
[6.608s] -- Up-to-date: /home/jazzy/ros2_ws/src/dynominion/install/nav2_taskmanager/include/nav2_taskmanager/nav2_taskmanager/action
[6.608s] -- Up-to-date: /home/jazzy/ros2_ws/src/dynominion/install/nav2_taskmanager/include/nav2_taskmanager/nav2_taskmanager/action/detail
[6.608s] -- Up-to-date: /home/jazzy/ros2_ws/src/dynominion/install/nav2_taskmanager/include/nav2_taskmanager/nav2_taskmanager/action/detail/mission_task__type_support.cpp
[6.608s] -- Up-to-date: /home/jazzy/ros2_ws/src/dynominion/install/nav2_taskmanager/include/nav2_taskmanager/nav2_taskmanager/action/detail/mission_task__rosidl_typesupport_introspection_cpp.hpp
[6.608s] -- Up-to-date: /home/jazzy/ros2_ws/src/dynominion/install/nav2_taskmanager/lib/libnav2_taskmanager__rosidl_typesupport_introspection_cpp.so
[6.608s] -- Up-to-date: /home/jazzy/ros2_ws/src/dynominion/install/nav2_taskmanager/lib/libnav2_taskmanager__rosidl_typesupport_cpp.so
[6.608s] -- Up-to-date: /home/jazzy/ros2_ws/src/dynominion/install/nav2_taskmanager/share/nav2_taskmanager/environment/pythonpath.sh
[6.608s] -- Up-to-date: /home/jazzy/ros2_ws/src/dynominion/install/nav2_taskmanager/share/nav2_taskmanager/environment/pythonpath.dsv
[6.608s] -- Up-to-date: /home/jazzy/ros2_ws/src/dynominion/install/nav2_taskmanager/lib/python3.12/site-packages/nav2_taskmanager-0.0.0-py3.12.egg-info
[6.609s] -- Installing: /home/jazzy/ros2_ws/src/dynominion/install/nav2_taskmanager/lib/python3.12/site-packages/nav2_taskmanager-0.0.0-py3.12.egg-info/SOURCES.txt
[6.609s] -- Installing: /home/jazzy/ros2_ws/src/dynominion/install/nav2_taskmanager/lib/python3.12/site-packages/nav2_taskmanager-0.0.0-py3.12.egg-info/dependency_links.txt
[6.609s] -- Installing: /home/jazzy/ros2_ws/src/dynominion/install/nav2_taskmanager/lib/python3.12/site-packages/nav2_taskmanager-0.0.0-py3.12.egg-info/top_level.txt
[6.609s] -- Installing: /home/jazzy/ros2_ws/src/dynominion/install/nav2_taskmanager/lib/python3.12/site-packages/nav2_taskmanager-0.0.0-py3.12.egg-info/PKG-INFO
[6.609s] -- Up-to-date: /home/jazzy/ros2_ws/src/dynominion/install/nav2_taskmanager/lib/python3.12/site-packages/nav2_taskmanager
[6.609s] -- Up-to-date: /home/jazzy/ros2_ws/src/dynominion/install/nav2_taskmanager/lib/python3.12/site-packages/nav2_taskmanager/_nav2_taskmanager_s.ep.rosidl_typesupport_fastrtps_c.c
[6.609s] -- Up-to-date: /home/jazzy/ros2_ws/src/dynominion/install/nav2_taskmanager/lib/python3.12/site-packages/nav2_taskmanager/_nav2_taskmanager_s.ep.rosidl_typesupport_c.c
[6.609s] -- Up-to-date: /home/jazzy/ros2_ws/src/dynominion/install/nav2_taskmanager/lib/python3.12/site-packages/nav2_taskmanager/action
[6.609s] -- Up-to-date: /home/jazzy/ros2_ws/src/dynominion/install/nav2_taskmanager/lib/python3.12/site-packages/nav2_taskmanager/action/_mission_task.py
[6.609s] -- Up-to-date: /home/jazzy/ros2_ws/src/dynominion/install/nav2_taskmanager/lib/python3.12/site-packages/nav2_taskmanager/action/_mission_task_s.c
[6.609s] -- Up-to-date: /home/jazzy/ros2_ws/src/dynominion/install/nav2_taskmanager/lib/python3.12/site-packages/nav2_taskmanager/action/__init__.py
[6.609s] -- Up-to-date: /home/jazzy/ros2_ws/src/dynominion/install/nav2_taskmanager/lib/python3.12/site-packages/nav2_taskmanager/nav2_taskmanager_s__rosidl_typesupport_c.so
[6.609s] -- Up-to-date: /home/jazzy/ros2_ws/src/dynominion/install/nav2_taskmanager/lib/python3.12/site-packages/nav2_taskmanager/nav2_taskmanager_s__rosidl_typesupport_introspection_c.so
[6.609s] -- Installing: /home/jazzy/ros2_ws/src/dynominion/install/nav2_taskmanager/lib/python3.12/site-packages/nav2_taskmanager/__init__.py
[6.609s] -- Up-to-date: /home/jazzy/ros2_ws/src/dynominion/install/nav2_taskmanager/lib/python3.12/site-packages/nav2_taskmanager/_nav2_taskmanager_s.ep.rosidl_typesupport_introspection_c.c
[6.609s] -- Up-to-date: /home/jazzy/ros2_ws/src/dynominion/install/nav2_taskmanager/lib/python3.12/site-packages/nav2_taskmanager/nav2_taskmanager_s__rosidl_typesupport_fastrtps_c.so
[6.645s] Listing '/home/jazzy/ros2_ws/src/dynominion/install/nav2_taskmanager/lib/python3.12/site-packages/nav2_taskmanager'...
[6.645s] Compiling '/home/jazzy/ros2_ws/src/dynominion/install/nav2_taskmanager/lib/python3.12/site-packages/nav2_taskmanager/__init__.py'...
[6.645s] Listing '/home/jazzy/ros2_ws/src/dynominion/install/nav2_taskmanager/lib/python3.12/site-packages/nav2_taskmanager/action'...
[6.651s] -- Up-to-date: /home/jazzy/ros2_ws/src/dynominion/install/nav2_taskmanager/lib/python3.12/site-packages/nav2_taskmanager/nav2_taskmanager_s__rosidl_typesupport_fastrtps_c.so
[6.651s] -- Up-to-date: /home/jazzy/ros2_ws/src/dynominion/install/nav2_taskmanager/lib/python3.12/site-packages/nav2_taskmanager/nav2_taskmanager_s__rosidl_typesupport_introspection_c.so
[6.651s] -- Up-to-date: /home/jazzy/ros2_ws/src/dynominion/install/nav2_taskmanager/lib/python3.12/site-packages/nav2_taskmanager/nav2_taskmanager_s__rosidl_typesupport_c.so
[6.652s] -- Up-to-date: /home/jazzy/ros2_ws/src/dynominion/install/nav2_taskmanager/lib/libnav2_taskmanager__rosidl_generator_py.so
[6.652s] -- Up-to-date: /home/jazzy/ros2_ws/src/dynominion/install/nav2_taskmanager/share/nav2_taskmanager/action/MissionTask.idl
[6.652s] -- Up-to-date: /home/jazzy/ros2_ws/src/dynominion/install/nav2_taskmanager/share/nav2_taskmanager/action/MissionTask.action
[6.652s] -- Up-to-date: /home/jazzy/ros2_ws/src/dynominion/install/nav2_taskmanager/share/nav2_taskmanager/launch
[6.653s] -- Up-to-date: /home/jazzy/ros2_ws/src/dynominion/install/nav2_taskmanager/share/nav2_taskmanager/launch/mission_launch.py
[6.653s] -- Up-to-date: /home/jazzy/ros2_ws/src/dynominion/install/nav2_taskmanager/lib/nav2_taskmanager/execution_node
[6.653s] -- Up-to-date: /home/jazzy/ros2_ws/src/dynominion/install/nav2_taskmanager/lib/nav2_taskmanager/control_node
[6.653s] -- Up-to-date: /home/jazzy/ros2_ws/src/dynominion/install/nav2_taskmanager/lib/nav2_taskmanager
[6.653s] -- Up-to-date: /home/jazzy/ros2_ws/src/dynominion/install/nav2_taskmanager/lib/nav2_taskmanager/execution_node.py
[6.653s] -- Up-to-date: /home/jazzy/ros2_ws/src/dynominion/install/nav2_taskmanager/lib/nav2_taskmanager/control_node.py
[6.653s] -- Up-to-date: /home/jazzy/ros2_ws/src/dynominion/install/nav2_taskmanager/share/ament_index/resource_index/package_run_dependencies/nav2_taskmanager
[6.653s] -- Installing: /home/jazzy/ros2_ws/src/dynominion/install/nav2_taskmanager/share/ament_index/resource_index/parent_prefix_path/nav2_taskmanager
[6.653s] -- Up-to-date: /home/jazzy/ros2_ws/src/dynominion/install/nav2_taskmanager/share/nav2_taskmanager/environment/ament_prefix_path.sh
[6.653s] -- Up-to-date: /home/jazzy/ros2_ws/src/dynominion/install/nav2_taskmanager/share/nav2_taskmanager/environment/ament_prefix_path.dsv
[6.653s] -- Up-to-date: /home/jazzy/ros2_ws/src/dynominion/install/nav2_taskmanager/share/nav2_taskmanager/environment/path.sh
[6.654s] -- Up-to-date: /home/jazzy/ros2_ws/src/dynominion/install/nav2_taskmanager/share/nav2_taskmanager/environment/path.dsv
[6.654s] -- Up-to-date: /home/jazzy/ros2_ws/src/dynominion/install/nav2_taskmanager/share/nav2_taskmanager/local_setup.bash
[6.654s] -- Up-to-date: /home/jazzy/ros2_ws/src/dynominion/install/nav2_taskmanager/share/nav2_taskmanager/local_setup.sh
[6.654s] -- Up-to-date: /home/jazzy/ros2_ws/src/dynominion/install/nav2_taskmanager/share/nav2_taskmanager/local_setup.zsh
[6.654s] -- Up-to-date: /home/jazzy/ros2_ws/src/dynominion/install/nav2_taskmanager/share/nav2_taskmanager/local_setup.dsv
[6.654s] -- Installing: /home/jazzy/ros2_ws/src/dynominion/install/nav2_taskmanager/share/nav2_taskmanager/package.dsv
[6.654s] -- Up-to-date: /home/jazzy/ros2_ws/src/dynominion/install/nav2_taskmanager/share/ament_index/resource_index/packages/nav2_taskmanager
[6.654s] -- Up-to-date: /home/jazzy/ros2_ws/src/dynominion/install/nav2_taskmanager/share/nav2_taskmanager/cmake/export_nav2_taskmanager__rosidl_generator_cExport.cmake
[6.654s] -- Up-to-date: /home/jazzy/ros2_ws/src/dynominion/install/nav2_taskmanager/share/nav2_taskmanager/cmake/export_nav2_taskmanager__rosidl_generator_cExport-noconfig.cmake
[6.654s] -- Up-to-date: /home/jazzy/ros2_ws/src/dynominion/install/nav2_taskmanager/share/nav2_taskmanager/cmake/export_nav2_taskmanager__rosidl_typesupport_fastrtps_cExport.cmake
[6.654s] -- Up-to-date: /home/jazzy/ros2_ws/src/dynominion/install/nav2_taskmanager/share/nav2_taskmanager/cmake/export_nav2_taskmanager__rosidl_typesupport_fastrtps_cExport-noconfig.cmake
[6.655s] -- Up-to-date: /home/jazzy/ros2_ws/src/dynominion/install/nav2_taskmanager/share/nav2_taskmanager/cmake/export_nav2_taskmanager__rosidl_generator_cppExport.cmake
[6.655s] -- Up-to-date: /home/jazzy/ros2_ws/src/dynominion/install/nav2_taskmanager/share/nav2_taskmanager/cmake/export_nav2_taskmanager__rosidl_typesupport_fastrtps_cppExport.cmake
[6.655s] -- Up-to-date: /home/jazzy/ros2_ws/src/dynominion/install/nav2_taskmanager/share/nav2_taskmanager/cmake/export_nav2_taskmanager__rosidl_typesupport_fastrtps_cppExport-noconfig.cmake
[6.655s] -- Up-to-date: /home/jazzy/ros2_ws/src/dynominion/install/nav2_taskmanager/share/nav2_taskmanager/cmake/nav2_taskmanager__rosidl_typesupport_introspection_cExport.cmake
[6.655s] -- Up-to-date: /home/jazzy/ros2_ws/src/dynominion/install/nav2_taskmanager/share/nav2_taskmanager/cmake/nav2_taskmanager__rosidl_typesupport_introspection_cExport-noconfig.cmake
[6.655s] -- Up-to-date: /home/jazzy/ros2_ws/src/dynominion/install/nav2_taskmanager/share/nav2_taskmanager/cmake/nav2_taskmanager__rosidl_typesupport_cExport.cmake
[6.655s] -- Up-to-date: /home/jazzy/ros2_ws/src/dynominion/install/nav2_taskmanager/share/nav2_taskmanager/cmake/nav2_taskmanager__rosidl_typesupport_cExport-noconfig.cmake
[6.655s] -- Up-to-date: /home/jazzy/ros2_ws/src/dynominion/install/nav2_taskmanager/share/nav2_taskmanager/cmake/nav2_taskmanager__rosidl_typesupport_introspection_cppExport.cmake
[6.655s] -- Up-to-date: /home/jazzy/ros2_ws/src/dynominion/install/nav2_taskmanager/share/nav2_taskmanager/cmake/nav2_taskmanager__rosidl_typesupport_introspection_cppExport-noconfig.cmake
[6.655s] -- Up-to-date: /home/jazzy/ros2_ws/src/dynominion/install/nav2_taskmanager/share/nav2_taskmanager/cmake/nav2_taskmanager__rosidl_typesupport_cppExport.cmake
[6.656s] -- Up-to-date: /home/jazzy/ros2_ws/src/dynominion/install/nav2_taskmanager/share/nav2_taskmanager/cmake/nav2_taskmanager__rosidl_typesupport_cppExport-noconfig.cmake
[6.656s] -- Up-to-date: /home/jazzy/ros2_ws/src/dynominion/install/nav2_taskmanager/share/nav2_taskmanager/cmake/export_nav2_taskmanager__rosidl_generator_pyExport.cmake
[6.656s] -- Up-to-date: /home/jazzy/ros2_ws/src/dynominion/install/nav2_taskmanager/share/nav2_taskmanager/cmake/export_nav2_taskmanager__rosidl_generator_pyExport-noconfig.cmake
[6.656s] -- Up-to-date: /home/jazzy/ros2_ws/src/dynominion/install/nav2_taskmanager/share/nav2_taskmanager/cmake/rosidl_cmake-extras.cmake
[6.656s] -- Up-to-date: /home/jazzy/ros2_ws/src/dynominion/install/nav2_taskmanager/share/nav2_taskmanager/cmake/ament_cmake_export_dependencies-extras.cmake
[6.656s] -- Up-to-date: /home/jazzy/ros2_ws/src/dynominion/install/nav2_taskmanager/share/nav2_taskmanager/cmake/ament_cmake_export_include_directories-extras.cmake
[6.656s] -- Up-to-date: /home/jazzy/ros2_ws/src/dynominion/install/nav2_taskmanager/share/nav2_taskmanager/cmake/ament_cmake_export_libraries-extras.cmake
[6.656s] -- Up-to-date: /home/jazzy/ros2_ws/src/dynominion/install/nav2_taskmanager/share/nav2_taskmanager/cmake/ament_cmake_export_targets-extras.cmake
[6.656s] -- Up-to-date: /home/jazzy/ros2_ws/src/dynominion/install/nav2_taskmanager/share/nav2_taskmanager/cmake/rosidl_cmake_export_typesupport_targets-extras.cmake
[6.656s] -- Up-to-date: /home/jazzy/ros2_ws/src/dynominion/install/nav2_taskmanager/share/nav2_taskmanager/cmake/rosidl_cmake_export_typesupport_libraries-extras.cmake
[6.656s] -- Up-to-date: /home/jazzy/ros2_ws/src/dynominion/install/nav2_taskmanager/share/nav2_taskmanager/cmake/nav2_taskmanagerConfig.cmake
[6.656s] -- Up-to-date: /home/jazzy/ros2_ws/src/dynominion/install/nav2_taskmanager/share/nav2_taskmanager/cmake/nav2_taskmanagerConfig-version.cmake
[6.656s] -- Up-to-date: /home/jazzy/ros2_ws/src/dynominion/install/nav2_taskmanager/share/nav2_taskmanager/package.xml
[6.659s] Invoked command in '/home/jazzy/ros2_ws/src/dynominion/build/nav2_taskmanager' returned '0': CMAKE_PREFIX_PATH=${CMAKE_PREFIX_PATH}:/home/jazzy/ros2_ws/install/teleop_robot:/home/jazzy/ros2_ws/install/meca_description:/opt/ros/jazzy DEBUGINFOD_URLS=https://debuginfod.ubuntu.com /usr/bin/cmake --install /home/jazzy/ros2_ws/src/dynominion/build/nav2_taskmanager
