-- The C compiler identification is GNU 13.3.0
-- The CXX compiler identification is GNU 13.3.0
-- Detecting C compiler ABI info
-- Detecting C compiler ABI info - done
-- Check for working C compiler: /usr/bin/cc - skipped
-- Detecting C compile features
-- Detecting C compile features - done
-- Detecting CXX compiler ABI info
-- Detecting CXX compiler ABI info - done
-- Check for working CXX compiler: /usr/bin/c++ - skipped
-- Detecting CXX compile features
-- Detecting CXX compile features - done
-- Found ament_cmake: 2.5.5 (/opt/ros/jazzy/share/ament_cmake/cmake)
-- Found Python3: /usr/bin/python3 (found version "3.12.3") found components: Interpreter 
-- Found ros_gz_bridge: 1.0.18 (/opt/ros/jazzy/share/ros_gz_bridge/cmake)
-- Found rosidl_generator_c: 4.6.7 (/opt/ros/jazzy/share/rosidl_generator_c/cmake)
-- Found rosidl_generator_cpp: 4.6.7 (/opt/ros/jazzy/share/rosidl_generator_cpp/cmake)
-- Using all available rosidl_typesupport_c: rosidl_typesupport_fastrtps_c;rosidl_typesupport_introspection_c
-- Using all available rosidl_typesupport_cpp: rosidl_typesupport_fastrtps_cpp;rosidl_typesupport_introspection_cpp
-- Found rmw_implementation_cmake: 7.3.3 (/opt/ros/jazzy/share/rmw_implementation_cmake/cmake)
-- Found rmw_fastrtps_cpp: 8.4.3 (/opt/ros/jazzy/share/rmw_fastrtps_cpp/cmake)
-- Found OpenSSL: /usr/lib/x86_64-linux-gnu/libcrypto.so (found version "3.0.13")  
-- Found FastRTPS: /opt/ros/jazzy/include (Required is at least version "2.13") 
-- Using RMW implementation 'rmw_fastrtps_cpp' as default
-- Looking for gz-msgs10 -- found version 10.3.2
-- Searching for dependencies of gz-msgs10
-- Found Protobuf: /usr/lib/x86_64-linux-gnu/libprotobuf.so (found version "3.21.12") 
-- Looking for gz-utils2 -- found version 2.2.1
-- Searching for dependencies of gz-utils2
-- Looking for gz-math7 -- found version 7.5.2
-- Searching for dependencies of gz-math7
-- Looking for gz-utils2 -- found version 2.2.1
-- Checking for module 'tinyxml2'
--   Found tinyxml2, version 10.0.0
-- Looking for gz-transport13 -- found version 13.5.0
-- Searching for dependencies of gz-transport13
-- Config-file not installed for ZeroMQ -- checking for pkg-config
-- Checking for module 'libzmq >= 4'
--   Found libzmq, version 4.3.5
-- Found ZeroMQ: TRUE (Required is at least version "4") 
-- Checking for module 'uuid'
--   Found uuid, version 2.39.3
-- Found UUID: TRUE  
-- Looking for gz-utils2 -- found version 2.2.1
-- Searching for dependencies of gz-utils2
-- Searching for <gz-utils2> component [cli]
-- Looking for gz-utils2-cli -- found version 2.2.1
-- Searching for dependencies of gz-utils2-cli
-- Looking for gz-msgs10 -- found version 10.3.2
-- Found ros_gz_sim: 1.0.18 (/opt/ros/jazzy/share/ros_gz_sim/cmake)
-- Found robot_state_publisher: 3.3.3 (/opt/ros/jazzy/share/robot_state_publisher/cmake)
-- Found rclpy: 7.1.9 (/opt/ros/jazzy/share/rclpy/cmake)
-- Found xacro: 2.1.1 (/opt/ros/jazzy/share/xacro/cmake)
-- Found ament_lint_auto: 0.17.4 (/opt/ros/jazzy/share/ament_lint_auto/cmake)
-- Added test 'flake8' to check Python code syntax and style conventions
-- Configured 'flake8' exclude dirs and/or files: 
-- Added test 'lint_cmake' to check CMake code style
-- Added test 'pep257' to check Python code against some of the docstring style conventions in PEP 257
-- Added test 'xmllint' to check XML markup files
-- Configuring done (4.1s)
-- Generating done (0.0s)
-- Build files have been written to: /home/jazzy/Desktop/dynominion_rmf/build/dynominion_rmf_gazebo
-- Install configuration: ""
-- Installing: /home/jazzy/Desktop/dynominion_rmf/install/dynominion_rmf_gazebo/share/dynominion_rmf_gazebo/models
-- Installing: /home/jazzy/Desktop/dynominion_rmf/install/dynominion_rmf_gazebo/share/dynominion_rmf_gazebo/models/Cafe
-- Installing: /home/jazzy/Desktop/dynominion_rmf/install/dynominion_rmf_gazebo/share/dynominion_rmf_gazebo/models/Cafe/materials
-- Installing: /home/jazzy/Desktop/dynominion_rmf/install/dynominion_rmf_gazebo/share/dynominion_rmf_gazebo/models/Cafe/materials/textures
-- Installing: /home/jazzy/Desktop/dynominion_rmf/install/dynominion_rmf_gazebo/share/dynominion_rmf_gazebo/models/Cafe/materials/textures/__auto_22.jpg
-- Installing: /home/jazzy/Desktop/dynominion_rmf/install/dynominion_rmf_gazebo/share/dynominion_rmf_gazebo/models/Cafe/materials/textures/__auto_23.jpg
-- Installing: /home/jazzy/Desktop/dynominion_rmf/install/dynominion_rmf_gazebo/share/dynominion_rmf_gazebo/models/Cafe/materials/textures/__auto_2.jpg
-- Installing: /home/jazzy/Desktop/dynominion_rmf/install/dynominion_rmf_gazebo/share/dynominion_rmf_gazebo/models/Cafe/materials/textures/__auto_37.jpg
-- Installing: /home/jazzy/Desktop/dynominion_rmf/install/dynominion_rmf_gazebo/share/dynominion_rmf_gazebo/models/Cafe/materials/textures/__auto_21.jpg
-- Installing: /home/jazzy/Desktop/dynominion_rmf/install/dynominion_rmf_gazebo/share/dynominion_rmf_gazebo/models/Cafe/materials/textures/__auto_31.jpg
-- Installing: /home/jazzy/Desktop/dynominion_rmf/install/dynominion_rmf_gazebo/share/dynominion_rmf_gazebo/models/Cafe/materials/textures/__auto_34.jpg
-- Installing: /home/jazzy/Desktop/dynominion_rmf/install/dynominion_rmf_gazebo/share/dynominion_rmf_gazebo/models/Cafe/materials/textures/__auto_29.jpg
-- Installing: /home/jazzy/Desktop/dynominion_rmf/install/dynominion_rmf_gazebo/share/dynominion_rmf_gazebo/models/Cafe/materials/textures/__auto_26.jpg
-- Installing: /home/jazzy/Desktop/dynominion_rmf/install/dynominion_rmf_gazebo/share/dynominion_rmf_gazebo/models/Cafe/materials/textures/__auto_35.jpg
-- Installing: /home/jazzy/Desktop/dynominion_rmf/install/dynominion_rmf_gazebo/share/dynominion_rmf_gazebo/models/Cafe/materials/textures/__auto_25.jpg
-- Installing: /home/jazzy/Desktop/dynominion_rmf/install/dynominion_rmf_gazebo/share/dynominion_rmf_gazebo/models/Cafe/materials/textures/__auto_24.jpg
-- Installing: /home/jazzy/Desktop/dynominion_rmf/install/dynominion_rmf_gazebo/share/dynominion_rmf_gazebo/models/Cafe/materials/textures/__auto_28.jpg
-- Installing: /home/jazzy/Desktop/dynominion_rmf/install/dynominion_rmf_gazebo/share/dynominion_rmf_gazebo/models/Cafe/materials/textures/__auto_10.jpg
-- Installing: /home/jazzy/Desktop/dynominion_rmf/install/dynominion_rmf_gazebo/share/dynominion_rmf_gazebo/models/Cafe/materials/textures/__auto_30.jpg
-- Installing: /home/jazzy/Desktop/dynominion_rmf/install/dynominion_rmf_gazebo/share/dynominion_rmf_gazebo/models/Cafe/thumbnails
-- Installing: /home/jazzy/Desktop/dynominion_rmf/install/dynominion_rmf_gazebo/share/dynominion_rmf_gazebo/models/Cafe/thumbnails/5.png
-- Installing: /home/jazzy/Desktop/dynominion_rmf/install/dynominion_rmf_gazebo/share/dynominion_rmf_gazebo/models/Cafe/thumbnails/3.png
-- Installing: /home/jazzy/Desktop/dynominion_rmf/install/dynominion_rmf_gazebo/share/dynominion_rmf_gazebo/models/Cafe/thumbnails/2.png
-- Installing: /home/jazzy/Desktop/dynominion_rmf/install/dynominion_rmf_gazebo/share/dynominion_rmf_gazebo/models/Cafe/thumbnails/4.png
-- Installing: /home/jazzy/Desktop/dynominion_rmf/install/dynominion_rmf_gazebo/share/dynominion_rmf_gazebo/models/Cafe/thumbnails/1.png
-- Installing: /home/jazzy/Desktop/dynominion_rmf/install/dynominion_rmf_gazebo/share/dynominion_rmf_gazebo/models/Cafe/model.config
-- Installing: /home/jazzy/Desktop/dynominion_rmf/install/dynominion_rmf_gazebo/share/dynominion_rmf_gazebo/models/Cafe/meshes
-- Installing: /home/jazzy/Desktop/dynominion_rmf/install/dynominion_rmf_gazebo/share/dynominion_rmf_gazebo/models/Cafe/meshes/cafe.dae
-- Installing: /home/jazzy/Desktop/dynominion_rmf/install/dynominion_rmf_gazebo/share/dynominion_rmf_gazebo/models/Cafe/model.sdf
-- Installing: /home/jazzy/Desktop/dynominion_rmf/install/dynominion_rmf_gazebo/share/dynominion_rmf_gazebo/models/Cafe_table
-- Installing: /home/jazzy/Desktop/dynominion_rmf/install/dynominion_rmf_gazebo/share/dynominion_rmf_gazebo/models/Cafe_table/materials
-- Installing: /home/jazzy/Desktop/dynominion_rmf/install/dynominion_rmf_gazebo/share/dynominion_rmf_gazebo/models/Cafe_table/materials/textures
-- Installing: /home/jazzy/Desktop/dynominion_rmf/install/dynominion_rmf_gazebo/share/dynominion_rmf_gazebo/models/Cafe_table/materials/textures/Maple.jpg
-- Installing: /home/jazzy/Desktop/dynominion_rmf/install/dynominion_rmf_gazebo/share/dynominion_rmf_gazebo/models/Cafe_table/materials/textures/Wood_Floor_Dark.jpg
-- Installing: /home/jazzy/Desktop/dynominion_rmf/install/dynominion_rmf_gazebo/share/dynominion_rmf_gazebo/models/Cafe_table/thumbnails
-- Installing: /home/jazzy/Desktop/dynominion_rmf/install/dynominion_rmf_gazebo/share/dynominion_rmf_gazebo/models/Cafe_table/thumbnails/5.png
-- Installing: /home/jazzy/Desktop/dynominion_rmf/install/dynominion_rmf_gazebo/share/dynominion_rmf_gazebo/models/Cafe_table/thumbnails/3.png
-- Installing: /home/jazzy/Desktop/dynominion_rmf/install/dynominion_rmf_gazebo/share/dynominion_rmf_gazebo/models/Cafe_table/thumbnails/2.png
-- Installing: /home/jazzy/Desktop/dynominion_rmf/install/dynominion_rmf_gazebo/share/dynominion_rmf_gazebo/models/Cafe_table/thumbnails/4.png
-- Installing: /home/jazzy/Desktop/dynominion_rmf/install/dynominion_rmf_gazebo/share/dynominion_rmf_gazebo/models/Cafe_table/thumbnails/1.png
-- Installing: /home/jazzy/Desktop/dynominion_rmf/install/dynominion_rmf_gazebo/share/dynominion_rmf_gazebo/models/Cafe_table/model.config
-- Installing: /home/jazzy/Desktop/dynominion_rmf/install/dynominion_rmf_gazebo/share/dynominion_rmf_gazebo/models/Cafe_table/meshes
-- Installing: /home/jazzy/Desktop/dynominion_rmf/install/dynominion_rmf_gazebo/share/dynominion_rmf_gazebo/models/Cafe_table/meshes/cafe_table.dae
-- Installing: /home/jazzy/Desktop/dynominion_rmf/install/dynominion_rmf_gazebo/share/dynominion_rmf_gazebo/models/Cafe_table/model.sdf
-- Installing: /home/jazzy/Desktop/dynominion_rmf/install/dynominion_rmf_gazebo/share/dynominion_rmf_gazebo/models/Cafe_table/model-1_4.sdf
-- Installing: /home/jazzy/Desktop/dynominion_rmf/install/dynominion_rmf_gazebo/share/dynominion_rmf_gazebo/models/male_visitor
-- Installing: /home/jazzy/Desktop/dynominion_rmf/install/dynominion_rmf_gazebo/share/dynominion_rmf_gazebo/models/male_visitor/materials
-- Installing: /home/jazzy/Desktop/dynominion_rmf/install/dynominion_rmf_gazebo/share/dynominion_rmf_gazebo/models/male_visitor/materials/textures
-- Installing: /home/jazzy/Desktop/dynominion_rmf/install/dynominion_rmf_gazebo/share/dynominion_rmf_gazebo/models/male_visitor/materials/textures/MaleVisitor.png
-- Installing: /home/jazzy/Desktop/dynominion_rmf/install/dynominion_rmf_gazebo/share/dynominion_rmf_gazebo/models/male_visitor/thumbnails
-- Installing: /home/jazzy/Desktop/dynominion_rmf/install/dynominion_rmf_gazebo/share/dynominion_rmf_gazebo/models/male_visitor/thumbnails/2.png
-- Installing: /home/jazzy/Desktop/dynominion_rmf/install/dynominion_rmf_gazebo/share/dynominion_rmf_gazebo/models/male_visitor/thumbnails/1.png
-- Installing: /home/jazzy/Desktop/dynominion_rmf/install/dynominion_rmf_gazebo/share/dynominion_rmf_gazebo/models/male_visitor/model.config
-- Installing: /home/jazzy/Desktop/dynominion_rmf/install/dynominion_rmf_gazebo/share/dynominion_rmf_gazebo/models/male_visitor/meshes
-- Installing: /home/jazzy/Desktop/dynominion_rmf/install/dynominion_rmf_gazebo/share/dynominion_rmf_gazebo/models/male_visitor/meshes/MaleVisitorWalk.dae
-- Installing: /home/jazzy/Desktop/dynominion_rmf/install/dynominion_rmf_gazebo/share/dynominion_rmf_gazebo/models/male_visitor/model.sdf
-- Installing: /home/jazzy/Desktop/dynominion_rmf/install/dynominion_rmf_gazebo/share/dynominion_rmf_gazebo/models/actor
-- Installing: /home/jazzy/Desktop/dynominion_rmf/install/dynominion_rmf_gazebo/share/dynominion_rmf_gazebo/models/actor/thumbnails
-- Installing: /home/jazzy/Desktop/dynominion_rmf/install/dynominion_rmf_gazebo/share/dynominion_rmf_gazebo/models/actor/thumbnails/3.png
-- Installing: /home/jazzy/Desktop/dynominion_rmf/install/dynominion_rmf_gazebo/share/dynominion_rmf_gazebo/models/actor/thumbnails/2.png
-- Installing: /home/jazzy/Desktop/dynominion_rmf/install/dynominion_rmf_gazebo/share/dynominion_rmf_gazebo/models/actor/thumbnails/1.png
-- Installing: /home/jazzy/Desktop/dynominion_rmf/install/dynominion_rmf_gazebo/share/dynominion_rmf_gazebo/models/actor/actor - relative paths.zip
-- Installing: /home/jazzy/Desktop/dynominion_rmf/install/dynominion_rmf_gazebo/share/dynominion_rmf_gazebo/models/actor/model.config
-- Installing: /home/jazzy/Desktop/dynominion_rmf/install/dynominion_rmf_gazebo/share/dynominion_rmf_gazebo/models/actor/meshes
-- Installing: /home/jazzy/Desktop/dynominion_rmf/install/dynominion_rmf_gazebo/share/dynominion_rmf_gazebo/models/actor/meshes/talk_b.dae
-- Installing: /home/jazzy/Desktop/dynominion_rmf/install/dynominion_rmf_gazebo/share/dynominion_rmf_gazebo/models/actor/meshes/sit_down.dae
-- Installing: /home/jazzy/Desktop/dynominion_rmf/install/dynominion_rmf_gazebo/share/dynominion_rmf_gazebo/models/actor/meshes/stand_up.dae
-- Installing: /home/jazzy/Desktop/dynominion_rmf/install/dynominion_rmf_gazebo/share/dynominion_rmf_gazebo/models/actor/meshes/run.dae
-- Installing: /home/jazzy/Desktop/dynominion_rmf/install/dynominion_rmf_gazebo/share/dynominion_rmf_gazebo/models/actor/meshes/sit.dae
-- Installing: /home/jazzy/Desktop/dynominion_rmf/install/dynominion_rmf_gazebo/share/dynominion_rmf_gazebo/models/actor/meshes/stand.dae
-- Installing: /home/jazzy/Desktop/dynominion_rmf/install/dynominion_rmf_gazebo/share/dynominion_rmf_gazebo/models/actor/meshes/moonwalk.dae
-- Installing: /home/jazzy/Desktop/dynominion_rmf/install/dynominion_rmf_gazebo/share/dynominion_rmf_gazebo/models/actor/meshes/talk_a.dae
-- Installing: /home/jazzy/Desktop/dynominion_rmf/install/dynominion_rmf_gazebo/share/dynominion_rmf_gazebo/models/actor/meshes/walk.dae
-- Installing: /home/jazzy/Desktop/dynominion_rmf/install/dynominion_rmf_gazebo/share/dynominion_rmf_gazebo/models/actor/meshes/gesture.bvh
-- Installing: /home/jazzy/Desktop/dynominion_rmf/install/dynominion_rmf_gazebo/share/dynominion_rmf_gazebo/models/actor/meshes/sitting.dae
-- Installing: /home/jazzy/Desktop/dynominion_rmf/install/dynominion_rmf_gazebo/share/dynominion_rmf_gazebo/models/actor/model.sdf
-- Installing: /home/jazzy/Desktop/dynominion_rmf/install/dynominion_rmf_gazebo/share/dynominion_rmf_gazebo/rviz
-- Installing: /home/jazzy/Desktop/dynominion_rmf/install/dynominion_rmf_gazebo/share/dynominion_rmf_gazebo/rviz/view_robot.rviz
-- Installing: /home/jazzy/Desktop/dynominion_rmf/install/dynominion_rmf_gazebo/share/dynominion_rmf_gazebo/worlds
-- Installing: /home/jazzy/Desktop/dynominion_rmf/install/dynominion_rmf_gazebo/share/dynominion_rmf_gazebo/worlds/cafe.world
-- Installing: /home/jazzy/Desktop/dynominion_rmf/install/dynominion_rmf_gazebo/share/dynominion_rmf_gazebo/urdf
-- Installing: /home/jazzy/Desktop/dynominion_rmf/install/dynominion_rmf_gazebo/share/dynominion_rmf_gazebo/urdf/gazebo_sensor_plugin.xacro
-- Installing: /home/jazzy/Desktop/dynominion_rmf/install/dynominion_rmf_gazebo/share/dynominion_rmf_gazebo/urdf/dynominion_rmf.urdf.xacro
-- Installing: /home/jazzy/Desktop/dynominion_rmf/install/dynominion_rmf_gazebo/share/dynominion_rmf_gazebo/urdf/gazebo_ros2_control.xacro
-- Installing: /home/jazzy/Desktop/dynominion_rmf/install/dynominion_rmf_gazebo/share/dynominion_rmf_gazebo/launch
-- Installing: /home/jazzy/Desktop/dynominion_rmf/install/dynominion_rmf_gazebo/share/dynominion_rmf_gazebo/launch/dynominion_rmf_gazebo.launch.py
-- Installing: /home/jazzy/Desktop/dynominion_rmf/install/dynominion_rmf_gazebo/share/dynominion_rmf_gazebo/launch/multi_robot_gazebo.launch.py
-- Installing: /home/jazzy/Desktop/dynominion_rmf/install/dynominion_rmf_gazebo/share/dynominion_rmf_gazebo/launch/rviz_model_view.launch.py
-- Installing: /home/jazzy/Desktop/dynominion_rmf/install/dynominion_rmf_gazebo/share/dynominion_rmf_gazebo/config
-- Installing: /home/jazzy/Desktop/dynominion_rmf/install/dynominion_rmf_gazebo/share/dynominion_rmf_gazebo/config/gz_bridge.yaml
-- Installing: /home/jazzy/Desktop/dynominion_rmf/install/dynominion_rmf_gazebo/share/dynominion_rmf_gazebo/config/multi_robot_controllers.yaml
-- Installing: /home/jazzy/Desktop/dynominion_rmf/install/dynominion_rmf_gazebo/share/dynominion_rmf_gazebo/config/diff_drive_controller.yaml
-- Installing: /home/jazzy/Desktop/dynominion_rmf/install/dynominion_rmf_gazebo/lib/dynominion_rmf_gazebo
-- Installing: /home/jazzy/Desktop/dynominion_rmf/install/dynominion_rmf_gazebo/lib/dynominion_rmf_gazebo/odom_modifier.py
-- Installing: /home/jazzy/Desktop/dynominion_rmf/install/dynominion_rmf_gazebo/lib/dynominion_rmf_gazebo/joint_state_republisher.py
-- Installing: /home/jazzy/Desktop/dynominion_rmf/install/dynominion_rmf_gazebo/lib/dynominion_rmf_gazebo/__init__.py
-- Installing: /home/jazzy/Desktop/dynominion_rmf/install/dynominion_rmf_gazebo/lib/dynominion_rmf_gazebo/static_transform_broadcaster.py
-- Installing: /home/jazzy/Desktop/dynominion_rmf/install/dynominion_rmf_gazebo/share/ament_index/resource_index/package_run_dependencies/dynominion_rmf_gazebo
-- Installing: /home/jazzy/Desktop/dynominion_rmf/install/dynominion_rmf_gazebo/share/ament_index/resource_index/parent_prefix_path/dynominion_rmf_gazebo
-- Installing: /home/jazzy/Desktop/dynominion_rmf/install/dynominion_rmf_gazebo/share/dynominion_rmf_gazebo/environment/ament_prefix_path.sh
-- Installing: /home/jazzy/Desktop/dynominion_rmf/install/dynominion_rmf_gazebo/share/dynominion_rmf_gazebo/environment/ament_prefix_path.dsv
-- Installing: /home/jazzy/Desktop/dynominion_rmf/install/dynominion_rmf_gazebo/share/dynominion_rmf_gazebo/environment/path.sh
-- Installing: /home/jazzy/Desktop/dynominion_rmf/install/dynominion_rmf_gazebo/share/dynominion_rmf_gazebo/environment/path.dsv
-- Installing: /home/jazzy/Desktop/dynominion_rmf/install/dynominion_rmf_gazebo/share/dynominion_rmf_gazebo/local_setup.bash
-- Installing: /home/jazzy/Desktop/dynominion_rmf/install/dynominion_rmf_gazebo/share/dynominion_rmf_gazebo/local_setup.sh
-- Installing: /home/jazzy/Desktop/dynominion_rmf/install/dynominion_rmf_gazebo/share/dynominion_rmf_gazebo/local_setup.zsh
-- Installing: /home/jazzy/Desktop/dynominion_rmf/install/dynominion_rmf_gazebo/share/dynominion_rmf_gazebo/local_setup.dsv
-- Installing: /home/jazzy/Desktop/dynominion_rmf/install/dynominion_rmf_gazebo/share/dynominion_rmf_gazebo/package.dsv
-- Installing: /home/jazzy/Desktop/dynominion_rmf/install/dynominion_rmf_gazebo/share/ament_index/resource_index/packages/dynominion_rmf_gazebo
-- Installing: /home/jazzy/Desktop/dynominion_rmf/install/dynominion_rmf_gazebo/share/dynominion_rmf_gazebo/cmake/dynominion_rmf_gazeboConfig.cmake
-- Installing: /home/jazzy/Desktop/dynominion_rmf/install/dynominion_rmf_gazebo/share/dynominion_rmf_gazebo/cmake/dynominion_rmf_gazeboConfig-version.cmake
-- Installing: /home/jazzy/Desktop/dynominion_rmf/install/dynominion_rmf_gazebo/share/dynominion_rmf_gazebo/package.xml
