[0.018s] Invoking command in '/home/jazzy/Desktop/dynominion_rmf/build/dynominion_rmf_gazebo': CMAKE_PREFIX_PATH=${CMAKE_PREFIX_PATH}:/home/jazzy/Desktop/dynominion_rmf/install/teleop_robot:/opt/ros/jazzy DEBUGINFOD_URLS=https://debuginfod.ubuntu.com /usr/bin/cmake /home/jazzy/Desktop/dynominion_rmf/dynominion_rmf_gazebo -DCMAKE_INSTALL_PREFIX=/home/jazzy/Desktop/dynominion_rmf/install/dynominion_rmf_gazebo
[0.121s] -- The C compiler identification is GNU 13.3.0
[0.221s] -- The CXX compiler identification is GNU 13.3.0
[0.253s] -- Detecting C compiler ABI info
[0.421s] -- Detecting C compiler ABI info - done
[0.437s] -- Check for working C compiler: /usr/bin/cc - skipped
[0.438s] -- Detecting C compile features
[0.438s] -- Detecting C compile features - done
[0.456s] -- Detecting CXX compiler ABI info
[0.647s] -- Detecting CXX compiler ABI info - done
[0.663s] -- Check for working CXX compiler: /usr/bin/c++ - skipped
[0.663s] -- Detecting CXX compile features
[0.664s] -- Detecting CXX compile features - done
[0.674s] -- Found ament_cmake: 2.5.5 (/opt/ros/jazzy/share/ament_cmake/cmake)
[0.971s] -- Found Python3: /usr/bin/python3 (found version "3.12.3") found components: Interpreter 
[1.229s] -- Found ros_gz_bridge: 1.0.18 (/opt/ros/jazzy/share/ros_gz_bridge/cmake)
[1.361s] -- Found rosidl_generator_c: 4.6.7 (/opt/ros/jazzy/share/rosidl_generator_c/cmake)
[1.400s] -- Found rosidl_generator_cpp: 4.6.7 (/opt/ros/jazzy/share/rosidl_generator_cpp/cmake)
[1.444s] -- Using all available rosidl_typesupport_c: rosidl_typesupport_fastrtps_c;rosidl_typesupport_introspection_c
[1.493s] -- Using all available rosidl_typesupport_cpp: rosidl_typesupport_fastrtps_cpp;rosidl_typesupport_introspection_cpp
[1.684s] -- Found rmw_implementation_cmake: 7.3.3 (/opt/ros/jazzy/share/rmw_implementation_cmake/cmake)
[1.695s] -- Found rmw_fastrtps_cpp: 8.4.3 (/opt/ros/jazzy/share/rmw_fastrtps_cpp/cmake)
[1.895s] -- Found OpenSSL: /usr/lib/x86_64-linux-gnu/libcrypto.so (found version "3.0.13")  
[1.936s] -- Found FastRTPS: /opt/ros/jazzy/include (Required is at least version "2.13") 
[1.981s] -- Using RMW implementation 'rmw_fastrtps_cpp' as default
[2.291s] -- Looking for gz-msgs10 -- found version 10.3.2
[2.306s] -- Searching for dependencies of gz-msgs10
[2.541s] -- Found Protobuf: /usr/lib/x86_64-linux-gnu/libprotobuf.so (found version "3.21.12") 
[2.548s] -- Looking for gz-utils2 -- found version 2.2.1
[2.548s] -- Searching for dependencies of gz-utils2
[2.554s] -- Looking for gz-math7 -- found version 7.5.2
[2.554s] -- Searching for dependencies of gz-math7
[2.555s] -- Looking for gz-utils2 -- found version 2.2.1
[2.566s] -- Checking for module 'tinyxml2'
[2.596s] --   Found tinyxml2, version 10.0.0
[2.687s] -- Looking for gz-transport13 -- found version 13.5.0
[2.687s] -- Searching for dependencies of gz-transport13
[2.757s] -- Config-file not installed for ZeroMQ -- checking for pkg-config
[2.766s] -- Checking for module 'libzmq >= 4'
[2.798s] --   Found libzmq, version 4.3.5
[2.890s] -- Found ZeroMQ: TRUE (Required is at least version "4") 
[2.901s] -- Checking for module 'uuid'
[2.934s] --   Found uuid, version 2.39.3
[3.008s] -- Found UUID: TRUE  
[3.009s] -- Looking for gz-utils2 -- found version 2.2.1
[3.009s] -- Searching for dependencies of gz-utils2
[3.009s] -- Searching for <gz-utils2> component [cli]
[3.015s] -- Looking for gz-utils2-cli -- found version 2.2.1
[3.015s] -- Searching for dependencies of gz-utils2-cli
[3.017s] -- Looking for gz-msgs10 -- found version 10.3.2
[3.598s] -- Found ros_gz_sim: 1.0.18 (/opt/ros/jazzy/share/ros_gz_sim/cmake)
[3.709s] -- Found robot_state_publisher: 3.3.3 (/opt/ros/jazzy/share/robot_state_publisher/cmake)
[3.823s] -- Found rclpy: 7.1.9 (/opt/ros/jazzy/share/rclpy/cmake)
[3.832s] -- Found xacro: 2.1.1 (/opt/ros/jazzy/share/xacro/cmake)
[3.842s] -- Found ament_lint_auto: 0.17.4 (/opt/ros/jazzy/share/ament_lint_auto/cmake)
[4.083s] -- Added test 'flake8' to check Python code syntax and style conventions
[4.084s] -- Configured 'flake8' exclude dirs and/or files: 
[4.088s] -- Added test 'lint_cmake' to check CMake code style
[4.090s] -- Added test 'pep257' to check Python code against some of the docstring style conventions in PEP 257
[4.103s] -- Added test 'xmllint' to check XML markup files
[4.107s] -- Configuring done (4.1s)
[4.120s] -- Generating done (0.0s)
[4.126s] -- Build files have been written to: /home/jazzy/Desktop/dynominion_rmf/build/dynominion_rmf_gazebo
[4.152s] Invoked command in '/home/jazzy/Desktop/dynominion_rmf/build/dynominion_rmf_gazebo' returned '0': CMAKE_PREFIX_PATH=${CMAKE_PREFIX_PATH}:/home/jazzy/Desktop/dynominion_rmf/install/teleop_robot:/opt/ros/jazzy DEBUGINFOD_URLS=https://debuginfod.ubuntu.com /usr/bin/cmake /home/jazzy/Desktop/dynominion_rmf/dynominion_rmf_gazebo -DCMAKE_INSTALL_PREFIX=/home/jazzy/Desktop/dynominion_rmf/install/dynominion_rmf_gazebo
[4.155s] Invoking command in '/home/jazzy/Desktop/dynominion_rmf/build/dynominion_rmf_gazebo': CMAKE_PREFIX_PATH=${CMAKE_PREFIX_PATH}:/home/jazzy/Desktop/dynominion_rmf/install/teleop_robot:/opt/ros/jazzy DEBUGINFOD_URLS=https://debuginfod.ubuntu.com /usr/bin/cmake --build /home/jazzy/Desktop/dynominion_rmf/build/dynominion_rmf_gazebo -- -j16 -l16
[4.244s] Invoked command in '/home/jazzy/Desktop/dynominion_rmf/build/dynominion_rmf_gazebo' returned '0': CMAKE_PREFIX_PATH=${CMAKE_PREFIX_PATH}:/home/jazzy/Desktop/dynominion_rmf/install/teleop_robot:/opt/ros/jazzy DEBUGINFOD_URLS=https://debuginfod.ubuntu.com /usr/bin/cmake --build /home/jazzy/Desktop/dynominion_rmf/build/dynominion_rmf_gazebo -- -j16 -l16
[4.263s] Invoking command in '/home/jazzy/Desktop/dynominion_rmf/build/dynominion_rmf_gazebo': CMAKE_PREFIX_PATH=${CMAKE_PREFIX_PATH}:/home/jazzy/Desktop/dynominion_rmf/install/teleop_robot:/opt/ros/jazzy DEBUGINFOD_URLS=https://debuginfod.ubuntu.com /usr/bin/cmake --install /home/jazzy/Desktop/dynominion_rmf/build/dynominion_rmf_gazebo
[4.278s] -- Install configuration: ""
[4.279s] -- Installing: /home/jazzy/Desktop/dynominion_rmf/install/dynominion_rmf_gazebo/share/dynominion_rmf_gazebo/models
[4.279s] -- Installing: /home/jazzy/Desktop/dynominion_rmf/install/dynominion_rmf_gazebo/share/dynominion_rmf_gazebo/models/Cafe
[4.279s] -- Installing: /home/jazzy/Desktop/dynominion_rmf/install/dynominion_rmf_gazebo/share/dynominion_rmf_gazebo/models/Cafe/materials
[4.280s] -- Installing: /home/jazzy/Desktop/dynominion_rmf/install/dynominion_rmf_gazebo/share/dynominion_rmf_gazebo/models/Cafe/materials/textures
[4.280s] -- Installing: /home/jazzy/Desktop/dynominion_rmf/install/dynominion_rmf_gazebo/share/dynominion_rmf_gazebo/models/Cafe/materials/textures/__auto_22.jpg
[4.280s] -- Installing: /home/jazzy/Desktop/dynominion_rmf/install/dynominion_rmf_gazebo/share/dynominion_rmf_gazebo/models/Cafe/materials/textures/__auto_23.jpg
[4.280s] -- Installing: /home/jazzy/Desktop/dynominion_rmf/install/dynominion_rmf_gazebo/share/dynominion_rmf_gazebo/models/Cafe/materials/textures/__auto_2.jpg
[4.281s] -- Installing: /home/jazzy/Desktop/dynominion_rmf/install/dynominion_rmf_gazebo/share/dynominion_rmf_gazebo/models/Cafe/materials/textures/__auto_37.jpg
[4.281s] -- Installing: /home/jazzy/Desktop/dynominion_rmf/install/dynominion_rmf_gazebo/share/dynominion_rmf_gazebo/models/Cafe/materials/textures/__auto_21.jpg
[4.281s] -- Installing: /home/jazzy/Desktop/dynominion_rmf/install/dynominion_rmf_gazebo/share/dynominion_rmf_gazebo/models/Cafe/materials/textures/__auto_31.jpg
[4.281s] -- Installing: /home/jazzy/Desktop/dynominion_rmf/install/dynominion_rmf_gazebo/share/dynominion_rmf_gazebo/models/Cafe/materials/textures/__auto_34.jpg
[4.281s] -- Installing: /home/jazzy/Desktop/dynominion_rmf/install/dynominion_rmf_gazebo/share/dynominion_rmf_gazebo/models/Cafe/materials/textures/__auto_29.jpg
[4.281s] -- Installing: /home/jazzy/Desktop/dynominion_rmf/install/dynominion_rmf_gazebo/share/dynominion_rmf_gazebo/models/Cafe/materials/textures/__auto_26.jpg
[4.282s] -- Installing: /home/jazzy/Desktop/dynominion_rmf/install/dynominion_rmf_gazebo/share/dynominion_rmf_gazebo/models/Cafe/materials/textures/__auto_35.jpg
[4.282s] -- Installing: /home/jazzy/Desktop/dynominion_rmf/install/dynominion_rmf_gazebo/share/dynominion_rmf_gazebo/models/Cafe/materials/textures/__auto_25.jpg
[4.282s] -- Installing: /home/jazzy/Desktop/dynominion_rmf/install/dynominion_rmf_gazebo/share/dynominion_rmf_gazebo/models/Cafe/materials/textures/__auto_24.jpg
[4.282s] -- Installing: /home/jazzy/Desktop/dynominion_rmf/install/dynominion_rmf_gazebo/share/dynominion_rmf_gazebo/models/Cafe/materials/textures/__auto_28.jpg
[4.283s] -- Installing: /home/jazzy/Desktop/dynominion_rmf/install/dynominion_rmf_gazebo/share/dynominion_rmf_gazebo/models/Cafe/materials/textures/__auto_10.jpg
[4.283s] -- Installing: /home/jazzy/Desktop/dynominion_rmf/install/dynominion_rmf_gazebo/share/dynominion_rmf_gazebo/models/Cafe/materials/textures/__auto_30.jpg
[4.283s] -- Installing: /home/jazzy/Desktop/dynominion_rmf/install/dynominion_rmf_gazebo/share/dynominion_rmf_gazebo/models/Cafe/thumbnails
[4.283s] -- Installing: /home/jazzy/Desktop/dynominion_rmf/install/dynominion_rmf_gazebo/share/dynominion_rmf_gazebo/models/Cafe/thumbnails/5.png
[4.283s] -- Installing: /home/jazzy/Desktop/dynominion_rmf/install/dynominion_rmf_gazebo/share/dynominion_rmf_gazebo/models/Cafe/thumbnails/3.png
[4.284s] -- Installing: /home/jazzy/Desktop/dynominion_rmf/install/dynominion_rmf_gazebo/share/dynominion_rmf_gazebo/models/Cafe/thumbnails/2.png
[4.284s] -- Installing: /home/jazzy/Desktop/dynominion_rmf/install/dynominion_rmf_gazebo/share/dynominion_rmf_gazebo/models/Cafe/thumbnails/4.png
[4.284s] -- Installing: /home/jazzy/Desktop/dynominion_rmf/install/dynominion_rmf_gazebo/share/dynominion_rmf_gazebo/models/Cafe/thumbnails/1.png
[4.285s] -- Installing: /home/jazzy/Desktop/dynominion_rmf/install/dynominion_rmf_gazebo/share/dynominion_rmf_gazebo/models/Cafe/model.config
[4.285s] -- Installing: /home/jazzy/Desktop/dynominion_rmf/install/dynominion_rmf_gazebo/share/dynominion_rmf_gazebo/models/Cafe/meshes
[4.285s] -- Installing: /home/jazzy/Desktop/dynominion_rmf/install/dynominion_rmf_gazebo/share/dynominion_rmf_gazebo/models/Cafe/meshes/cafe.dae
[4.288s] -- Installing: /home/jazzy/Desktop/dynominion_rmf/install/dynominion_rmf_gazebo/share/dynominion_rmf_gazebo/models/Cafe/model.sdf
[4.288s] -- Installing: /home/jazzy/Desktop/dynominion_rmf/install/dynominion_rmf_gazebo/share/dynominion_rmf_gazebo/models/Cafe_table
[4.288s] -- Installing: /home/jazzy/Desktop/dynominion_rmf/install/dynominion_rmf_gazebo/share/dynominion_rmf_gazebo/models/Cafe_table/materials
[4.289s] -- Installing: /home/jazzy/Desktop/dynominion_rmf/install/dynominion_rmf_gazebo/share/dynominion_rmf_gazebo/models/Cafe_table/materials/textures
[4.289s] -- Installing: /home/jazzy/Desktop/dynominion_rmf/install/dynominion_rmf_gazebo/share/dynominion_rmf_gazebo/models/Cafe_table/materials/textures/Maple.jpg
[4.289s] -- Installing: /home/jazzy/Desktop/dynominion_rmf/install/dynominion_rmf_gazebo/share/dynominion_rmf_gazebo/models/Cafe_table/materials/textures/Wood_Floor_Dark.jpg
[4.289s] -- Installing: /home/jazzy/Desktop/dynominion_rmf/install/dynominion_rmf_gazebo/share/dynominion_rmf_gazebo/models/Cafe_table/thumbnails
[4.289s] -- Installing: /home/jazzy/Desktop/dynominion_rmf/install/dynominion_rmf_gazebo/share/dynominion_rmf_gazebo/models/Cafe_table/thumbnails/5.png
[4.290s] -- Installing: /home/jazzy/Desktop/dynominion_rmf/install/dynominion_rmf_gazebo/share/dynominion_rmf_gazebo/models/Cafe_table/thumbnails/3.png
[4.290s] -- Installing: /home/jazzy/Desktop/dynominion_rmf/install/dynominion_rmf_gazebo/share/dynominion_rmf_gazebo/models/Cafe_table/thumbnails/2.png
[4.290s] -- Installing: /home/jazzy/Desktop/dynominion_rmf/install/dynominion_rmf_gazebo/share/dynominion_rmf_gazebo/models/Cafe_table/thumbnails/4.png
[4.291s] -- Installing: /home/jazzy/Desktop/dynominion_rmf/install/dynominion_rmf_gazebo/share/dynominion_rmf_gazebo/models/Cafe_table/thumbnails/1.png
[4.291s] -- Installing: /home/jazzy/Desktop/dynominion_rmf/install/dynominion_rmf_gazebo/share/dynominion_rmf_gazebo/models/Cafe_table/model.config
[4.291s] -- Installing: /home/jazzy/Desktop/dynominion_rmf/install/dynominion_rmf_gazebo/share/dynominion_rmf_gazebo/models/Cafe_table/meshes
[4.291s] -- Installing: /home/jazzy/Desktop/dynominion_rmf/install/dynominion_rmf_gazebo/share/dynominion_rmf_gazebo/models/Cafe_table/meshes/cafe_table.dae
[4.292s] -- Installing: /home/jazzy/Desktop/dynominion_rmf/install/dynominion_rmf_gazebo/share/dynominion_rmf_gazebo/models/Cafe_table/model.sdf
[4.292s] -- Installing: /home/jazzy/Desktop/dynominion_rmf/install/dynominion_rmf_gazebo/share/dynominion_rmf_gazebo/models/Cafe_table/model-1_4.sdf
[4.292s] -- Installing: /home/jazzy/Desktop/dynominion_rmf/install/dynominion_rmf_gazebo/share/dynominion_rmf_gazebo/models/male_visitor
[4.292s] -- Installing: /home/jazzy/Desktop/dynominion_rmf/install/dynominion_rmf_gazebo/share/dynominion_rmf_gazebo/models/male_visitor/materials
[4.292s] -- Installing: /home/jazzy/Desktop/dynominion_rmf/install/dynominion_rmf_gazebo/share/dynominion_rmf_gazebo/models/male_visitor/materials/textures
[4.293s] -- Installing: /home/jazzy/Desktop/dynominion_rmf/install/dynominion_rmf_gazebo/share/dynominion_rmf_gazebo/models/male_visitor/materials/textures/MaleVisitor.png
[4.293s] -- Installing: /home/jazzy/Desktop/dynominion_rmf/install/dynominion_rmf_gazebo/share/dynominion_rmf_gazebo/models/male_visitor/thumbnails
[4.294s] -- Installing: /home/jazzy/Desktop/dynominion_rmf/install/dynominion_rmf_gazebo/share/dynominion_rmf_gazebo/models/male_visitor/thumbnails/2.png
[4.294s] -- Installing: /home/jazzy/Desktop/dynominion_rmf/install/dynominion_rmf_gazebo/share/dynominion_rmf_gazebo/models/male_visitor/thumbnails/1.png
[4.294s] -- Installing: /home/jazzy/Desktop/dynominion_rmf/install/dynominion_rmf_gazebo/share/dynominion_rmf_gazebo/models/male_visitor/model.config
[4.294s] -- Installing: /home/jazzy/Desktop/dynominion_rmf/install/dynominion_rmf_gazebo/share/dynominion_rmf_gazebo/models/male_visitor/meshes
[4.295s] -- Installing: /home/jazzy/Desktop/dynominion_rmf/install/dynominion_rmf_gazebo/share/dynominion_rmf_gazebo/models/male_visitor/meshes/MaleVisitorWalk.dae
[4.295s] -- Installing: /home/jazzy/Desktop/dynominion_rmf/install/dynominion_rmf_gazebo/share/dynominion_rmf_gazebo/models/male_visitor/model.sdf
[4.296s] -- Installing: /home/jazzy/Desktop/dynominion_rmf/install/dynominion_rmf_gazebo/share/dynominion_rmf_gazebo/models/actor
[4.296s] -- Installing: /home/jazzy/Desktop/dynominion_rmf/install/dynominion_rmf_gazebo/share/dynominion_rmf_gazebo/models/actor/thumbnails
[4.296s] -- Installing: /home/jazzy/Desktop/dynominion_rmf/install/dynominion_rmf_gazebo/share/dynominion_rmf_gazebo/models/actor/thumbnails/3.png
[4.296s] -- Installing: /home/jazzy/Desktop/dynominion_rmf/install/dynominion_rmf_gazebo/share/dynominion_rmf_gazebo/models/actor/thumbnails/2.png
[4.297s] -- Installing: /home/jazzy/Desktop/dynominion_rmf/install/dynominion_rmf_gazebo/share/dynominion_rmf_gazebo/models/actor/thumbnails/1.png
[4.297s] -- Installing: /home/jazzy/Desktop/dynominion_rmf/install/dynominion_rmf_gazebo/share/dynominion_rmf_gazebo/models/actor/actor - relative paths.zip
[4.313s] -- Installing: /home/jazzy/Desktop/dynominion_rmf/install/dynominion_rmf_gazebo/share/dynominion_rmf_gazebo/models/actor/model.config
[4.313s] -- Installing: /home/jazzy/Desktop/dynominion_rmf/install/dynominion_rmf_gazebo/share/dynominion_rmf_gazebo/models/actor/meshes
[4.313s] -- Installing: /home/jazzy/Desktop/dynominion_rmf/install/dynominion_rmf_gazebo/share/dynominion_rmf_gazebo/models/actor/meshes/talk_b.dae
[4.326s] -- Installing: /home/jazzy/Desktop/dynominion_rmf/install/dynominion_rmf_gazebo/share/dynominion_rmf_gazebo/models/actor/meshes/sit_down.dae
[4.330s] -- Installing: /home/jazzy/Desktop/dynominion_rmf/install/dynominion_rmf_gazebo/share/dynominion_rmf_gazebo/models/actor/meshes/stand_up.dae
[4.333s] -- Installing: /home/jazzy/Desktop/dynominion_rmf/install/dynominion_rmf_gazebo/share/dynominion_rmf_gazebo/models/actor/meshes/run.dae
[4.337s] -- Installing: /home/jazzy/Desktop/dynominion_rmf/install/dynominion_rmf_gazebo/share/dynominion_rmf_gazebo/models/actor/meshes/sit.dae
[4.340s] -- Installing: /home/jazzy/Desktop/dynominion_rmf/install/dynominion_rmf_gazebo/share/dynominion_rmf_gazebo/models/actor/meshes/stand.dae
[4.344s] -- Installing: /home/jazzy/Desktop/dynominion_rmf/install/dynominion_rmf_gazebo/share/dynominion_rmf_gazebo/models/actor/meshes/moonwalk.dae
[4.347s] -- Installing: /home/jazzy/Desktop/dynominion_rmf/install/dynominion_rmf_gazebo/share/dynominion_rmf_gazebo/models/actor/meshes/talk_a.dae
[4.361s] -- Installing: /home/jazzy/Desktop/dynominion_rmf/install/dynominion_rmf_gazebo/share/dynominion_rmf_gazebo/models/actor/meshes/walk.dae
[4.364s] -- Installing: /home/jazzy/Desktop/dynominion_rmf/install/dynominion_rmf_gazebo/share/dynominion_rmf_gazebo/models/actor/meshes/gesture.bvh
[4.368s] -- Installing: /home/jazzy/Desktop/dynominion_rmf/install/dynominion_rmf_gazebo/share/dynominion_rmf_gazebo/models/actor/meshes/sitting.dae
[4.371s] -- Installing: /home/jazzy/Desktop/dynominion_rmf/install/dynominion_rmf_gazebo/share/dynominion_rmf_gazebo/models/actor/model.sdf
[4.372s] -- Installing: /home/jazzy/Desktop/dynominion_rmf/install/dynominion_rmf_gazebo/share/dynominion_rmf_gazebo/rviz
[4.372s] -- Installing: /home/jazzy/Desktop/dynominion_rmf/install/dynominion_rmf_gazebo/share/dynominion_rmf_gazebo/rviz/view_robot.rviz
[4.373s] -- Installing: /home/jazzy/Desktop/dynominion_rmf/install/dynominion_rmf_gazebo/share/dynominion_rmf_gazebo/worlds
[4.373s] -- Installing: /home/jazzy/Desktop/dynominion_rmf/install/dynominion_rmf_gazebo/share/dynominion_rmf_gazebo/worlds/cafe.world
[4.373s] -- Installing: /home/jazzy/Desktop/dynominion_rmf/install/dynominion_rmf_gazebo/share/dynominion_rmf_gazebo/urdf
[4.374s] -- Installing: /home/jazzy/Desktop/dynominion_rmf/install/dynominion_rmf_gazebo/share/dynominion_rmf_gazebo/urdf/gazebo_sensor_plugin.xacro
[4.374s] -- Installing: /home/jazzy/Desktop/dynominion_rmf/install/dynominion_rmf_gazebo/share/dynominion_rmf_gazebo/urdf/dynominion_rmf.urdf.xacro
[4.374s] -- Installing: /home/jazzy/Desktop/dynominion_rmf/install/dynominion_rmf_gazebo/share/dynominion_rmf_gazebo/urdf/gazebo_ros2_control.xacro
[4.374s] -- Installing: /home/jazzy/Desktop/dynominion_rmf/install/dynominion_rmf_gazebo/share/dynominion_rmf_gazebo/launch
[4.375s] -- Installing: /home/jazzy/Desktop/dynominion_rmf/install/dynominion_rmf_gazebo/share/dynominion_rmf_gazebo/launch/dynominion_rmf_gazebo.launch.py
[4.375s] -- Installing: /home/jazzy/Desktop/dynominion_rmf/install/dynominion_rmf_gazebo/share/dynominion_rmf_gazebo/launch/multi_robot_gazebo.launch.py
[4.375s] -- Installing: /home/jazzy/Desktop/dynominion_rmf/install/dynominion_rmf_gazebo/share/dynominion_rmf_gazebo/launch/rviz_model_view.launch.py
[4.375s] -- Installing: /home/jazzy/Desktop/dynominion_rmf/install/dynominion_rmf_gazebo/share/dynominion_rmf_gazebo/config
[4.375s] -- Installing: /home/jazzy/Desktop/dynominion_rmf/install/dynominion_rmf_gazebo/share/dynominion_rmf_gazebo/config/gz_bridge.yaml
[4.375s] -- Installing: /home/jazzy/Desktop/dynominion_rmf/install/dynominion_rmf_gazebo/share/dynominion_rmf_gazebo/config/multi_robot_controllers.yaml
[4.376s] -- Installing: /home/jazzy/Desktop/dynominion_rmf/install/dynominion_rmf_gazebo/share/dynominion_rmf_gazebo/config/diff_drive_controller.yaml
[4.376s] -- Installing: /home/jazzy/Desktop/dynominion_rmf/install/dynominion_rmf_gazebo/lib/dynominion_rmf_gazebo
[4.376s] -- Installing: /home/jazzy/Desktop/dynominion_rmf/install/dynominion_rmf_gazebo/lib/dynominion_rmf_gazebo/odom_modifier.py
[4.376s] -- Installing: /home/jazzy/Desktop/dynominion_rmf/install/dynominion_rmf_gazebo/lib/dynominion_rmf_gazebo/joint_state_republisher.py
[4.376s] -- Installing: /home/jazzy/Desktop/dynominion_rmf/install/dynominion_rmf_gazebo/lib/dynominion_rmf_gazebo/__init__.py
[4.376s] -- Installing: /home/jazzy/Desktop/dynominion_rmf/install/dynominion_rmf_gazebo/lib/dynominion_rmf_gazebo/static_transform_broadcaster.py
[4.377s] -- Installing: /home/jazzy/Desktop/dynominion_rmf/install/dynominion_rmf_gazebo/share/ament_index/resource_index/package_run_dependencies/dynominion_rmf_gazebo
[4.377s] -- Installing: /home/jazzy/Desktop/dynominion_rmf/install/dynominion_rmf_gazebo/share/ament_index/resource_index/parent_prefix_path/dynominion_rmf_gazebo
[4.378s] -- Installing: /home/jazzy/Desktop/dynominion_rmf/install/dynominion_rmf_gazebo/share/dynominion_rmf_gazebo/environment/ament_prefix_path.sh
[4.378s] -- Installing: /home/jazzy/Desktop/dynominion_rmf/install/dynominion_rmf_gazebo/share/dynominion_rmf_gazebo/environment/ament_prefix_path.dsv
[4.378s] -- Installing: /home/jazzy/Desktop/dynominion_rmf/install/dynominion_rmf_gazebo/share/dynominion_rmf_gazebo/environment/path.sh
[4.378s] -- Installing: /home/jazzy/Desktop/dynominion_rmf/install/dynominion_rmf_gazebo/share/dynominion_rmf_gazebo/environment/path.dsv
[4.379s] -- Installing: /home/jazzy/Desktop/dynominion_rmf/install/dynominion_rmf_gazebo/share/dynominion_rmf_gazebo/local_setup.bash
[4.379s] -- Installing: /home/jazzy/Desktop/dynominion_rmf/install/dynominion_rmf_gazebo/share/dynominion_rmf_gazebo/local_setup.sh
[4.379s] -- Installing: /home/jazzy/Desktop/dynominion_rmf/install/dynominion_rmf_gazebo/share/dynominion_rmf_gazebo/local_setup.zsh
[4.380s] -- Installing: /home/jazzy/Desktop/dynominion_rmf/install/dynominion_rmf_gazebo/share/dynominion_rmf_gazebo/local_setup.dsv
[4.380s] -- Installing: /home/jazzy/Desktop/dynominion_rmf/install/dynominion_rmf_gazebo/share/dynominion_rmf_gazebo/package.dsv
[4.380s] -- Installing: /home/jazzy/Desktop/dynominion_rmf/install/dynominion_rmf_gazebo/share/ament_index/resource_index/packages/dynominion_rmf_gazebo
[4.381s] -- Installing: /home/jazzy/Desktop/dynominion_rmf/install/dynominion_rmf_gazebo/share/dynominion_rmf_gazebo/cmake/dynominion_rmf_gazeboConfig.cmake
[4.381s] -- Installing: /home/jazzy/Desktop/dynominion_rmf/install/dynominion_rmf_gazebo/share/dynominion_rmf_gazebo/cmake/dynominion_rmf_gazeboConfig-version.cmake
[4.381s] -- Installing: /home/jazzy/Desktop/dynominion_rmf/install/dynominion_rmf_gazebo/share/dynominion_rmf_gazebo/package.xml
[4.385s] Invoked command in '/home/jazzy/Desktop/dynominion_rmf/build/dynominion_rmf_gazebo' returned '0': CMAKE_PREFIX_PATH=${CMAKE_PREFIX_PATH}:/home/jazzy/Desktop/dynominion_rmf/install/teleop_robot:/opt/ros/jazzy DEBUGINFOD_URLS=https://debuginfod.ubuntu.com /usr/bin/cmake --install /home/jazzy/Desktop/dynominion_rmf/build/dynominion_rmf_gazebo
